
Discarded input sections

 .note.GNU-stack
                0x0000000000000000        0x0 /usr/lib/gcc/x86_64-linux-gnu/4.3.3/../../../../lib/crti.o
 .note.GNU-stack
                0x0000000000000000        0x0 /usr/lib/gcc/x86_64-linux-gnu/4.3.3/crtbeginS.o
 DW.ref.__gxx_personality_v0
                0x0000000000000000        0x0 channel.o
 .note.GNU-stack
                0x0000000000000000        0x0 channel.o
 _ZN17CCCVirtualFactoryD1Ev
                0x0000000000000000        0x0 core.o
 _ZN10CCCFactoryI6CUDTCCED1Ev
                0x0000000000000000        0x0 core.o
 _ZN10CCCFactoryI6CUDTCCE5cloneEv
                0x0000000000000000        0x0 core.o
 _ZN10CCCFactoryI6CUDTCCED0Ev
                0x0000000000000000        0x0 core.o
 _ZN17CCCVirtualFactoryD0Ev
                0x0000000000000000        0x0 core.o
 _ZN10CCCFactoryI6CUDTCCE6createEv
                0x0000000000000000        0x0 core.o
 _ZTV10CCCFactoryI6CUDTCCE
                0x0000000000000000        0x0 core.o
 _ZTI10CCCFactoryI6CUDTCCE
                0x0000000000000000        0x0 core.o
 _ZTS10CCCFactoryI6CUDTCCE
                0x0000000000000000        0x0 core.o
 _ZTI17CCCVirtualFactory
                0x0000000000000000        0x0 core.o
 _ZTS17CCCVirtualFactory
                0x0000000000000000        0x0 core.o
 _ZTV17CCCVirtualFactory
                0x0000000000000000        0x0 core.o
 DW.ref.__gxx_personality_v0
                0x0000000000000000        0x0 core.o
 .data.DW.ref.__gxx_personality_v0
                0x0000000000000000        0x0 core.o
 .note.GNU-stack
                0x0000000000000000        0x0 core.o
 _ZTV13CUDTException
                0x0000000000000000        0x0 common.o
 _ZTS13CUDTException
                0x0000000000000000        0x0 common.o
 _ZTI13CUDTException
                0x0000000000000000        0x0 common.o
 DW.ref.__gxx_personality_v0
                0x0000000000000000        0x0 common.o
 .data.DW.ref.__gxx_personality_v0
                0x0000000000000000        0x0 common.o
 .note.GNU-stack
                0x0000000000000000        0x0 common.o
 DW.ref.__gxx_personality_v0
                0x0000000000000000        0x0 packet.o
 .data.DW.ref.__gxx_personality_v0
                0x0000000000000000        0x0 packet.o
 .note.GNU-stack
                0x0000000000000000        0x0 packet.o
 _ZN7JNIEnv_16CallObjectMethodEP8_jobjectP10_jmethodIDz
                0x0000000000000000        0x0 com_barchart_udt_SocketUDT.o
 _ZN7JNIEnv_17CallBooleanMethodEP8_jobjectP10_jmethodIDz
                0x0000000000000000        0x0 com_barchart_udt_SocketUDT.o
 _ZN7JNIEnv_13CallIntMethodEP8_jobjectP10_jmethodIDz
                0x0000000000000000        0x0 com_barchart_udt_SocketUDT.o
 _ZN7JNIEnv_14CallLongMethodEP8_jobjectP10_jmethodIDz
                0x0000000000000000        0x0 com_barchart_udt_SocketUDT.o
 _ZN7JNIEnv_9NewObjectEP7_jclassP10_jmethodIDz
                0x0000000000000000        0x0 com_barchart_udt_SocketUDT.o
 _ZNSt6vectorIiSaIiEED1Ev
                0x0000000000000000        0x0 com_barchart_udt_SocketUDT.o
 _ZNSt8_Rb_treeIiiSt9_IdentityIiESt4lessIiESaIiEE8_M_eraseEPSt13_Rb_tree_nodeIiE
                0x0000000000000000        0x0 com_barchart_udt_SocketUDT.o
 _ZNSt3setIiSt4lessIiESaIiEED1Ev
                0x0000000000000000        0x0 com_barchart_udt_SocketUDT.o
 _ZNSt6vectorIiSaIiEE13_M_insert_auxEN9__gnu_cxx17__normal_iteratorIPiS1_EERKi
                0x0000000000000000        0x0 com_barchart_udt_SocketUDT.o
 DW.ref.__gxx_personality_v0
                0x0000000000000000        0x0 com_barchart_udt_SocketUDT.o
 .data.DW.ref.__gxx_personality_v0
                0x0000000000000000        0x0 com_barchart_udt_SocketUDT.o
 .note.GNU-stack
                0x0000000000000000        0x0 com_barchart_udt_SocketUDT.o
 _ZN10CUDTUnited10TLSDestroyEPv
                0x0000000000000000        0x0 api.o
 _ZNSt8_Rb_treeIiSt4pairIKiP10CUDTSocketESt10_Select1stIS4_ESt4lessIiESaIS4_EE10_M_insert_EPKSt18_Rb_tree_node_baseSD_RKS4_
                0x0000000000000000        0x0 api.o
 _ZNSt8_Rb_treeIiiSt9_IdentityIiESt4lessIiESaIiEE10_M_insert_EPKSt18_Rb_tree_node_baseS8_RKi
                0x0000000000000000        0x0 api.o
 _ZNSt8_Rb_treeIiSt4pairIKiP10CUDTSocketESt10_Select1stIS4_ESt4lessIiESaIS4_EE8_M_eraseEPSt13_Rb_tree_nodeIS4_E
                0x0000000000000000        0x0 api.o
 _ZNSt3mapIiP10CUDTSocketSt4lessIiESaISt4pairIKiS1_EEED1Ev
                0x0000000000000000        0x0 api.o
 _ZNSt8_Rb_treeIiiSt9_IdentityIiESt4lessIiESaIiEE8_M_eraseEPSt13_Rb_tree_nodeIiE
                0x0000000000000000        0x0 api.o
 _ZNSt3setIiSt4lessIiESaIiEED1Ev
                0x0000000000000000        0x0 api.o
 _ZNSt8_Rb_treeIiiSt9_IdentityIiESt4lessIiESaIiEE7_M_copyEPKSt13_Rb_tree_nodeIiEPS7_
                0x0000000000000000        0x0 api.o
 _ZNSt6vectorIP10CUDTSocketSaIS1_EE13_M_insert_auxEN9__gnu_cxx17__normal_iteratorIPS1_S3_EERKS1_
                0x0000000000000000        0x0 api.o
 _ZNSt6vectorIiSaIiEE13_M_insert_auxEN9__gnu_cxx17__normal_iteratorIPiS1_EERKi
                0x0000000000000000        0x0 api.o
 _ZNSt6vectorI12CMultiplexerSaIS0_EE13_M_insert_auxEN9__gnu_cxx17__normal_iteratorIPS0_S2_EERKS0_
                0x0000000000000000        0x0 api.o
 _ZNSt8_Rb_treeIiiSt9_IdentityIiESt4lessIiESaIiEE16_M_insert_uniqueERKi
                0x0000000000000000        0x0 api.o
 _ZNSt8_Rb_treeIiSt4pairIKiP10CUDTSocketESt10_Select1stIS4_ESt4lessIiESaIS4_EE16_M_insert_uniqueERKS4_
                0x0000000000000000        0x0 api.o
 _ZNSt3setIiSt4lessIiESaIiEE6insertERKi
                0x0000000000000000        0x0 api.o
 _ZNSt8_Rb_treeIiSt4pairIKiP10CUDTSocketESt10_Select1stIS4_ESt4lessIiESaIS4_EE17_M_insert_unique_ESt23_Rb_tree_const_iteratorIS4_ERKS4_
                0x0000000000000000        0x0 api.o
 _ZNSt3mapIiP10CUDTSocketSt4lessIiESaISt4pairIKiS1_EEEixERS5_
                0x0000000000000000        0x0 api.o
 _ZNSt8_Rb_treeIiiSt9_IdentityIiESt4lessIiESaIiEE17_M_insert_unique_ESt23_Rb_tree_const_iteratorIiERKi
                0x0000000000000000        0x0 api.o
 DW.ref._ZTI13CUDTException
                0x0000000000000000        0x0 api.o
 DW.ref._ZTISt9bad_alloc
                0x0000000000000000        0x0 api.o
 DW.ref.__gxx_personality_v0
                0x0000000000000000        0x0 api.o
 .text._ZNSt8_Rb_treeIiiSt9_IdentityIiESt4lessIiESaIiEE8_M_eraseEPSt13_Rb_tree_nodeIiE
                0x0000000000000000        0x0 api.o
 .text._ZNSt3setIiSt4lessIiESaIiEED1Ev
                0x0000000000000000        0x0 api.o
 .text._ZNSt6vectorIiSaIiEE13_M_insert_auxEN9__gnu_cxx17__normal_iteratorIPiS1_EERKi
                0x0000000000000000        0x0 api.o
 .data.DW.ref.__gxx_personality_v0
                0x0000000000000000        0x0 api.o
 .note.GNU-stack
                0x0000000000000000        0x0 api.o
 _ZN3CCC4initEv
                0x0000000000000000        0x0 ccc.o
 _ZN3CCC5closeEv
                0x0000000000000000        0x0 ccc.o
 _ZN3CCC5onACKERKi
                0x0000000000000000        0x0 ccc.o
 _ZN3CCC6onLossEPKiRS0_
                0x0000000000000000        0x0 ccc.o
 _ZN3CCC9onTimeoutEv
                0x0000000000000000        0x0 ccc.o
 _ZN3CCC9onPktSentEPK7CPacket
                0x0000000000000000        0x0 ccc.o
 _ZN3CCC13onPktReceivedEPK7CPacket
                0x0000000000000000        0x0 ccc.o
 _ZN3CCC16processCustomMsgEPK7CPacket
                0x0000000000000000        0x0 ccc.o
 _ZN6CUDTCCD0Ev
                0x0000000000000000        0x0 ccc.o
 _ZN6CUDTCCD1Ev
                0x0000000000000000        0x0 ccc.o
 _ZTV6CUDTCC    0x0000000000000000        0x0 ccc.o
 _ZTV3CCC       0x0000000000000000        0x0 ccc.o
 _ZTS6CUDTCC    0x0000000000000000        0x0 ccc.o
 _ZTI6CUDTCC    0x0000000000000000        0x0 ccc.o
 _ZTS3CCC       0x0000000000000000        0x0 ccc.o
 _ZTI3CCC       0x0000000000000000        0x0 ccc.o
 DW.ref.__gxx_personality_v0
                0x0000000000000000        0x0 ccc.o
 .data.DW.ref.__gxx_personality_v0
                0x0000000000000000        0x0 ccc.o
 .note.GNU-stack
                0x0000000000000000        0x0 ccc.o
 DW.ref.__gxx_personality_v0
                0x0000000000000000        0x0 buffer.o
 .data.DW.ref.__gxx_personality_v0
                0x0000000000000000        0x0 buffer.o
 .note.GNU-stack
                0x0000000000000000        0x0 buffer.o
 DW.ref.__gxx_personality_v0
                0x0000000000000000        0x0 window.o
 .data.DW.ref.__gxx_personality_v0
                0x0000000000000000        0x0 window.o
 .note.GNU-stack
                0x0000000000000000        0x0 window.o
 DW.ref.__gxx_personality_v0
                0x0000000000000000        0x0 md5.o
 .data.DW.ref.__gxx_personality_v0
                0x0000000000000000        0x0 md5.o
 .note.GNU-stack
                0x0000000000000000        0x0 md5.o
 DW.ref.__gxx_personality_v0
                0x0000000000000000        0x0 list.o
 .data.DW.ref.__gxx_personality_v0
                0x0000000000000000        0x0 list.o
 .note.GNU-stack
                0x0000000000000000        0x0 list.o
 _ZNSt8_Rb_treeIP10CInfoBlockS1_St9_IdentityIS1_E7CIPCompSaIS1_EE8_M_eraseEPSt13_Rb_tree_nodeIS1_E
                0x0000000000000000        0x0 cache.o
 _ZNSt3setIP10CInfoBlock7CIPCompSaIS1_EED1Ev
                0x0000000000000000        0x0 cache.o
 _ZNSt8_Rb_treeIP10CInfoBlockS1_St9_IdentityIS1_E7CIPCompSaIS1_EE5eraseERKS1_
                0x0000000000000000        0x0 cache.o
 _ZNSt8_Rb_treeIP10CInfoBlockS1_St9_IdentityIS1_E7CTSCompSaIS1_EE8_M_eraseEPSt13_Rb_tree_nodeIS1_E
                0x0000000000000000        0x0 cache.o
 _ZNSt8_Rb_treeIP10CInfoBlockS1_St9_IdentityIS1_E7CTSCompSaIS1_EE5eraseERKS1_
                0x0000000000000000        0x0 cache.o
 DW.ref.__gxx_personality_v0
                0x0000000000000000        0x0 cache.o
 .data.DW.ref.__gxx_personality_v0
                0x0000000000000000        0x0 cache.o
 .note.GNU-stack
                0x0000000000000000        0x0 cache.o
 _ZNSt8_Rb_treeIiSt4pairIKiP7CPacketESt10_Select1stIS4_ESt4lessIiESaIS4_EE10_M_insert_EPKSt18_Rb_tree_node_baseSD_RKS4_
                0x0000000000000000        0x0 queue.o
 _ZNSt8_Rb_treeIiSt4pairIKiP7CPacketESt10_Select1stIS4_ESt4lessIiESaIS4_EE8_M_eraseEPSt13_Rb_tree_nodeIS4_E
                0x0000000000000000        0x0 queue.o
 _ZNSt6vectorIN16CRendezvousQueue3CRLESaIS1_EE13_M_insert_auxEN9__gnu_cxx17__normal_iteratorIPS1_S3_EERKS1_
                0x0000000000000000        0x0 queue.o
 _ZNSt6vectorIP4CUDTSaIS1_EE13_M_insert_auxEN9__gnu_cxx17__normal_iteratorIPS1_S3_EERKS1_
                0x0000000000000000        0x0 queue.o
 _ZNSt8_Rb_treeIiSt4pairIKiP7CPacketESt10_Select1stIS4_ESt4lessIiESaIS4_EE16_M_insert_uniqueERKS4_
                0x0000000000000000        0x0 queue.o
 _ZNSt8_Rb_treeIiSt4pairIKiP7CPacketESt10_Select1stIS4_ESt4lessIiESaIS4_EE17_M_insert_unique_ESt23_Rb_tree_const_iteratorIS4_ERKS4_
                0x0000000000000000        0x0 queue.o
 DW.ref.__gxx_personality_v0
                0x0000000000000000        0x0 queue.o
 .data.DW.ref.__gxx_personality_v0
                0x0000000000000000        0x0 queue.o
 .note.GNU-stack
                0x0000000000000000        0x0 queue.o
 .note.GNU-stack
                0x0000000000000000        0x0 /usr/lib/gcc/x86_64-linux-gnu/4.3.3/crtendS.o
 .note.GNU-stack
                0x0000000000000000        0x0 /usr/lib/gcc/x86_64-linux-gnu/4.3.3/../../../../lib/crtn.o

Memory Configuration

Name             Origin             Length             Attributes
*default*        0x0000000000000000 0xffffffffffffffff

Linker script and memory map

LOAD /usr/lib/gcc/x86_64-linux-gnu/4.3.3/../../../../lib/crti.o
LOAD /usr/lib/gcc/x86_64-linux-gnu/4.3.3/crtbeginS.o
LOAD channel.o
LOAD core.o
LOAD common.o
LOAD packet.o
LOAD com_barchart_udt_SocketUDT.o
LOAD api.o
LOAD ccc.o
LOAD buffer.o
LOAD window.o
LOAD md5.o
LOAD list.o
LOAD cache.o
LOAD queue.o
LOAD /usr/lib/gcc/x86_64-linux-gnu/4.3.3/libstdc++.so
LOAD /usr/lib/gcc/x86_64-linux-gnu/4.3.3/../../../../lib/libpthread.so
START GROUP
LOAD /lib/libpthread.so.0
LOAD /usr/lib/libpthread_nonshared.a
END GROUP
LOAD /usr/lib/gcc/x86_64-linux-gnu/4.3.3/libgcc.a
LOAD /usr/lib/gcc/x86_64-linux-gnu/4.3.3/libgcc_s.so
LOAD /usr/lib/gcc/x86_64-linux-gnu/4.3.3/../../../../lib/libc.so
START GROUP
LOAD /lib/libc.so.6
LOAD /usr/lib/libc_nonshared.a
LOAD /lib/ld-linux-x86-64.so.2
END GROUP
LOAD /usr/lib/gcc/x86_64-linux-gnu/4.3.3/libgcc.a
LOAD /usr/lib/gcc/x86_64-linux-gnu/4.3.3/libgcc_s.so
LOAD /usr/lib/gcc/x86_64-linux-gnu/4.3.3/crtendS.o
LOAD /usr/lib/gcc/x86_64-linux-gnu/4.3.3/../../../../lib/crtn.o
                0x0000000000000190                . = (0x0 + SIZEOF_HEADERS)

.note.gnu.build-id
 *(.note.gnu.build-id)

.hash           0x0000000000000190     0x11dc
 *(.hash)
 .hash          0x0000000000000190     0x11dc /usr/lib/gcc/x86_64-linux-gnu/4.3.3/../../../../lib/crti.o

.gnu.hash       0x0000000000001370     0x127c
 *(.gnu.hash)
 .gnu.hash      0x0000000000001370     0x127c /usr/lib/gcc/x86_64-linux-gnu/4.3.3/../../../../lib/crti.o

.dynsym         0x00000000000025f0     0x3a20
 *(.dynsym)
 .dynsym        0x00000000000025f0     0x3a20 /usr/lib/gcc/x86_64-linux-gnu/4.3.3/../../../../lib/crti.o

.dynstr         0x0000000000006010     0x4817
 *(.dynstr)
 .dynstr        0x0000000000006010     0x4817 /usr/lib/gcc/x86_64-linux-gnu/4.3.3/../../../../lib/crti.o

.gnu.version    0x000000000000a828      0x4d8
 *(.gnu.version)
 .gnu.version   0x000000000000a828      0x4d8 /usr/lib/gcc/x86_64-linux-gnu/4.3.3/../../../../lib/crti.o

.gnu.version_d  0x000000000000ad00        0x0
 *(.gnu.version_d)
 .gnu.version_d
                0x0000000000000000        0x0 /usr/lib/gcc/x86_64-linux-gnu/4.3.3/../../../../lib/crti.o

.gnu.version_r  0x000000000000ad00       0xd0
 *(.gnu.version_r)
 .gnu.version_r
                0x000000000000ad00       0xd0 /usr/lib/gcc/x86_64-linux-gnu/4.3.3/../../../../lib/crti.o

.rel.dyn
 *(.rel.init)
 *(.rel.text .rel.text.* .rel.gnu.linkonce.t.*)
 *(.rel.fini)
 *(.rel.rodata .rel.rodata.* .rel.gnu.linkonce.r.*)
 *(.rel.data.rel.ro* .rel.gnu.linkonce.d.rel.ro.*)
 *(.rel.data .rel.data.* .rel.gnu.linkonce.d.*)
 *(.rel.tdata .rel.tdata.* .rel.gnu.linkonce.td.*)
 *(.rel.tbss .rel.tbss.* .rel.gnu.linkonce.tb.*)
 *(.rel.ctors)
 *(.rel.dtors)
 *(.rel.got)
 *(.rel.bss .rel.bss.* .rel.gnu.linkonce.b.*)
 *(.rel.ldata .rel.ldata.* .rel.gnu.linkonce.l.*)
 *(.rel.lbss .rel.lbss.* .rel.gnu.linkonce.lb.*)
 *(.rel.lrodata .rel.lrodata.* .rel.gnu.linkonce.lr.*)

.rela.dyn       0x000000000000add0      0x840
 *(.rela.init)
 *(.rela.text .rela.text.* .rela.gnu.linkonce.t.*)
 .rela.text     0x0000000000000000        0x0 /usr/lib/gcc/x86_64-linux-gnu/4.3.3/../../../../lib/crti.o
 *(.rela.fini)
 *(.rela.rodata .rela.rodata.* .rela.gnu.linkonce.r.*)
 *(.rela.data .rela.data.* .rela.gnu.linkonce.d.*)
 .rela.data.rel
                0x000000000000add0       0x18 /usr/lib/gcc/x86_64-linux-gnu/4.3.3/../../../../lib/crti.o
 .rela.data.DW.ref.__gxx_personality_v0
                0x000000000000ade8       0x18 /usr/lib/gcc/x86_64-linux-gnu/4.3.3/../../../../lib/crti.o
 .rela.data.rel.ro._ZTV10CCCFactoryI6CUDTCCE
                0x000000000000ae00       0x78 /usr/lib/gcc/x86_64-linux-gnu/4.3.3/../../../../lib/crti.o
 .rela.data.rel.ro._ZTI10CCCFactoryI6CUDTCCE
                0x000000000000ae78       0x48 /usr/lib/gcc/x86_64-linux-gnu/4.3.3/../../../../lib/crti.o
 .rela.data.rel.ro._ZTI17CCCVirtualFactory
                0x000000000000aec0       0x30 /usr/lib/gcc/x86_64-linux-gnu/4.3.3/../../../../lib/crti.o
 .rela.data.rel.ro._ZTV17CCCVirtualFactory
                0x000000000000aef0       0x78 /usr/lib/gcc/x86_64-linux-gnu/4.3.3/../../../../lib/crti.o
 .rela.data.rel.ro._ZTV13CUDTException
                0x000000000000af68       0x90 /usr/lib/gcc/x86_64-linux-gnu/4.3.3/../../../../lib/crti.o
 .rela.data.rel.ro._ZTI13CUDTException
                0x000000000000aff8       0x30 /usr/lib/gcc/x86_64-linux-gnu/4.3.3/../../../../lib/crti.o
 .rela.data.DW.ref._ZTI13CUDTException
                0x000000000000b028       0x18 /usr/lib/gcc/x86_64-linux-gnu/4.3.3/../../../../lib/crti.o
 .rela.data.DW.ref._ZTISt9bad_alloc
                0x000000000000b040       0x18 /usr/lib/gcc/x86_64-linux-gnu/4.3.3/../../../../lib/crti.o
 .rela.data.rel.ro._ZTV6CUDTCC
                0x000000000000b058      0x108 /usr/lib/gcc/x86_64-linux-gnu/4.3.3/../../../../lib/crti.o
 .rela.data.rel.ro._ZTV3CCC
                0x000000000000b160      0x108 /usr/lib/gcc/x86_64-linux-gnu/4.3.3/../../../../lib/crti.o
 .rela.data.rel.ro._ZTI6CUDTCC
                0x000000000000b268       0x48 /usr/lib/gcc/x86_64-linux-gnu/4.3.3/../../../../lib/crti.o
 .rela.data.rel.ro._ZTI3CCC
                0x000000000000b2b0       0x30 /usr/lib/gcc/x86_64-linux-gnu/4.3.3/../../../../lib/crti.o
 *(.rela.tdata .rela.tdata.* .rela.gnu.linkonce.td.*)
 *(.rela.tbss .rela.tbss.* .rela.gnu.linkonce.tb.*)
 *(.rela.ctors)
 .rela.ctors    0x000000000000b2e0       0x30 /usr/lib/gcc/x86_64-linux-gnu/4.3.3/../../../../lib/crti.o
 *(.rela.dtors)
 *(.rela.got)
 .rela.got      0x000000000000b310      0x300 /usr/lib/gcc/x86_64-linux-gnu/4.3.3/../../../../lib/crti.o
 *(.rela.bss .rela.bss.* .rela.gnu.linkonce.b.*)
 *(.rela.ldata .rela.ldata.* .rela.gnu.linkonce.l.*)
 *(.rela.lbss .rela.lbss.* .rela.gnu.linkonce.lb.*)
 *(.rela.lrodata .rela.lrodata.* .rela.gnu.linkonce.lr.*)
 .rela.eh_frame
                0x0000000000000000        0x0 /usr/lib/gcc/x86_64-linux-gnu/4.3.3/../../../../lib/crti.o
 .rela.gcc_except_table
                0x0000000000000000        0x0 /usr/lib/gcc/x86_64-linux-gnu/4.3.3/../../../../lib/crti.o

.rel.plt
 *(.rel.plt)

.rela.plt       0x000000000000b610     0x24d8
 *(.rela.plt)
 .rela.plt      0x000000000000b610     0x24d8 /usr/lib/gcc/x86_64-linux-gnu/4.3.3/../../../../lib/crti.o

.init           0x000000000000dae8       0x18
 *(.init)
 .init          0x000000000000dae8        0x9 /usr/lib/gcc/x86_64-linux-gnu/4.3.3/../../../../lib/crti.o
                0x000000000000dae8                _init
 .init          0x000000000000daf1        0x5 /usr/lib/gcc/x86_64-linux-gnu/4.3.3/crtbeginS.o
 .init          0x000000000000daf6        0x5 /usr/lib/gcc/x86_64-linux-gnu/4.3.3/crtendS.o
 .init          0x000000000000dafb        0x5 /usr/lib/gcc/x86_64-linux-gnu/4.3.3/../../../../lib/crtn.o

.plt            0x000000000000db00     0x18a0
 *(.plt)
 .plt           0x000000000000db00     0x18a0 /usr/lib/gcc/x86_64-linux-gnu/4.3.3/../../../../lib/crti.o

.text           0x000000000000f3a0    0x1f408
 *(.text .stub .text.* .gnu.linkonce.t.*)
 .text          0x000000000000f3a0       0x17 /usr/lib/gcc/x86_64-linux-gnu/4.3.3/../../../../lib/crti.o
 *fill*         0x000000000000f3b7        0x9 90909090
 .text          0x000000000000f3c0       0xb2 /usr/lib/gcc/x86_64-linux-gnu/4.3.3/crtbeginS.o
 *fill*         0x000000000000f472        0xe 90909090
 .text          0x000000000000f480      0x732 channel.o
                0x000000000000f8c0                _ZNK8CChannel5closeEv
                0x000000000000f880                _ZN8CChannel13getSndBufSizeEv
                0x000000000000f500                _ZN8CChannelC1ERKi
                0x000000000000f9f0                _ZN8CChannel4openEPK8sockaddr
                0x000000000000f480                _ZN8CChannelC2Ev
                0x000000000000f530                _ZN8CChannelD1Ev
                0x000000000000f810                _ZNK8CChannel11getSockAddrEP8sockaddr
                0x000000000000f560                _ZNK8CChannel8recvfromEP8sockaddrR7CPacket
                0x000000000000f9e0                _ZN8CChannel4openEi
                0x000000000000f4e0                _ZN8CChannelC2ERKi
                0x000000000000f550                _ZN8CChannel13setRcvBufSizeERKi
                0x000000000000f540                _ZN8CChannel13setSndBufSizeERKi
                0x000000000000f670                _ZNK8CChannel6sendtoEPK8sockaddrR7CPacket
                0x000000000000f7e0                _ZNK8CChannel11getPeerAddrEP8sockaddr
                0x000000000000f4b0                _ZN8CChannelC1Ev
                0x000000000000f840                _ZN8CChannel13getRcvBufSizeEv
                0x000000000000f520                _ZN8CChannelD2Ev
                0x000000000000f8d0                _ZN8CChannel13setUDPSockOptEv
 *fill*         0x000000000000fbb2        0xe 90909090
 .text          0x000000000000fbc0     0x6ba6 core.o
                0x0000000000014d00                _ZN4CUDTC2Ev
                0x0000000000014550                _ZN4CUDT4recvEPcRKi
                0x0000000000012670                _ZN4CUDT6setOptE6UDTOptPKvRKi
                0x0000000000012230                _ZN4CUDTC2ERKS_
                0x000000000000fec0                _ZN4CUDT12releaseSynchEv
                0x0000000000012390                _ZN4CUDT6getOptE6UDTOptPvRi
                0x0000000000014e50                _ZN4CUDT7connectEPK8sockaddr
                0x0000000000010b80                _ZN4CUDT11processDataEP5CUnit
                0x0000000000015b60                _ZN4CUDT7connectEPK8sockaddrP10CHandShake
                0x0000000000014150                _ZN4CUDT4sendEPKcRKi
                0x00000000000139a0                _ZN4CUDT7recvmsgEPcRKi
                0x0000000000011fc0                _ZN4CUDT12destroySynchEv
                0x0000000000013d40                _ZN4CUDT7sendmsgEPKcRKiS3_RKb
                0x0000000000016200                _ZN4CUDT4openEv
                0x0000000000013250                _ZN4CUDT8recvfileERSt13basic_fstreamIcSt11char_traitsIcEERKlS6_RKi
                0x0000000000011280                _ZN4CUDT11processCtrlER7CPacket
                0x0000000000012040                _ZN4CUDT9initSynchEv
                0x0000000000010650                _ZN4CUDT11checkTimersEv
                0x0000000000012db0                _ZN4CUDT6sampleEP8CPerfMonb
                0x00000000000120d0                _ZN4CUDTC1ERKS_
                0x0000000000016640                _ZN4CUDTD2Ev
                0x0000000000014bb0                _ZN4CUDTC1Ev
                0x0000000000016510                _ZN4CUDTD1Ev
                0x000000000000ff50                _ZN4CUDT8sendCtrlERKiPvS2_S1_
                0x0000000000016090                _ZN4CUDT6listenEv
                0x0000000000010ea0                _ZN4CUDT8packDataER7CPacketRm
                0x00000000000135d0                _ZN4CUDT8sendfileERSt13basic_fstreamIcSt11char_traitsIcEERKlS6_RKi
                0x000000000000fc00                _ZN4CUDT6listenEP8sockaddrR7CPacket
                0x0000000000014950                _ZN4CUDT5closeEv
 *fill*         0x0000000000016766        0xa 90909090
 .text._ZN17CCCVirtualFactoryD1Ev
                0x0000000000016770       0x14 core.o
                0x0000000000016770                _ZN17CCCVirtualFactoryD1Ev
 *fill*         0x0000000000016784        0xc 90909090
 .text._ZN10CCCFactoryI6CUDTCCED1Ev
                0x0000000000016790       0x14 core.o
                0x0000000000016790                _ZN10CCCFactoryI6CUDTCCED1Ev
 *fill*         0x00000000000167a4        0xc 90909090
 .text._ZN10CCCFactoryI6CUDTCCE5cloneEv
                0x00000000000167b0       0x1e core.o
                0x00000000000167b0                _ZN10CCCFactoryI6CUDTCCE5cloneEv
 *fill*         0x00000000000167ce        0x2 90909090
 .text._ZN10CCCFactoryI6CUDTCCED0Ev
                0x00000000000167d0       0x18 core.o
                0x00000000000167d0                _ZN10CCCFactoryI6CUDTCCED0Ev
 *fill*         0x00000000000167e8        0x8 90909090
 .text._ZN17CCCVirtualFactoryD0Ev
                0x00000000000167f0       0x18 core.o
                0x00000000000167f0                _ZN17CCCVirtualFactoryD0Ev
 *fill*         0x0000000000016808        0x8 90909090
 .text._ZN10CCCFactoryI6CUDTCCE6createEv
                0x0000000000016810       0x46 core.o
                0x0000000000016810                _ZN10CCCFactoryI6CUDTCCE6createEv
 *fill*         0x0000000000016856        0xa 90909090
 .text          0x0000000000016860      0xea9 common.o
                0x0000000000016ea0                _ZN6CTimer12triggerEventEv
                0x0000000000016880                _ZN6CTimer15getCPUFrequencyEv
                0x00000000000170b0                _ZN13CUDTExceptionD0Ev
                0x0000000000016ac0                _ZN4CMD57computeEPKcPh
                0x0000000000016c50                _ZN6CGuard7enterCSER15pthread_mutex_t
                0x0000000000016950                _ZN10CIPAddress5ipcmpEPK8sockaddrS2_RKi
                0x0000000000016860                _ZN6CTimer5rdtscERm
                0x0000000000016930                _ZN13CUDTException5clearEv
                0x0000000000016cf0                _ZN6CTimer12waitForEventEv
                0x0000000000016fa0                _ZN6CTimerD2Ev
                0x0000000000016c10                _ZN6CGuardD1Ev
                0x0000000000016a70                _ZN10CIPAddress4ptonEP8sockaddrPKjRKi
                0x0000000000016c90                _ZN6CGuardC2ER15pthread_mutex_t
                0x0000000000016cc0                _ZN6CTimer7getTimeEv
                0x0000000000016fd0                _ZN6CTimerC1Ev
                0x0000000000016c30                _ZN6CGuardD2Ev
                0x0000000000016ef0                _ZN6CTimer16readCPUFrequencyEv
                0x0000000000016b40                _ZN13CUDTExceptionC1Eiii
                0x0000000000016e60                _ZN6CTimer5sleepERKm
                0x00000000000168d0                _ZN13CUDTExceptionC1ERKS_
                0x0000000000016d80                _ZN6CTimer7sleeptoERKm
                0x0000000000016ec0                _ZN6CTimer4tickEv
                0x0000000000016ed0                _ZN6CTimer9interruptEv
                0x0000000000016910                _ZNK13CUDTException12getErrorCodeEv
                0x00000000000169c0                _ZN10CIPAddress4ntopEPK8sockaddrPjRKi
                0x0000000000017120                _ZN13CUDTExceptionD1Ev
                0x0000000000016c00                _ZN6CGuard7leaveCSER15pthread_mutex_t
                0x0000000000016ba0                _ZN13CUDTExceptionC2Eiii
                0x0000000000017180                _ZN13CUDTExceptionD2Ev
                0x00000000000171e0                _ZN13CUDTException15getErrorMessageEv
                0x0000000000017040                _ZN6CTimerC2Ev
                0x0000000000016890                _ZN13CUDTExceptionC2ERKS_
                0x0000000000016f70                _ZN6CTimerD1Ev
                0x0000000000016c60                _ZN6CGuardC1ER15pthread_mutex_t
 *fill*         0x0000000000017709        0x7 90909090
 .text          0x0000000000017710      0x2c4 packet.o
                0x0000000000017920                _ZNK7CPacket15getMsgOrderFlagEv
                0x0000000000017790                _ZN7CPacketD2Ev
                0x0000000000017900                _ZNK7CPacket11getAckSeqNoEv
                0x0000000000017930                _ZNK7CPacket9getMsgSeqEv
                0x0000000000017710                _ZN7CPacketC2Ev
                0x00000000000178f0                _ZNK7CPacket15getExtendedTypeEv
                0x00000000000177a0                _ZN7CPacketD1Ev
                0x00000000000178c0                _ZN7CPacket15getPacketVectorEv
                0x0000000000017910                _ZNK7CPacket14getMsgBoundaryEv
                0x00000000000177d0                _ZN7CPacket4packERKiPvS2_S1_
                0x00000000000178e0                _ZNK7CPacket7getTypeEv
                0x00000000000178d0                _ZNK7CPacket7getFlagEv
                0x0000000000017750                _ZN7CPacketC1Ev
                0x00000000000177c0                _ZN7CPacket9setLengthERKi
                0x0000000000017940                _ZNK7CPacket5cloneEv
                0x00000000000177b0                _ZNK7CPacket9getLengthEv
 *fill*         0x00000000000179d4        0xc 90909090
 .text          0x00000000000179e0     0x44ea com_barchart_udt_SocketUDT.o
                0x00000000000181d0                Java_com_barchart_udt_SocketUDT_testCrashJVM0
                0x0000000000019160                X_NewInetAddress
                0x000000000001a5a0                Java_com_barchart_udt_SocketUDT_initInstance0
                0x00000000000181f0                Java_com_barchart_udt_SocketUDT_testDirectBufferAccess0
                0x00000000000199e0                Java_com_barchart_udt_SocketUDT_receive2
                0x0000000000017a20                UDT_SetSocketID
                0x0000000000018340                Java_com_barchart_udt_SocketUDT_getErrorMessage0
                0x0000000000017a00                UDT_GetSocketID
                0x00000000000188b0                UDT_ThrowExceptionUDT_ErrorInfo
                0x0000000000019dc0                Java_com_barchart_udt_SocketUDT_listen0
                0x0000000000019950                UDT_ReturnReceiveError
                0x0000000000018ef0                UDT_ThrowExceptionUDT_Message
                0x0000000000018f70                X_IsValidRange
                0x0000000000018a00                Java_com_barchart_udt_SocketUDT_initInstance1
                0x000000000001b6a0                Java_com_barchart_udt_SocketUDT_selectEx1
                0x000000000001a350                Java_com_barchart_udt_SocketUDT_close0
                0x0000000000018410                UDT_CopySetToArray
                0x0000000000018250                Java_com_barchart_udt_SocketUDT_testFillArray0
                0x000000000001ad80                Java_com_barchart_udt_SocketUDT_connect0
                0x0000000000019830                Java_com_barchart_udt_SocketUDT_send0
                0x000000000001a300                UDT_IsSocketOpen
                0x0000000000018770                X_InitMethodRef
                0x000000000001a410                Java_com_barchart_udt_SocketUDT_accept0
                0x000000000001a6d0                Java_com_barchart_udt_SocketUDT_initClass0
                0x0000000000019040                UDT_NewLingerUDT
                0x0000000000019320                X_InitClassReference
                0x0000000000018320                Java_com_barchart_udt_SocketUDT_clearError0
                0x00000000000187e0                UDT_NewExceptionUDT
                0x00000000000190d0                XXX_ThrowSocketExceptionMessage
                0x000000000001ac30                X_ConvertInetSocketAddressToSockaddr
                0x000000000001a650                Java_com_barchart_udt_SocketUDT_stopClass0
                0x000000000001a770                X_IsSockaddrEqualsInetSocketAddress
                0x000000000001a980                Java_com_barchart_udt_SocketUDT_hasLoadedLocalSocketAddress
                0x00000000000180b0                Java_com_barchart_udt_SocketUDT_getSignatureJNI0
                0x000000000001aa60                Java_com_barchart_udt_SocketUDT_hasLoadedRemoteSocketAddress
                0x00000000000192d0                X_NewBoolean
                0x0000000000019280                X_NewInteger
                0x00000000000183b0                Java_com_barchart_udt_SocketUDT_testIterateSet0
                0x0000000000019510                UDT_ReturnSendError
                0x00000000000182c0                Java_com_barchart_udt_SocketUDT_testFillBuffer0
                0x00000000000196b0                Java_com_barchart_udt_SocketUDT_send1
                0x0000000000018390                Java_com_barchart_udt_SocketUDT_getErrorCode0
                0x000000000001aec0                Java_com_barchart_udt_SocketUDT_bind0
                0x0000000000018970                Java_com_barchart_udt_SocketUDT_testInvalidClose0
                0x00000000000193b0                UDT_InitClassRefAll
                0x0000000000019c80                Java_com_barchart_udt_SocketUDT_receive0
                0x0000000000017eb0                UDT_InitFieldRefAll
                0x000000000001b120                Java_com_barchart_udt_SocketUDT_select0
                0x000000000001a340                Java_com_barchart_udt_SocketUDT_isOpen0
                0x0000000000019e60                Java_com_barchart_udt_SocketUDT_setOption0
                0x000000000001a890                X_NewInetSocketAddress
                0x00000000000180d0                Java_com_barchart_udt_SocketUDT_testIterateArray0
                0x000000000001afe0                UDT_CopyArrayToSet
                0x00000000000179e0                X_IsInRange
                0x0000000000018150                Java_com_barchart_udt_SocketUDT_testGetSetArray0
                0x000000000001ad30                X_InitSockAddr
                0x0000000000018460                UDT_InitMethodRefAll
                0x0000000000018a90                Java_com_barchart_udt_SocketUDT_updateMonitor0
                0x0000000000019230                X_NewLong
                0x00000000000195a0                Java_com_barchart_udt_SocketUDT_send2
                0x0000000000019af0                Java_com_barchart_udt_SocketUDT_receive1
                0x000000000001a110                Java_com_barchart_udt_SocketUDT_getOption0
                0x0000000000018130                Java_com_barchart_udt_SocketUDT_testMakeArray0
                0x000000000001b900                Java_com_barchart_udt_SocketUDT_selectEx0
                0x0000000000017a40                UDT_InitFieldMonitor
                0x00000000000180c0                Java_com_barchart_udt_SocketUDT_testEmptyCall0
                0x000000000001ab40                X_ConvertSockaddrToInetSocketAddress
 *fill*         0x000000000001beca        0x6 90909090
 .text._ZN7JNIEnv_16CallObjectMethodEP8_jobjectP10_jmethodIDz
                0x000000000001bed0       0x9a com_barchart_udt_SocketUDT.o
                0x000000000001bed0                _ZN7JNIEnv_16CallObjectMethodEP8_jobjectP10_jmethodIDz
 *fill*         0x000000000001bf6a        0x6 90909090
 .text._ZN7JNIEnv_17CallBooleanMethodEP8_jobjectP10_jmethodIDz
                0x000000000001bf70       0x9a com_barchart_udt_SocketUDT.o
                0x000000000001bf70                _ZN7JNIEnv_17CallBooleanMethodEP8_jobjectP10_jmethodIDz
 *fill*         0x000000000001c00a        0x6 90909090
 .text._ZN7JNIEnv_13CallIntMethodEP8_jobjectP10_jmethodIDz
                0x000000000001c010       0x9a com_barchart_udt_SocketUDT.o
                0x000000000001c010                _ZN7JNIEnv_13CallIntMethodEP8_jobjectP10_jmethodIDz
 *fill*         0x000000000001c0aa        0x6 90909090
 .text._ZN7JNIEnv_14CallLongMethodEP8_jobjectP10_jmethodIDz
                0x000000000001c0b0       0x9a com_barchart_udt_SocketUDT.o
                0x000000000001c0b0                _ZN7JNIEnv_14CallLongMethodEP8_jobjectP10_jmethodIDz
 *fill*         0x000000000001c14a        0x6 90909090
 .text._ZN7JNIEnv_9NewObjectEP7_jclassP10_jmethodIDz
                0x000000000001c150       0x9a com_barchart_udt_SocketUDT.o
                0x000000000001c150                _ZN7JNIEnv_9NewObjectEP7_jclassP10_jmethodIDz
 *fill*         0x000000000001c1ea        0x6 90909090
 .text._ZNSt6vectorIiSaIiEED1Ev
                0x000000000001c1f0       0x1a com_barchart_udt_SocketUDT.o
                0x000000000001c1f0                _ZNSt6vectorIiSaIiEED1Ev
 *fill*         0x000000000001c20a        0x6 90909090
 .text._ZNSt8_Rb_treeIiiSt9_IdentityIiESt4lessIiESaIiEE8_M_eraseEPSt13_Rb_tree_nodeIiE
                0x000000000001c210      0x1c6 com_barchart_udt_SocketUDT.o
                0x000000000001c210                _ZNSt8_Rb_treeIiiSt9_IdentityIiESt4lessIiESaIiEE8_M_eraseEPSt13_Rb_tree_nodeIiE
 *fill*         0x000000000001c3d6        0xa 90909090
 .text._ZNSt3setIiSt4lessIiESaIiEED1Ev
                0x000000000001c3e0       0x17 com_barchart_udt_SocketUDT.o
                0x000000000001c3e0                _ZNSt3setIiSt4lessIiESaIiEED1Ev
 *fill*         0x000000000001c3f7        0x9 90909090
 .text._ZNSt6vectorIiSaIiEE13_M_insert_auxEN9__gnu_cxx17__normal_iteratorIPiS1_EERKi
                0x000000000001c400      0x157 com_barchart_udt_SocketUDT.o
                0x000000000001c400                _ZNSt6vectorIiSaIiEE13_M_insert_auxEN9__gnu_cxx17__normal_iteratorIPiS1_EERKi
 *fill*         0x000000000001c557        0x9 90909090
 .text          0x000000000001c560     0x791a api.o
                0x000000000001c820                _ZN3UDT12getlasterrorEv
                0x000000000001c880                _ZN10CUDTUnited6locateEiPK8sockaddrRKiS4_
                0x0000000000023d80                _ZN4CUDT6acceptEiP8sockaddrPi
                0x000000000001df30                _ZN3UDT11getpeernameEiP8sockaddrPi
                0x000000000001cd80                _ZN4CUDT8recvfileEiRSt13basic_fstreamIcSt11char_traitsIcEERKlS6_RKi
                0x000000000001c770                _ZN10CUDTUnited8getErrorEv
                0x000000000001e270                _ZN4CUDT7startupEv
                0x000000000001cd70                _ZN3UDT7perfmonEiP8CPerfMonb
                0x000000000001f0d0                _ZN4CUDT8selectExERKSt6vectorIiSaIiEEPS2_S5_S5_l
                0x000000000001cef0                _ZN3UDT8recvfileEiRSt13basic_fstreamIcSt11char_traitsIcEElli
                0x000000000001c600                _ZN10CUDTUnited9getStatusEi
                0x0000000000023490                _ZN4CUDT5closeEi
                0x000000000001ecf0                _ZN3UDT6listenEii
                0x000000000001cf20                _ZN4CUDT8sendfileEiRSt13basic_fstreamIcSt11char_traitsIcEERKlS6_RKi
                0x00000000000235d0                _ZN3UDT5closeEi
                0x00000000000200f0                _ZN3UDT4bindEii
                0x000000000001fc60                _ZN4CUDT7connectEiPK8sockaddri
                0x000000000001da40                _ZN3UDT10getsockoptEii6UDTOptPvPi
                0x000000000001d280                _ZN4CUDT7sendmsgEiPKciib
                0x000000000001cc20                _ZN4CUDT7perfmonEiP8CPerfMonb
                0x000000000001e290                _ZN3UDT7startupEv
                0x000000000001d8d0                _ZN3UDT10setsockoptEii6UDTOptPKvi
                0x000000000001ffb0                _ZN4CUDT4bindEii
                0x000000000001d8e0                _ZN4CUDT10getsockoptEii6UDTOptPvPi
                0x000000000001e000                _ZN3UDT7cleanupEv
                0x000000000001e8b0                _ZN10CUDTUnitedD2Ev
                0x000000000001e2a0                _ZN10CUDTUnitedC1Ev
                0x000000000001d770                _ZN4CUDT10setsockoptEii6UDTOptPKvi
                0x0000000000023e70                _ZN3UDT6acceptEiP8sockaddrPi
                0x000000000001ee40                _ZN10CUDTUnited8selectExERKSt6vectorIiSaIiEEPS2_S5_S5_l
                0x000000000001dc80                _ZN10CUDTUnited11getpeernameEiP8sockaddrPi
                0x000000000001df40                _ZN10CUDTUnited7cleanupEv
                0x000000000001f730                _ZN10CUDTUnited4bindEiPK8sockaddrRKi
                0x00000000000218a0                _ZN10CUDTUnited12removeSocketEi
                0x000000000001c830                _ZN10CUDTUnited8setErrorEP13CUDTException
                0x000000000001f8b0                _ZN4CUDT4bindEiPK8sockaddri
                0x000000000001d0f0                _ZN3UDT8sendfileEiRSt13basic_fstreamIcSt11char_traitsIcEElli
                0x0000000000020fa0                _ZN4CUDT6selectEiPSt3setIiSt4lessIiESaIiEES5_S5_PK7timeval
                0x000000000001caf0                _ZN10CUDTUnited6lookupEi
                0x000000000001dc70                _ZN3UDT11getsocknameEiP8sockaddrPi
                0x0000000000020100                _ZN10CUDTUnited6selectEPSt3setIiSt4lessIiESaIiEES5_S5_PK7timeval
                0x000000000001d5a0                _ZN3UDT4recvEiPcii
                0x000000000001dde0                _ZN4CUDT11getpeernameEiP8sockaddrPi
                0x000000000001dfe0                _ZN4CUDT7cleanupEv
                0x000000000001c560                _ZN10CUDTUnited6locateEi
                0x000000000001fe00                _ZN3UDT7connectEiPK8sockaddri
                0x000000000001d5b0                _ZN4CUDT4sendEiPKcii
                0x000000000001f9f0                _ZN3UDT4bindEiPK8sockaddri
                0x000000000001eda0                _ZN10CUDTSocketD1Ev
                0x000000000001e1d0                _ZN10CUDTUnited7startupEv
                0x000000000001c800                _ZN4CUDT12getlasterrorEv
                0x0000000000023a70                _ZN10CUDTUnited6acceptEiP8sockaddrPi
                0x0000000000023a60                _ZN3UDT6socketEiii
                0x0000000000022fe0                _ZN10CUDTUnited5closeEi
                0x000000000001c6a0                _ZN10CUDTUnited9updateMuxEP4CUDTPK10CUDTSocket
                0x0000000000023900                _ZN4CUDT6socketEiii
                0x000000000001e540                _ZN10CUDTUnitedC2Ev
                0x000000000001d760                _ZN3UDT4sendEiPKcii
                0x000000000001fa00                _ZN10CUDTUnited7connectEiPK8sockaddrRKi
                0x000000000001d120                _ZN4CUDT7recvmsgEiPci
                0x000000000001e0f0                _ZN10CUDTSocketC2Ev
                0x000000000001cbf0                _ZN4CUDT12getUDTHandleEi
                0x000000000001ebb0                _ZN4CUDT6listenEii
                0x000000000001fe10                _ZN10CUDTUnited4bindEii
                0x00000000000235e0                _ZN10CUDTUnited9newSocketERKiS1_
                0x000000000001d270                _ZN3UDT7recvmsgEiPci
                0x0000000000022df0                _ZN10CUDTUnited14garbageCollectEPv
                0x00000000000211c0                _ZN10CUDTUnited13newConnectionEiPK8sockaddrP10CHandShake
                0x000000000001db20                _ZN4CUDT11getsocknameEiP8sockaddrPi
                0x00000000000223b0                _ZN10CUDTUnited18checkBrokenSocketsEv
                0x00000000000211b0                _ZN3UDT6selectEiPSt3setIiSt4lessIiESaIiEES5_S5_PK7timeval
                0x000000000001e010                _ZN10CUDTSocketC1Ev
                0x000000000001ed00                _ZN10CUDTSocketD2Ev
                0x000000000001f2f0                _ZN10CUDTUnited9updateMuxEP4CUDTPK8sockaddrPKi
                0x000000000001f2e0                _ZN3UDT8selectExERKSt6vectorIiSaIiEEPS2_S5_S5_l
                0x000000000001d440                _ZN3UDT7sendmsgEiPKciib
                0x000000000001da50                _ZN10CUDTUnited11getsocknameEiP8sockaddrPi
                0x000000000001e980                _ZN10CUDTUnited6listenEiRKi
                0x000000000001e7e0                _ZN10CUDTUnitedD1Ev
                0x000000000001d450                _ZN4CUDT4recvEiPcii
 *fill*         0x0000000000023e7a        0x6 90909090
 .text._ZN10CUDTUnited10TLSDestroyEPv
                0x0000000000023e80       0x1a api.o
                0x0000000000023e80                _ZN10CUDTUnited10TLSDestroyEPv
 *fill*         0x0000000000023e9a        0x6 90909090
 .text._ZNSt8_Rb_treeIiSt4pairIKiP10CUDTSocketESt10_Select1stIS4_ESt4lessIiESaIS4_EE10_M_insert_EPKSt18_Rb_tree_node_baseSD_RKS4_
                0x0000000000023ea0       0xa3 api.o
                0x0000000000023ea0                _ZNSt8_Rb_treeIiSt4pairIKiP10CUDTSocketESt10_Select1stIS4_ESt4lessIiESaIS4_EE10_M_insert_EPKSt18_Rb_tree_node_baseSD_RKS4_
 *fill*         0x0000000000023f43        0xd 90909090
 .text._ZNSt8_Rb_treeIiiSt9_IdentityIiESt4lessIiESaIiEE10_M_insert_EPKSt18_Rb_tree_node_baseS8_RKi
                0x0000000000023f50       0x9b api.o
                0x0000000000023f50                _ZNSt8_Rb_treeIiiSt9_IdentityIiESt4lessIiESaIiEE10_M_insert_EPKSt18_Rb_tree_node_baseS8_RKi
 *fill*         0x0000000000023feb        0x5 90909090
 .text._ZNSt8_Rb_treeIiSt4pairIKiP10CUDTSocketESt10_Select1stIS4_ESt4lessIiESaIS4_EE8_M_eraseEPSt13_Rb_tree_nodeIS4_E
                0x0000000000023ff0      0x1c6 api.o
                0x0000000000023ff0                _ZNSt8_Rb_treeIiSt4pairIKiP10CUDTSocketESt10_Select1stIS4_ESt4lessIiESaIS4_EE8_M_eraseEPSt13_Rb_tree_nodeIS4_E
 *fill*         0x00000000000241b6        0xa 90909090
 .text._ZNSt3mapIiP10CUDTSocketSt4lessIiESaISt4pairIKiS1_EEED1Ev
                0x00000000000241c0       0x17 api.o
                0x00000000000241c0                _ZNSt3mapIiP10CUDTSocketSt4lessIiESaISt4pairIKiS1_EEED1Ev
 *fill*         0x00000000000241d7        0x9 90909090
 .text._ZNSt8_Rb_treeIiiSt9_IdentityIiESt4lessIiESaIiEE7_M_copyEPKSt13_Rb_tree_nodeIiEPS7_
                0x00000000000241e0      0x111 api.o
                0x00000000000241e0                _ZNSt8_Rb_treeIiiSt9_IdentityIiESt4lessIiESaIiEE7_M_copyEPKSt13_Rb_tree_nodeIiEPS7_
 *fill*         0x00000000000242f1        0xf 90909090
 .text._ZNSt6vectorIP10CUDTSocketSaIS1_EE13_M_insert_auxEN9__gnu_cxx17__normal_iteratorIPS1_S3_EERKS1_
                0x0000000000024300      0x158 api.o
                0x0000000000024300                _ZNSt6vectorIP10CUDTSocketSaIS1_EE13_M_insert_auxEN9__gnu_cxx17__normal_iteratorIPS1_S3_EERKS1_
 *fill*         0x0000000000024458        0x8 90909090
 .text._ZNSt6vectorI12CMultiplexerSaIS0_EE13_M_insert_auxEN9__gnu_cxx17__normal_iteratorIPS0_S2_EERKS0_
                0x0000000000024460      0x257 api.o
                0x0000000000024460                _ZNSt6vectorI12CMultiplexerSaIS0_EE13_M_insert_auxEN9__gnu_cxx17__normal_iteratorIPS0_S2_EERKS0_
 *fill*         0x00000000000246b7        0x9 90909090
 .text._ZNSt8_Rb_treeIiiSt9_IdentityIiESt4lessIiESaIiEE16_M_insert_uniqueERKi
                0x00000000000246c0      0x10d api.o
                0x00000000000246c0                _ZNSt8_Rb_treeIiiSt9_IdentityIiESt4lessIiESaIiEE16_M_insert_uniqueERKi
 *fill*         0x00000000000247cd        0x3 90909090
 .text._ZNSt8_Rb_treeIiSt4pairIKiP10CUDTSocketESt10_Select1stIS4_ESt4lessIiESaIS4_EE16_M_insert_uniqueERKS4_
                0x00000000000247d0      0x116 api.o
                0x00000000000247d0                _ZNSt8_Rb_treeIiSt4pairIKiP10CUDTSocketESt10_Select1stIS4_ESt4lessIiESaIS4_EE16_M_insert_uniqueERKS4_
 *fill*         0x00000000000248e6        0xa 90909090
 .text._ZNSt3setIiSt4lessIiESaIiEE6insertERKi
                0x00000000000248f0      0x10d api.o
                0x00000000000248f0                _ZNSt3setIiSt4lessIiESaIiEE6insertERKi
 *fill*         0x00000000000249fd        0x3 90909090
 .text._ZNSt8_Rb_treeIiSt4pairIKiP10CUDTSocketESt10_Select1stIS4_ESt4lessIiESaIS4_EE17_M_insert_unique_ESt23_Rb_tree_const_iteratorIS4_ERKS4_
                0x0000000000024a00      0x2d8 api.o
                0x0000000000024a00                _ZNSt8_Rb_treeIiSt4pairIKiP10CUDTSocketESt10_Select1stIS4_ESt4lessIiESaIS4_EE17_M_insert_unique_ESt23_Rb_tree_const_iteratorIS4_ERKS4_
 *fill*         0x0000000000024cd8        0x8 90909090
 .text._ZNSt3mapIiP10CUDTSocketSt4lessIiESaISt4pairIKiS1_EEEixERS5_
                0x0000000000024ce0       0x71 api.o
                0x0000000000024ce0                _ZNSt3mapIiP10CUDTSocketSt4lessIiESaISt4pairIKiS1_EEEixERS5_
 *fill*         0x0000000000024d51        0xf 90909090
 .text._ZNSt8_Rb_treeIiiSt9_IdentityIiESt4lessIiESaIiEE17_M_insert_unique_ESt23_Rb_tree_const_iteratorIiERKi
                0x0000000000024d60      0x2a8 api.o
                0x0000000000024d60                _ZNSt8_Rb_treeIiiSt9_IdentityIiESt4lessIiESaIiEE17_M_insert_unique_ESt23_Rb_tree_const_iteratorIiERKi
 *fill*         0x0000000000025008        0x8 90909090
 .text          0x0000000000025010      0x9ff ccc.o
                0x00000000000258f0                _ZN3CCCD2Ev
                0x0000000000025210                _ZN6CUDTCCC2Ev
                0x0000000000025880                _ZN3CCCD0Ev
                0x00000000000259c0                _ZNK3CCC13sendCustomMsgER7CPacket
                0x00000000000258c0                _ZN3CCCD1Ev
                0x00000000000251b0                _ZN3CCC6setMSSERKi
                0x00000000000251c0                _ZN3CCC12setBandwidthERKi
                0x00000000000251a0                _ZN3CCC6setRTOERKi
                0x0000000000025980                _ZN3CCC11getPerfInfoEv
                0x0000000000025540                _ZN6CUDTCC4initEv
                0x0000000000025330                _ZN6CUDTCC9onTimeoutEv
                0x00000000000251e0                _ZN3CCC10setRcvRateERKi
                0x0000000000025390                _ZN6CUDTCC6onLossEPKiRS0_
                0x00000000000252a0                _ZN6CUDTCCC1Ev
                0x0000000000025170                _ZN3CCC11setACKTimerERKi
                0x00000000000255f0                _ZN6CUDTCC5onACKERKi
                0x0000000000025010                _ZN3CCCC2Ev
                0x00000000000251d0                _ZN3CCC15setSndCurrSeqNoERKi
                0x0000000000025200                _ZN3CCC6setRTTERKi
                0x00000000000251f0                _ZN3CCC14setMaxCWndSizeERKi
                0x0000000000025190                _ZN3CCC14setACKIntervalERKi
                0x0000000000025920                _ZN3CCC12setUserParamEPKcRKi
                0x00000000000250c0                _ZN3CCCC1Ev
 *fill*         0x0000000000025a0f        0x1 90909090
 .text._ZN3CCC4initEv
                0x0000000000025a10        0x6 ccc.o
                0x0000000000025a10                _ZN3CCC4initEv
 *fill*         0x0000000000025a16        0xa 90909090
 .text._ZN3CCC5closeEv
                0x0000000000025a20        0x6 ccc.o
                0x0000000000025a20                _ZN3CCC5closeEv
 *fill*         0x0000000000025a26        0xa 90909090
 .text._ZN3CCC5onACKERKi
                0x0000000000025a30        0x6 ccc.o
                0x0000000000025a30                _ZN3CCC5onACKERKi
 *fill*         0x0000000000025a36        0xa 90909090
 .text._ZN3CCC6onLossEPKiRS0_
                0x0000000000025a40        0x6 ccc.o
                0x0000000000025a40                _ZN3CCC6onLossEPKiRS0_
 *fill*         0x0000000000025a46        0xa 90909090
 .text._ZN3CCC9onTimeoutEv
                0x0000000000025a50        0x6 ccc.o
                0x0000000000025a50                _ZN3CCC9onTimeoutEv
 *fill*         0x0000000000025a56        0xa 90909090
 .text._ZN3CCC9onPktSentEPK7CPacket
                0x0000000000025a60        0x6 ccc.o
                0x0000000000025a60                _ZN3CCC9onPktSentEPK7CPacket
 *fill*         0x0000000000025a66        0xa 90909090
 .text._ZN3CCC13onPktReceivedEPK7CPacket
                0x0000000000025a70        0x6 ccc.o
                0x0000000000025a70                _ZN3CCC13onPktReceivedEPK7CPacket
 *fill*         0x0000000000025a76        0xa 90909090
 .text._ZN3CCC16processCustomMsgEPK7CPacket
                0x0000000000025a80        0x6 ccc.o
                0x0000000000025a80                _ZN3CCC16processCustomMsgEPK7CPacket
 *fill*         0x0000000000025a86        0xa 90909090
 .text._ZN6CUDTCCD0Ev
                0x0000000000025a90       0x2d ccc.o
                0x0000000000025a90                _ZN6CUDTCCD0Ev
 *fill*         0x0000000000025abd        0x3 90909090
 .text._ZN6CUDTCCD1Ev
                0x0000000000025ac0       0x18 ccc.o
                0x0000000000025ac0                _ZN6CUDTCCD1Ev
 *fill*         0x0000000000025ad8        0x8 90909090
 .text          0x0000000000025ae0     0x14a1 buffer.o
                0x0000000000026570                _ZN10CRcvBufferC2EP10CUnitQueue
                0x0000000000026810                _ZN10CSndBuffer8readDataEPPciRiS2_
                0x00000000000263b0                _ZN10CRcvBufferD2Ev
                0x0000000000025ba0                _ZNK10CRcvBuffer15getAvailBufSizeEv
                0x00000000000265c0                _ZN10CSndBuffer8increaseEv
                0x0000000000026190                _ZN10CRcvBuffer10readBufferEPcRKi
                0x0000000000025c30                _ZN10CRcvBuffer7scanMsgERiS0_Rb
                0x0000000000025b20                _ZNK10CSndBuffer14getCurrBufSizeEv
                0x0000000000025b80                _ZNK10CRcvBuffer14getRcvDataSizeEv
                0x0000000000025bc0                _ZN10CRcvBuffer7dropMsgERKi
                0x0000000000026c30                _ZN10CSndBufferD2Ev
                0x0000000000026060                _ZN10CRcvBuffer7readMsgEPcRKi
                0x0000000000026940                _ZN10CSndBuffer17addBufferFromFileERSt13basic_fstreamIcSt11char_traitsIcEERKi
                0x0000000000025b30                _ZN10CRcvBuffer7addDataEP5CUniti
                0x0000000000026a70                _ZN10CSndBuffer9addBufferEPKcRKiS3_RKb
                0x00000000000264a0                _ZN10CRcvBufferC2ERKiP10CUnitQueue
                0x0000000000025ae0                _ZN10CSndBuffer8readDataEPPcRi
                0x0000000000025ed0                _ZN10CRcvBuffer16readBufferToFileERSt13basic_fstreamIcSt11char_traitsIcEERKi
                0x0000000000026520                _ZN10CRcvBufferC1EP10CUnitQueue
                0x0000000000026e20                _ZN10CSndBufferC2ERKiS1_
                0x0000000000026320                _ZN10CRcvBuffer7ackDataERKi
                0x0000000000026bb0                _ZN10CSndBufferD1Ev
                0x0000000000026cb0                _ZN10CSndBufferC1ERKiS1_
                0x0000000000025eb0                _ZN10CRcvBuffer12getRcvMsgNumEv
                0x0000000000026790                _ZN10CSndBuffer7ackDataERKi
                0x0000000000026420                _ZN10CRcvBufferC1ERKiP10CUnitQueue
                0x0000000000026340                _ZN10CRcvBufferD1Ev
 *fill*         0x0000000000026f81        0xf 90909090
 .text          0x0000000000026f90      0xb47 window.o
                0x00000000000271f0                _ZN10CACKWindow5storeERKiS1_
                0x00000000000274c0                _ZN10CACKWindowD1Ev
                0x0000000000027720                _ZN14CPktTimeWindowC1Ev
                0x0000000000027000                _ZN14CPktTimeWindow13probe1ArrivalEv
                0x0000000000027440                _ZN14CPktTimeWindowD1Ev
                0x00000000000279e0                _ZN10CACKWindowC1Ev
                0x0000000000027510                _ZN10CACKWindowD2Ev
                0x0000000000027070                _ZN10CACKWindow11acknowledgeERKiRi
                0x0000000000026fc0                _ZN14CPktTimeWindow13probe2ArrivalEv
                0x0000000000027360                _ZNK14CPktTimeWindow14getPktRcvSpeedEv
                0x0000000000027270                _ZNK14CPktTimeWindow12getBandwidthEv
                0x0000000000026f90                _ZNK14CPktTimeWindow15getMinPktSndIntEv
                0x0000000000027640                _ZN14CPktTimeWindowC2ERKiS1_
                0x0000000000027560                _ZN14CPktTimeWindowC1ERKiS1_
                0x0000000000027960                _ZN10CACKWindowC2ERKi
                0x0000000000027480                _ZN14CPktTimeWindowD2Ev
                0x0000000000026fa0                _ZN14CPktTimeWindow9onPktSentERKi
                0x00000000000278e0                _ZN10CACKWindowC1ERKi
                0x0000000000027020                _ZN14CPktTimeWindow12onPktArrivalEv
                0x0000000000027800                _ZN14CPktTimeWindowC2Ev
                0x0000000000027a60                _ZN10CACKWindowC2Ev
 *fill*         0x0000000000027ad7        0x9 90909090
 .text          0x0000000000027ae0      0xada md5.o
                0x00000000000284f0                md5_finish
                0x0000000000028380                md5_append
                0x0000000000027ae0                md5_init
 *fill*         0x00000000000285ba        0x6 90909090
 .text          0x00000000000285c0     0x1ad9 list.o
                0x0000000000029e40                _ZN12CSndLossListD1Ev
                0x0000000000028f70                _ZN12CRcvLossListC1ERKi
                0x0000000000028700                _ZN12CRcvLossList12getLossArrayEPiRiRKiS3_
                0x0000000000029fc0                _ZN12CSndLossListC2ERKi
                0x0000000000028f10                _ZN12CRcvLossListD2Ev
                0x0000000000028cc0                _ZN12CRcvLossList6insertERKiS1_
                0x00000000000286e0                _ZNK12CRcvLossList15getFirstLostSeqEv
                0x0000000000028eb0                _ZN12CRcvLossListD1Ev
                0x0000000000029e90                _ZN12CSndLossListD2Ev
                0x0000000000029040                _ZN12CRcvLossListC2ERKi
                0x0000000000029150                _ZN12CSndLossList10getLostSeqEv
                0x00000000000287c0                _ZN12CRcvLossList6removeERKi
                0x0000000000029720                _ZN12CSndLossList6insertERKiS1_
                0x0000000000028bf0                _ZN12CRcvLossList6removeERKiS1_
                0x0000000000029110                _ZN12CSndLossList13getLossLengthEv
                0x0000000000029ee0                _ZN12CSndLossListC1ERKi
                0x00000000000285c0                _ZNK12CRcvLossList4findERKiS1_
                0x00000000000292c0                _ZN12CSndLossList6removeERKi
                0x00000000000286d0                _ZNK12CRcvLossList13getLossLengthEv
 *fill*         0x000000000002a099        0x7 90909090
 .text          0x000000000002a0a0      0x8f9 cache.o
                0x000000000002a390                _ZN6CCache6lookupEPK8sockaddrRKiP10CInfoBlock
                0x000000000002a150                _ZN6CCacheC1ERKj
                0x000000000002a560                _ZN6CCacheD2Ev
                0x000000000002a4c0                _ZN6CCacheD1Ev
                0x000000000002a300                _ZN6CCacheC2Ev
                0x000000000002a0a0                _ZNK7CIPCompclEPK10CInfoBlockS2_
                0x000000000002a270                _ZN6CCacheC1Ev
                0x000000000002a110                _ZN6CCache7convertEPK8sockaddrRKiPj
                0x000000000002a0f0                _ZNK7CTSCompclEPK10CInfoBlockS2_
                0x000000000002a1e0                _ZN6CCacheC2ERKj
                0x000000000002a600                _ZN6CCache6updateEPK8sockaddrRKiP10CInfoBlock
 *fill*         0x000000000002a999        0x7 90909090
 .text._ZNSt8_Rb_treeIP10CInfoBlockS1_St9_IdentityIS1_E7CIPCompSaIS1_EE8_M_eraseEPSt13_Rb_tree_nodeIS1_E
                0x000000000002a9a0      0x1c6 cache.o
                0x000000000002a9a0                _ZNSt8_Rb_treeIP10CInfoBlockS1_St9_IdentityIS1_E7CIPCompSaIS1_EE8_M_eraseEPSt13_Rb_tree_nodeIS1_E
 *fill*         0x000000000002ab66        0xa 90909090
 .text._ZNSt3setIP10CInfoBlock7CIPCompSaIS1_EED1Ev
                0x000000000002ab70       0x17 cache.o
                0x000000000002ab70                _ZNSt3setIP10CInfoBlock7CIPCompSaIS1_EED1Ev
 *fill*         0x000000000002ab87        0x9 90909090
 .text._ZNSt8_Rb_treeIP10CInfoBlockS1_St9_IdentityIS1_E7CIPCompSaIS1_EE5eraseERKS1_
                0x000000000002ab90      0x1d0 cache.o
                0x000000000002ab90                _ZNSt8_Rb_treeIP10CInfoBlockS1_St9_IdentityIS1_E7CIPCompSaIS1_EE5eraseERKS1_
 .text._ZNSt8_Rb_treeIP10CInfoBlockS1_St9_IdentityIS1_E7CTSCompSaIS1_EE8_M_eraseEPSt13_Rb_tree_nodeIS1_E
                0x000000000002ad60      0x1c6 cache.o
                0x000000000002ad60                _ZNSt8_Rb_treeIP10CInfoBlockS1_St9_IdentityIS1_E7CTSCompSaIS1_EE8_M_eraseEPSt13_Rb_tree_nodeIS1_E
 *fill*         0x000000000002af26        0xa 90909090
 .text._ZNSt8_Rb_treeIP10CInfoBlockS1_St9_IdentityIS1_E7CTSCompSaIS1_EE5eraseERKS1_
                0x000000000002af30      0x1d0 cache.o
                0x000000000002af30                _ZNSt8_Rb_treeIP10CInfoBlockS1_St9_IdentityIS1_E7CTSCompSaIS1_EE5eraseERKS1_
 .text          0x000000000002b100     0x2d04 queue.o
                0x000000000002b490                _ZN5CHashD1Ev
                0x000000000002d880                _ZN9CRcvQueue11setNewEntryEP4CUDT
                0x000000000002d6c0                _ZN16CRendezvousQueue6removeERKi
                0x000000000002c560                _ZN16CRendezvousQueueD2Ev
                0x000000000002d2a0                _ZN9CSndUList6updateEPK4CUDTRKb
                0x000000000002b2e0                _ZN9CRcvUList6removeEPK4CUDT
                0x000000000002d4d0                _ZN9CRcvQueueD2Ev
                0x000000000002d360                _ZN9CRcvQueueD1Ev
                0x000000000002cae0                _ZN9CSndUListC2Ev
                0x000000000002b190                _ZN9CSndUList7remove_EPK4CUDT
                0x000000000002c630                _ZN9CSndQueueD1Ev
                0x000000000002c600                _ZN9CSndUListD2Ev
                0x000000000002c910                _ZN16CRendezvousQueueC2Ev
                0x000000000002cd30                _ZN9CRcvQueueC2Ev
                0x000000000002c4f0                _ZN16CRendezvousQueueD1Ev
                0x000000000002b2d0                _ZN9CRcvUListD1Ev
                0x000000000002d040                _ZN9CSndUList3popERP8sockaddrR7CPacket
                0x000000000002c9f0                _ZN9CSndQueue4initEPK8CChannelPK6CTimer
                0x000000000002b420                _ZN5CHash6removeERKi
                0x000000000002bdc0                _ZN10CUnitQueue8increaseEv
                0x000000000002b280                _ZN9CRcvUListC2Ev
                0x000000000002b380                _ZN5CHashC1Ev
                0x000000000002b510                _ZN5CHashD2Ev
                0x000000000002c110                _ZN10CUnitQueue4initERKiS1_S1_
                0x000000000002c770                _ZN16CRendezvousQueueC1Ev
                0x000000000002bc90                _ZN5CHash4initERKi
                0x000000000002b2c0                _ZN9CRcvUListD2Ev
                0x000000000002bcf0                _ZN9CSndUList6insertERKlPK4CUDT
                0x000000000002b3a0                _ZN5CHash6lookupERKi
                0x000000000002d780                _ZN16CRendezvousQueue6insertERKiS1_PK8sockaddr
                0x000000000002b2a0                _ZN9CRcvUListC1Ev
                0x000000000002b810                _ZN5CHash6insertERKiPK4CUDT
                0x000000000002c5d0                _ZN9CSndUListD1Ev
                0x000000000002b890                _ZN9CRcvQueue14removeListenerEPK4CUDT
                0x000000000002c3e0                _ZN9CRcvUList6updateEPK4CUDT
                0x000000000002b650                _ZN10CUnitQueueD2Ev
                0x000000000002c470                _ZN9CRcvUList6insertEPK4CUDT
                0x000000000002b140                _ZN10CUnitQueueC1Ev
                0x000000000002c330                _ZN16CRendezvousQueue8retrieveEPK8sockaddrRi
                0x000000000002d010                _ZN9CSndQueue6sendtoEPK8sockaddrR7CPacket
                0x000000000002d920                _ZN9CRcvQueue8storePktERKiP7CPacket
                0x000000000002d640                _ZN9CRcvQueue11getNewEntryEv
                0x000000000002b8f0                _ZN9CRcvQueue11setListenerEPK4CUDT
                0x000000000002b590                _ZN10CUnitQueueD1Ev
                0x000000000002b360                _ZN5CHashC2Ev
                0x000000000002cb70                _ZN9CRcvQueueC1Ev
                0x000000000002c6d0                _ZN9CSndQueueD2Ev
                0x000000000002cef0                _ZN9CSndQueueC1Ev
                0x000000000002c7c0                _ZN9CRcvQueue4initERKiS1_S1_S1_PK8CChannelPK6CTimer
                0x000000000002c960                _ZN9CSndUListC1Ev
                0x000000000002b960                _ZN9CSndUList15getNextProcTimeEv
                0x000000000002cf80                _ZN9CSndQueueC2Ev
                0x000000000002d130                _ZN9CSndQueue6workerEPv
                0x000000000002b9c0                _ZN9CSndUList6removeEPK4CUDT
                0x000000000002b180                _ZN10CUnitQueue6shrinkEv
                0x000000000002da70                _ZN9CRcvQueue6workerEPv
                0x000000000002b100                _ZN10CUnitQueueC2Ev
                0x000000000002b400                _ZN9CRcvQueue10ifNewEntryEv
                0x000000000002b710                _ZN9CSndUList7insert_ERKlPK4CUDT
                0x000000000002ba20                _ZN9CRcvQueue8recvfromERKiR7CPacket
                0x000000000002c040                _ZN10CUnitQueue16getNextAvailUnitEv
 *fill*         0x000000000002de04        0xc 90909090
 .text._ZNSt8_Rb_treeIiSt4pairIKiP7CPacketESt10_Select1stIS4_ESt4lessIiESaIS4_EE10_M_insert_EPKSt18_Rb_tree_node_baseSD_RKS4_
                0x000000000002de10       0xa3 queue.o
                0x000000000002de10                _ZNSt8_Rb_treeIiSt4pairIKiP7CPacketESt10_Select1stIS4_ESt4lessIiESaIS4_EE10_M_insert_EPKSt18_Rb_tree_node_baseSD_RKS4_
 *fill*         0x000000000002deb3        0xd 90909090
 .text._ZNSt8_Rb_treeIiSt4pairIKiP7CPacketESt10_Select1stIS4_ESt4lessIiESaIS4_EE8_M_eraseEPSt13_Rb_tree_nodeIS4_E
                0x000000000002dec0      0x1c6 queue.o
                0x000000000002dec0                _ZNSt8_Rb_treeIiSt4pairIKiP7CPacketESt10_Select1stIS4_ESt4lessIiESaIS4_EE8_M_eraseEPSt13_Rb_tree_nodeIS4_E
 *fill*         0x000000000002e086        0xa 90909090
 .text._ZNSt6vectorIN16CRendezvousQueue3CRLESaIS1_EE13_M_insert_auxEN9__gnu_cxx17__normal_iteratorIPS1_S3_EERKS1_
                0x000000000002e090      0x171 queue.o
                0x000000000002e090                _ZNSt6vectorIN16CRendezvousQueue3CRLESaIS1_EE13_M_insert_auxEN9__gnu_cxx17__normal_iteratorIPS1_S3_EERKS1_
 *fill*         0x000000000002e201        0xf 90909090
 .text._ZNSt6vectorIP4CUDTSaIS1_EE13_M_insert_auxEN9__gnu_cxx17__normal_iteratorIPS1_S3_EERKS1_
                0x000000000002e210      0x158 queue.o
                0x000000000002e210                _ZNSt6vectorIP4CUDTSaIS1_EE13_M_insert_auxEN9__gnu_cxx17__normal_iteratorIPS1_S3_EERKS1_
 *fill*         0x000000000002e368        0x8 90909090
 .text._ZNSt8_Rb_treeIiSt4pairIKiP7CPacketESt10_Select1stIS4_ESt4lessIiESaIS4_EE16_M_insert_uniqueERKS4_
                0x000000000002e370      0x116 queue.o
                0x000000000002e370                _ZNSt8_Rb_treeIiSt4pairIKiP7CPacketESt10_Select1stIS4_ESt4lessIiESaIS4_EE16_M_insert_uniqueERKS4_
 *fill*         0x000000000002e486        0xa 90909090
 .text._ZNSt8_Rb_treeIiSt4pairIKiP7CPacketESt10_Select1stIS4_ESt4lessIiESaIS4_EE17_M_insert_unique_ESt23_Rb_tree_const_iteratorIS4_ERKS4_
                0x000000000002e490      0x2d8 queue.o
                0x000000000002e490                _ZNSt8_Rb_treeIiSt4pairIKiP7CPacketESt10_Select1stIS4_ESt4lessIiESaIS4_EE17_M_insert_unique_ESt23_Rb_tree_const_iteratorIS4_ERKS4_
 *fill*         0x000000000002e768        0x8 90909090
 .text          0x000000000002e770       0x36 /usr/lib/gcc/x86_64-linux-gnu/4.3.3/crtendS.o
 *fill*         0x000000000002e7a6        0x2 90909090
 .text          0x000000000002e7a8        0x0 /usr/lib/gcc/x86_64-linux-gnu/4.3.3/../../../../lib/crtn.o
 *(.gnu.warning)

.fini           0x000000000002e7a8        0xe
 *(.fini)
 .fini          0x000000000002e7a8        0x4 /usr/lib/gcc/x86_64-linux-gnu/4.3.3/../../../../lib/crti.o
                0x000000000002e7a8                _fini
 .fini          0x000000000002e7ac        0x5 /usr/lib/gcc/x86_64-linux-gnu/4.3.3/crtbeginS.o
 .fini          0x000000000002e7b1        0x5 /usr/lib/gcc/x86_64-linux-gnu/4.3.3/../../../../lib/crtn.o
                0x000000000002e7b6                PROVIDE (__etext, .)
                0x000000000002e7b6                PROVIDE (_etext, .)
                0x000000000002e7b6                PROVIDE (etext, .)

.rodata         0x000000000002e7c0     0x1544
 *(.rodata .rodata.* .gnu.linkonce.r.*)
 .rodata.str1.1
                0x0000000000000000        0x0 channel.o
                                          0x2 (size before relaxing)
 .rodata.str1.1
                0x000000000002e7c0        0xb core.o
 *fill*         0x000000000002e7cb        0x1 00
 .rodata        0x000000000002e7cc       0xd8 core.o
                0x000000000002e890                _ZN6CMsgNo10m_iMsgNoTHE
                0x000000000002e878                _ZN4CUDT5ERRORE
                0x000000000002e884                _ZN6CSeqNo10m_iSeqNoTHE
                0x000000000002e898                _ZN4CUDT10m_iVersionE
                0x000000000002e880                _ZN3UDT5ERRORE
                0x000000000002e894                _ZN6CMsgNo11m_iMaxMsgNoE
                0x000000000002e888                _ZN6CSeqNo11m_iMaxSeqNoE
                0x000000000002e8a0                _ZN4CUDT20m_iSelfClockIntervalE
                0x000000000002e874                _ZN4CUDT12INVALID_SOCKE
                0x000000000002e88c                _ZN6CAckNo14m_iMaxAckSeqNoE
                0x000000000002e89c                _ZN4CUDT14m_iSYNIntervalE
                0x000000000002e87c                _ZN3UDT12INVALID_SOCKE
 *fill*         0x000000000002e8a4        0xc 00
 .rodata._ZTS10CCCFactoryI6CUDTCCE
                0x000000000002e8b0       0x16 core.o
                0x000000000002e8b0                _ZTS10CCCFactoryI6CUDTCCE
 *fill*         0x000000000002e8c6        0xa 00
 .rodata._ZTS17CCCVirtualFactory
                0x000000000002e8d0       0x14 core.o
                0x000000000002e8d0                _ZTS17CCCVirtualFactory
 *fill*         0x000000000002e8e4        0x4 00
 .rodata.cst8   0x000000000002e8e8       0x38 core.o
 .rodata.str1.1
                0x000000000002e920      0x1ab common.o
 *fill*         0x000000000002eacb        0x5 00
 .rodata.str1.8
                0x000000000002ead0      0x2d0 common.o
 .rodata        0x000000000002eda0       0xd8 common.o
                0x000000000002edf0                _ZN13CUDTException7SUCCESSE
                0x000000000002ee28                _ZN13CUDTException7ERDPERME
                0x000000000002ee5c                _ZN13CUDTException9EDGRAMILLE
                0x000000000002ee1c                _ZN13CUDTException6ENOBUFE
                0x000000000002ee70                _ZN13CUDTException9EASYNCRCVE
                0x000000000002ee44                _ZN13CUDTException8EINVSOCKE
                0x000000000002ee4c                _ZN13CUDTException9ENOLISTENE
                0x000000000002ee3c                _ZN13CUDTException9ECONNSOCKE
                0x000000000002ee40                _ZN13CUDTException9EINVPARAME
                0x000000000002ee68                _ZN13CUDTException10EASYNCFAILE
                0x000000000002ee20                _ZN13CUDTException5EFILEE
                0x000000000002ee04                _ZN13CUDTException8ESECFAILE
                0x000000000002ee18                _ZN13CUDTException7ETHREADE
                0x000000000002ee64                _ZN13CUDTException9ELARGEMSGE
                0x000000000002ee50                _ZN13CUDTException10ERDVNOSERVE
                0x000000000002ee08                _ZN13CUDTException9ECONNFAILE
                0x000000000002ee30                _ZN13CUDTException7EWRPERME
                0x000000000002ee48                _ZN13CUDTException12EUNBOUNDSOCKE
                0x000000000002ee0c                _ZN13CUDTException9ECONNLOSTE
                0x000000000002ee2c                _ZN13CUDTException9EINVWROFFE
                0x000000000002ee14                _ZN13CUDTException9ERESOURCEE
                0x000000000002ee60                _ZN13CUDTException10EDUPLISTENE
                0x000000000002ee54                _ZN13CUDTException11ERDVUNBOUNDE
                0x000000000002edf8                _ZN13CUDTException9ENOSERVERE
                0x000000000002ee58                _ZN13CUDTException10ESTREAMILLE
                0x000000000002ee38                _ZN13CUDTException10EBOUNDSOCKE
                0x000000000002ee6c                _ZN13CUDTException9EASYNCSNDE
                0x000000000002ee24                _ZN13CUDTException9EINVRDOFFE
                0x000000000002ee10                _ZN13CUDTException7ENOCONNE
                0x000000000002edf4                _ZN13CUDTException10ECONNSETUPE
                0x000000000002ee74                _ZN13CUDTException8EUNKNOWNE
                0x000000000002ee00                _ZN13CUDTException9ESOCKFAILE
                0x000000000002ee34                _ZN13CUDTException6EINVOPE
                0x000000000002edfc                _ZN13CUDTException8ECONNREJE
 *fill*         0x000000000002ee78        0x8 00
 .rodata._ZTS13CUDTException
                0x000000000002ee80       0x10 common.o
                0x000000000002ee80                _ZTS13CUDTException
 .rodata        0x000000000002ee90        0x4 packet.o
                0x000000000002ee90                _ZN7CPacket13m_iPktHdrSizeE
 .rodata.str1.1
                0x000000000002ee94      0x8ba com_barchart_udt_SocketUDT.o
                                        0x8c2 (size before relaxing)
 *fill*         0x000000000002f74e        0x2 00
 .rodata.str1.8
                0x000000000002f750      0x278 com_barchart_udt_SocketUDT.o
                                        0x275 (size before relaxing)
 *fill*         0x000000000002f9c8       0x18 00
 .rodata        0x000000000002f9e0      0x275 com_barchart_udt_SocketUDT.o
 .rodata.str1.1
                0x0000000000000000       0x16 api.o
 *fill*         0x000000000002fc55        0x3 00
 .rodata.cst8   0x000000000002fc58        0x8 api.o
                                         0x10 (size before relaxing)
 .rodata._ZTS6CUDTCC
                0x000000000002fc60        0x8 ccc.o
                0x000000000002fc60                _ZTS6CUDTCC
 .rodata._ZTS3CCC
                0x000000000002fc68        0x5 ccc.o
                0x000000000002fc68                _ZTS3CCC
 *fill*         0x000000000002fc6d        0x3 00
 .rodata.cst8   0x000000000002fc70       0x38 ccc.o
                                         0x58 (size before relaxing)
 .rodata.cst8   0x0000000000000000       0x10 window.o
 *fill*         0x000000000002fca8       0x18 00
 .rodata        0x000000000002fcc0       0x44 md5.o
 .rodata.str1.1
                0x0000000000000000       0x16 queue.o
 .rodata.cst8   0x0000000000000000        0x8 queue.o

.rodata1
 *(.rodata1)

.eh_frame_hdr   0x000000000002fd04      0xe7c
 *(.eh_frame_hdr)
 .eh_frame_hdr  0x000000000002fd04      0xe7c channel.o

.eh_frame       0x0000000000030b80     0x437c
 *(.eh_frame)
 .eh_frame      0x0000000000030b80      0x280 channel.o
 .eh_frame      0x0000000000030e00      0x5c0 core.o
                                        0x5e0 (size before relaxing)
 .eh_frame      0x00000000000313c0      0x498 common.o
 .eh_frame      0x0000000000031858      0x208 packet.o
                                        0x228 (size before relaxing)
 .eh_frame      0x0000000000031a60      0xb78 com_barchart_udt_SocketUDT.o
                                        0xb98 (size before relaxing)
 .eh_frame      0x00000000000325d8      0xe70 api.o
                                        0xf10 (size before relaxing)
 .eh_frame      0x0000000000033448      0x428 ccc.o
                                        0x448 (size before relaxing)
 .eh_frame      0x0000000000033870      0x408 buffer.o
                                        0x428 (size before relaxing)
 .eh_frame      0x0000000000033c78      0x2a8 window.o
                                        0x2c8 (size before relaxing)
 .eh_frame      0x0000000000033f20       0x98 md5.o
                                         0xb8 (size before relaxing)
 .eh_frame      0x0000000000033fb8      0x2a0 list.o
                                        0x2c0 (size before relaxing)
 .eh_frame      0x0000000000034258      0x270 cache.o
                                        0x290 (size before relaxing)
 .eh_frame      0x00000000000344c8      0xa30 queue.o
                                        0xa50 (size before relaxing)
 .eh_frame      0x0000000000034ef8        0x4 /usr/lib/gcc/x86_64-linux-gnu/4.3.3/crtendS.o

.gcc_except_table
                0x0000000000034efc     0x17a8
 *(.gcc_except_table .gcc_except_table.*)
 .gcc_except_table
                0x0000000000034efc       0x47 channel.o
 *fill*         0x0000000000034f43        0x1 00
 .gcc_except_table
                0x0000000000034f44      0x629 core.o
 .gcc_except_table
                0x000000000003556d       0x11 packet.o
 .gcc_except_table
                0x000000000003557e      0x1e8 com_barchart_udt_SocketUDT.o
 *fill*         0x0000000000035766        0x2 00
 .gcc_except_table
                0x0000000000035768      0xc5c api.o
 .gcc_except_table
                0x00000000000363c4       0x63 buffer.o
 .gcc_except_table
                0x0000000000036427       0x7a cache.o
 *fill*         0x00000000000364a1        0x3 00
 .gcc_except_table
                0x00000000000364a4      0x200 queue.o
                0x00000000000366a4                . = (ALIGN (0x200000) - ((0x200000 - .) & 0x1fffff))
                0x0000000000236adc                . = (0x200000 DATA_SEGMENT_ALIGN 0x1000)

.eh_frame
 *(.eh_frame)

.gcc_except_table
 *(.gcc_except_table .gcc_except_table.*)

.tdata
 *(.tdata .tdata.* .gnu.linkonce.td.*)

.tbss
 *(.tbss .tbss.* .gnu.linkonce.tb.*)
 *(.tcommon)

.preinit_array
 *(.preinit_array)

.init_array
 *(SORT(.init_array.*))
 *(.init_array)

.fini_array
 *(.fini_array)
 *(SORT(.fini_array.*))

.ctors          0x0000000000236ae0       0x20
 *crtbegin.o(.ctors)
 *crtbegin?.o(.ctors)
 .ctors         0x0000000000236ae0        0x8 /usr/lib/gcc/x86_64-linux-gnu/4.3.3/crtbeginS.o
 *(EXCLUDE_FILE(*crtend?.o *crtend.o) .ctors)
 .ctors         0x0000000000236ae8        0x8 core.o
 .ctors         0x0000000000236af0        0x8 common.o
 *(SORT(.ctors.*))
 *(.ctors)
 .ctors         0x0000000000236af8        0x8 /usr/lib/gcc/x86_64-linux-gnu/4.3.3/crtendS.o

.dtors          0x0000000000236b00       0x10
 *crtbegin.o(.dtors)
 *crtbegin?.o(.dtors)
 .dtors         0x0000000000236b00        0x8 /usr/lib/gcc/x86_64-linux-gnu/4.3.3/crtbeginS.o
 *(EXCLUDE_FILE(*crtend?.o *crtend.o) .dtors)
 *(SORT(.dtors.*))
 *(.dtors)
 .dtors         0x0000000000236b08        0x8 /usr/lib/gcc/x86_64-linux-gnu/4.3.3/crtendS.o
                0x0000000000236b08                __DTOR_END__

.jcr            0x0000000000236b10        0x8
 *(.jcr)
 .jcr           0x0000000000236b10        0x0 /usr/lib/gcc/x86_64-linux-gnu/4.3.3/crtbeginS.o
 .jcr           0x0000000000236b10        0x8 /usr/lib/gcc/x86_64-linux-gnu/4.3.3/crtendS.o

.data.rel.ro    0x0000000000236b20      0x1f0
 *(.data.rel.ro.local* .gnu.linkonce.d.rel.ro.local.*)
 *(.data.rel.ro* .gnu.linkonce.d.rel.ro.*)
 .data.rel.ro._ZTV10CCCFactoryI6CUDTCCE
                0x0000000000236b20       0x30 core.o
                0x0000000000236b20                _ZTV10CCCFactoryI6CUDTCCE
 .data.rel.ro._ZTI10CCCFactoryI6CUDTCCE
                0x0000000000236b50       0x18 core.o
                0x0000000000236b50                _ZTI10CCCFactoryI6CUDTCCE
 *fill*         0x0000000000236b68        0x8 00
 .data.rel.ro._ZTI17CCCVirtualFactory
                0x0000000000236b70       0x10 core.o
                0x0000000000236b70                _ZTI17CCCVirtualFactory
 .data.rel.ro._ZTV17CCCVirtualFactory
                0x0000000000236b80       0x30 core.o
                0x0000000000236b80                _ZTV17CCCVirtualFactory
 *fill*         0x0000000000236bb0       0x10 00
 .data.rel.ro._ZTV13CUDTException
                0x0000000000236bc0       0x38 common.o
                0x0000000000236bc0                _ZTV13CUDTException
 *fill*         0x0000000000236bf8        0x8 00
 .data.rel.ro._ZTI13CUDTException
                0x0000000000236c00       0x10 common.o
                0x0000000000236c00                _ZTI13CUDTException
 *fill*         0x0000000000236c10       0x10 00
 .data.rel.ro._ZTV6CUDTCC
                0x0000000000236c20       0x60 ccc.o
                0x0000000000236c20                _ZTV6CUDTCC
 .data.rel.ro._ZTV3CCC
                0x0000000000236c80       0x60 ccc.o
                0x0000000000236c80                _ZTV3CCC
 .data.rel.ro._ZTI6CUDTCC
                0x0000000000236ce0       0x18 ccc.o
                0x0000000000236ce0                _ZTI6CUDTCC
 *fill*         0x0000000000236cf8        0x8 00
 .data.rel.ro._ZTI3CCC
                0x0000000000236d00       0x10 ccc.o
                0x0000000000236d00                _ZTI3CCC

.dynamic        0x0000000000236d10      0x1c0
 *(.dynamic)
 .dynamic       0x0000000000236d10      0x1c0 /usr/lib/gcc/x86_64-linux-gnu/4.3.3/../../../../lib/crti.o
                0x0000000000236d10                _DYNAMIC

.got            0x0000000000236ed0      0x100
 *(.got)
 .got           0x0000000000236ed0      0x100 /usr/lib/gcc/x86_64-linux-gnu/4.3.3/../../../../lib/crti.o
                0x0000000000236fe8                . = (. DATA_SEGMENT_RELRO_END 0x18)

.got.plt        0x0000000000236fe8      0xc60
 *(.got.plt)
 .got.plt       0x0000000000236fe8      0xc60 /usr/lib/gcc/x86_64-linux-gnu/4.3.3/../../../../lib/crti.o
                0x0000000000236fe8                _GLOBAL_OFFSET_TABLE_

.data           0x0000000000237c48       0x20
 *(.data .data.* .gnu.linkonce.d.*)
 .data          0x0000000000237c48        0x0 /usr/lib/gcc/x86_64-linux-gnu/4.3.3/../../../../lib/crti.o
 .data          0x0000000000237c48        0x0 /usr/lib/gcc/x86_64-linux-gnu/4.3.3/crtbeginS.o
 .data.rel      0x0000000000237c48        0x8 /usr/lib/gcc/x86_64-linux-gnu/4.3.3/crtbeginS.o
                0x0000000000237c48                __dso_handle
 .data          0x0000000000237c50        0x0 channel.o
 .data.DW.ref.__gxx_personality_v0
                0x0000000000237c50        0x8 channel.o
                0x0000000000237c50                DW.ref.__gxx_personality_v0
 .data          0x0000000000237c58        0x0 core.o
 .data          0x0000000000237c58        0x0 common.o
 .data          0x0000000000237c58        0x0 packet.o
 .data          0x0000000000237c58        0x0 com_barchart_udt_SocketUDT.o
 .data          0x0000000000237c58        0x0 api.o
 .data.DW.ref._ZTI13CUDTException
                0x0000000000237c58        0x8 api.o
                0x0000000000237c58                DW.ref._ZTI13CUDTException
 .data.DW.ref._ZTISt9bad_alloc
                0x0000000000237c60        0x8 api.o
                0x0000000000237c60                DW.ref._ZTISt9bad_alloc
 .data          0x0000000000237c68        0x0 ccc.o
 .data          0x0000000000237c68        0x0 buffer.o
 .data          0x0000000000237c68        0x0 window.o
 .data          0x0000000000237c68        0x0 md5.o
 .data          0x0000000000237c68        0x0 list.o
 .data          0x0000000000237c68        0x0 cache.o
 .data          0x0000000000237c68        0x0 queue.o
 .data          0x0000000000237c68        0x0 /usr/lib/gcc/x86_64-linux-gnu/4.3.3/crtendS.o
 .data          0x0000000000237c68        0x0 /usr/lib/gcc/x86_64-linux-gnu/4.3.3/../../../../lib/crtn.o

.data1
 *(.data1)
                0x0000000000237c68                _edata = .
                0x0000000000237c68                PROVIDE (edata, .)
                0x0000000000237c68                __bss_start = .

.bss            0x0000000000237c80      0x488
 *(.dynbss)
 .dynbss        0x0000000000000000        0x0 /usr/lib/gcc/x86_64-linux-gnu/4.3.3/../../../../lib/crti.o
 *(.bss .bss.* .gnu.linkonce.b.*)
 .bss           0x0000000000237c80        0x0 /usr/lib/gcc/x86_64-linux-gnu/4.3.3/../../../../lib/crti.o
 .bss           0x0000000000237c80       0x10 /usr/lib/gcc/x86_64-linux-gnu/4.3.3/crtbeginS.o
 .bss           0x0000000000237c90        0x0 channel.o
 *fill*         0x0000000000237c90       0x10 00
 .bss           0x0000000000237ca0      0x198 core.o
                0x0000000000237ca0                _ZN4CUDT11s_UDTUnitedE
 *fill*         0x0000000000237e38        0x8 00
 .bss           0x0000000000237e40       0x90 common.o
                0x0000000000237e60                _ZN6CTimer11m_EventLockE
                0x0000000000237e40                _ZN6CTimer17s_ullCPUFrequencyE
                0x0000000000237ea0                _ZN6CTimer11m_EventCondE
 .bss           0x0000000000237ed0        0x0 packet.o
 .bss           0x0000000000237ed0      0x238 com_barchart_udt_SocketUDT.o
 .bss           0x0000000000238108        0x0 api.o
 .bss           0x0000000000238108        0x0 ccc.o
 .bss           0x0000000000238108        0x0 buffer.o
 .bss           0x0000000000238108        0x0 window.o
 .bss           0x0000000000238108        0x0 md5.o
 .bss           0x0000000000238108        0x0 list.o
 .bss           0x0000000000238108        0x0 cache.o
 .bss           0x0000000000238108        0x0 queue.o
 .bss           0x0000000000238108        0x0 /usr/lib/gcc/x86_64-linux-gnu/4.3.3/crtendS.o
 .bss           0x0000000000238108        0x0 /usr/lib/gcc/x86_64-linux-gnu/4.3.3/../../../../lib/crtn.o
 *(COMMON)
                0x0000000000238108                . = ALIGN ((. != 0x0)?0x8:0x1)

.lbss
 *(.dynlbss)
 *(.lbss .lbss.* .gnu.linkonce.lb.*)
 *(LARGE_COMMON)
                0x0000000000238108                . = ALIGN (0x8)

.lrodata
 *(.lrodata .lrodata.* .gnu.linkonce.lr.*)

.ldata          0x0000000000638108        0x0
 *(.ldata .ldata.* .gnu.linkonce.l.*)
                0x0000000000638108                . = ALIGN ((. != 0x0)?0x8:0x1)
                0x0000000000638108                . = ALIGN (0x8)
                0x0000000000638108                _end = .
                0x0000000000638108                PROVIDE (end, .)
                0x0000000000638108                . = DATA_SEGMENT_END (.)

.stab
 *(.stab)

.stabstr
 *(.stabstr)

.stab.excl
 *(.stab.excl)

.stab.exclstr
 *(.stab.exclstr)

.stab.index
 *(.stab.index)

.stab.indexstr
 *(.stab.indexstr)

.comment        0x0000000000000000      0x264
 *(.comment)
 .comment       0x0000000000000000       0x24 /usr/lib/gcc/x86_64-linux-gnu/4.3.3/../../../../lib/crti.o
 .comment       0x0000000000000024       0x24 /usr/lib/gcc/x86_64-linux-gnu/4.3.3/crtbeginS.o
 .comment       0x0000000000000048       0x24 channel.o
 .comment       0x000000000000006c       0x24 core.o
 .comment       0x0000000000000090       0x24 common.o
 .comment       0x00000000000000b4       0x24 packet.o
 .comment       0x00000000000000d8       0x24 com_barchart_udt_SocketUDT.o
 .comment       0x00000000000000fc       0x24 api.o
 .comment       0x0000000000000120       0x24 ccc.o
 .comment       0x0000000000000144       0x24 buffer.o
 .comment       0x0000000000000168       0x24 window.o
 .comment       0x000000000000018c       0x24 md5.o
 .comment       0x00000000000001b0       0x24 list.o
 .comment       0x00000000000001d4       0x24 cache.o
 .comment       0x00000000000001f8       0x24 queue.o
 .comment       0x000000000000021c       0x24 /usr/lib/gcc/x86_64-linux-gnu/4.3.3/crtendS.o
 .comment       0x0000000000000240       0x24 /usr/lib/gcc/x86_64-linux-gnu/4.3.3/../../../../lib/crtn.o

.debug
 *(.debug)

.line
 *(.line)

.debug_srcinfo
 *(.debug_srcinfo)

.debug_sfnames
 *(.debug_sfnames)

.debug_aranges  0x0000000000000000       0x90
 *(.debug_aranges)
 .debug_aranges
                0x0000000000000000       0x50 /usr/lib/gcc/x86_64-linux-gnu/4.3.3/../../../../lib/crti.o
 .debug_aranges
                0x0000000000000050       0x40 /usr/lib/gcc/x86_64-linux-gnu/4.3.3/../../../../lib/crtn.o

.debug_pubnames
 *(.debug_pubnames)

.debug_info     0x0000000000000000       0xf2
 *(.debug_info .gnu.linkonce.wi.*)
 .debug_info    0x0000000000000000       0x79 /usr/lib/gcc/x86_64-linux-gnu/4.3.3/../../../../lib/crti.o
 .debug_info    0x0000000000000079       0x79 /usr/lib/gcc/x86_64-linux-gnu/4.3.3/../../../../lib/crtn.o

.debug_abbrev   0x0000000000000000       0x24
 *(.debug_abbrev)
 .debug_abbrev  0x0000000000000000       0x12 /usr/lib/gcc/x86_64-linux-gnu/4.3.3/../../../../lib/crti.o
 .debug_abbrev  0x0000000000000012       0x12 /usr/lib/gcc/x86_64-linux-gnu/4.3.3/../../../../lib/crtn.o

.debug_line     0x0000000000000000      0x118
 *(.debug_line)
 .debug_line    0x0000000000000000       0x99 /usr/lib/gcc/x86_64-linux-gnu/4.3.3/../../../../lib/crti.o
 .debug_line    0x0000000000000099       0x7f /usr/lib/gcc/x86_64-linux-gnu/4.3.3/../../../../lib/crtn.o

.debug_frame
 *(.debug_frame)

.debug_str
 *(.debug_str)

.debug_loc
 *(.debug_loc)

.debug_macinfo
 *(.debug_macinfo)

.debug_weaknames
 *(.debug_weaknames)

.debug_funcnames
 *(.debug_funcnames)

.debug_typenames
 *(.debug_typenames)

.debug_varnames
 *(.debug_varnames)

.debug_pubtypes
 *(.debug_pubtypes)

.debug_ranges   0x0000000000000000       0x90
 *(.debug_ranges)
 .debug_ranges  0x0000000000000000       0x50 /usr/lib/gcc/x86_64-linux-gnu/4.3.3/../../../../lib/crti.o
 .debug_ranges  0x0000000000000050       0x40 /usr/lib/gcc/x86_64-linux-gnu/4.3.3/../../../../lib/crtn.o

.gnu.attributes
 *(.gnu.attributes)

/DISCARD/
 *(.note.GNU-stack)
 *(.gnu_debuglink)
OUTPUT(libSocketUDT-linux-x86-64.so elf64-x86-64)
