
Discarded input sections

 .note.GNU-stack
                0x0000000000000000        0x0 /usr/lib/gcc/x86_64-linux-gnu/4.4.5/../../../../lib/crti.o
 .gnu_debuglink
                0x0000000000000000        0xc /usr/lib/gcc/x86_64-linux-gnu/4.4.5/../../../../lib/crti.o
 .note.GNU-stack
                0x0000000000000000        0x0 /usr/lib/gcc/x86_64-linux-gnu/4.4.5/crtbeginS.o
 .group         0x0000000000000000        0x8 channel.o
 .note.GNU-stack
                0x0000000000000000        0x0 channel.o
 .group         0x0000000000000000        0x8 core.o
 .group         0x0000000000000000        0x8 core.o
 .group         0x0000000000000000        0x8 core.o
 .group         0x0000000000000000        0x8 core.o
 .group         0x0000000000000000        0x8 core.o
 .group         0x0000000000000000        0x8 core.o
 .group         0x0000000000000000        0x8 core.o
 .group         0x0000000000000000        0x8 core.o
 .group         0x0000000000000000        0x8 core.o
 .group         0x0000000000000000        0x8 core.o
 .group         0x0000000000000000        0x8 core.o
 .group         0x0000000000000000        0x8 core.o
 .group         0x0000000000000000        0x8 core.o
 .group         0x0000000000000000        0x8 core.o
 .group         0x0000000000000000        0x8 core.o
 .group         0x0000000000000000        0x8 core.o
 .data.DW.ref.__gxx_personality_v0
                0x0000000000000000        0x8 core.o
 .note.GNU-stack
                0x0000000000000000        0x0 core.o
 .group         0x0000000000000000        0x8 common.o
 .group         0x0000000000000000        0x8 common.o
 .group         0x0000000000000000        0x8 common.o
 .group         0x0000000000000000        0x8 common.o
 .data.DW.ref.__gxx_personality_v0
                0x0000000000000000        0x8 common.o
 .note.GNU-stack
                0x0000000000000000        0x0 common.o
 .group         0x0000000000000000        0x8 packet.o
 .data.DW.ref.__gxx_personality_v0
                0x0000000000000000        0x8 packet.o
 .note.GNU-stack
                0x0000000000000000        0x0 packet.o
 .group         0x0000000000000000        0x8 com_barchart_udt_SocketUDT.o
 .group         0x0000000000000000        0x8 com_barchart_udt_SocketUDT.o
 .group         0x0000000000000000        0x8 com_barchart_udt_SocketUDT.o
 .group         0x0000000000000000        0x8 com_barchart_udt_SocketUDT.o
 .group         0x0000000000000000        0x8 com_barchart_udt_SocketUDT.o
 .group         0x0000000000000000        0x8 com_barchart_udt_SocketUDT.o
 .group         0x0000000000000000        0x8 com_barchart_udt_SocketUDT.o
 .group         0x0000000000000000        0x8 com_barchart_udt_SocketUDT.o
 .group         0x0000000000000000        0x8 com_barchart_udt_SocketUDT.o
 .group         0x0000000000000000        0x8 com_barchart_udt_SocketUDT.o
 .text._ZNSt8_Rb_treeIiiSt9_IdentityIiESt4lessIiESaIiEE8_M_eraseEPSt13_Rb_tree_nodeIiE
                0x0000000000000000      0x1b1 com_barchart_udt_SocketUDT.o
 .text._ZNSt3setIiSt4lessIiESaIiEED1Ev
                0x0000000000000000       0x17 com_barchart_udt_SocketUDT.o
 .data.DW.ref.__gxx_personality_v0
                0x0000000000000000        0x8 com_barchart_udt_SocketUDT.o
 .note.GNU-stack
                0x0000000000000000        0x0 com_barchart_udt_SocketUDT.o
 .group         0x0000000000000000        0x8 api.o
 .group         0x0000000000000000        0x8 api.o
 .group         0x0000000000000000        0x8 api.o
 .group         0x0000000000000000        0x8 api.o
 .group         0x0000000000000000        0x8 api.o
 .group         0x0000000000000000        0x8 api.o
 .group         0x0000000000000000        0x8 api.o
 .group         0x0000000000000000        0x8 api.o
 .group         0x0000000000000000        0x8 api.o
 .group         0x0000000000000000        0x8 api.o
 .group         0x0000000000000000        0x8 api.o
 .group         0x0000000000000000        0x8 api.o
 .group         0x0000000000000000        0x8 api.o
 .group         0x0000000000000000        0x8 api.o
 .group         0x0000000000000000        0x8 api.o
 .group         0x0000000000000000        0x8 api.o
 .group         0x0000000000000000        0x8 api.o
 .group         0x0000000000000000        0x8 api.o
 .group         0x0000000000000000        0x8 api.o
 .group         0x0000000000000000        0x8 api.o
 .group         0x0000000000000000        0x8 api.o
 .group         0x0000000000000000        0x8 api.o
 .group         0x0000000000000000        0x8 api.o
 .group         0x0000000000000000        0x8 api.o
 .group         0x0000000000000000        0x8 api.o
 .group         0x0000000000000000        0x8 api.o
 .text._ZNSt8_Rb_treeIiiSt9_IdentityIiESt4lessIiESaIiEE8_M_eraseEPSt13_Rb_tree_nodeIiE
                0x0000000000000000      0x1b1 api.o
 .text._ZNSt3setIiSt4lessIiESaIiEED1Ev
                0x0000000000000000       0x17 api.o
 .text._ZNSt6vectorIiSaIiEE13_M_insert_auxEN9__gnu_cxx17__normal_iteratorIPiS1_EERKi
                0x0000000000000000      0x175 api.o
 .data.DW.ref.__gxx_personality_v0
                0x0000000000000000        0x8 api.o
 .note.GNU-stack
                0x0000000000000000        0x0 api.o
 .group         0x0000000000000000        0x8 ccc.o
 .group         0x0000000000000000        0x8 ccc.o
 .group         0x0000000000000000        0x8 ccc.o
 .group         0x0000000000000000        0x8 ccc.o
 .group         0x0000000000000000        0x8 ccc.o
 .group         0x0000000000000000        0x8 ccc.o
 .group         0x0000000000000000        0x8 ccc.o
 .group         0x0000000000000000        0x8 ccc.o
 .group         0x0000000000000000        0x8 ccc.o
 .group         0x0000000000000000        0x8 ccc.o
 .group         0x0000000000000000        0x8 ccc.o
 .group         0x0000000000000000        0x8 ccc.o
 .group         0x0000000000000000        0x8 ccc.o
 .group         0x0000000000000000        0x8 ccc.o
 .group         0x0000000000000000        0x8 ccc.o
 .group         0x0000000000000000        0x8 ccc.o
 .group         0x0000000000000000        0x8 ccc.o
 .data.DW.ref.__gxx_personality_v0
                0x0000000000000000        0x8 ccc.o
 .note.GNU-stack
                0x0000000000000000        0x0 ccc.o
 .group         0x0000000000000000        0x8 buffer.o
 .data.DW.ref.__gxx_personality_v0
                0x0000000000000000        0x8 buffer.o
 .note.GNU-stack
                0x0000000000000000        0x0 buffer.o
 .group         0x0000000000000000        0x8 epoll.o
 .group         0x0000000000000000        0x8 epoll.o
 .group         0x0000000000000000        0x8 epoll.o
 .group         0x0000000000000000        0x8 epoll.o
 .group         0x0000000000000000        0x8 epoll.o
 .group         0x0000000000000000        0x8 epoll.o
 .group         0x0000000000000000        0x8 epoll.o
 .group         0x0000000000000000        0x8 epoll.o
 .group         0x0000000000000000        0x8 epoll.o
 .group         0x0000000000000000        0x8 epoll.o
 .text._ZNSt8_Rb_treeIiiSt9_IdentityIiESt4lessIiESaIiEE8_M_eraseEPSt13_Rb_tree_nodeIiE
                0x0000000000000000      0x1b1 epoll.o
 .text._ZNSt3setIiSt4lessIiESaIiEED1Ev
                0x0000000000000000       0x17 epoll.o
 .text._ZNSt8_Rb_treeIiiSt9_IdentityIiESt4lessIiESaIiEE7_M_copyEPKSt13_Rb_tree_nodeIiEPS7_
                0x0000000000000000      0x114 epoll.o
 .text._ZNSt6vectorIiSaIiEE13_M_insert_auxEN9__gnu_cxx17__normal_iteratorIPiS1_EERKi
                0x0000000000000000      0x175 epoll.o
 .data.DW.ref.__gxx_personality_v0
                0x0000000000000000        0x8 epoll.o
 .note.GNU-stack
                0x0000000000000000        0x0 epoll.o
 .group         0x0000000000000000        0x8 window.o
 .data.DW.ref.__gxx_personality_v0
                0x0000000000000000        0x8 window.o
 .note.GNU-stack
                0x0000000000000000        0x0 window.o
 .group         0x0000000000000000        0x8 md5.o
 .data.DW.ref.__gxx_personality_v0
                0x0000000000000000        0x8 md5.o
 .note.GNU-stack
                0x0000000000000000        0x0 md5.o
 .group         0x0000000000000000        0x8 list.o
 .data.DW.ref.__gxx_personality_v0
                0x0000000000000000        0x8 list.o
 .note.GNU-stack
                0x0000000000000000        0x0 list.o
 .group         0x0000000000000000        0x8 cache.o
 .group         0x0000000000000000        0x8 cache.o
 .group         0x0000000000000000        0x8 cache.o
 .group         0x0000000000000000        0x8 cache.o
 .group         0x0000000000000000        0x8 cache.o
 .data.DW.ref.__gxx_personality_v0
                0x0000000000000000        0x8 cache.o
 .note.GNU-stack
                0x0000000000000000        0x0 cache.o
 .group         0x0000000000000000        0x8 queue.o
 .group         0x0000000000000000        0x8 queue.o
 .group         0x0000000000000000        0x8 queue.o
 .group         0x0000000000000000        0x8 queue.o
 .group         0x0000000000000000        0x8 queue.o
 .group         0x0000000000000000        0x8 queue.o
 .group         0x0000000000000000        0x8 queue.o
 .group         0x0000000000000000        0x8 queue.o
 .group         0x0000000000000000        0x8 queue.o
 .data.DW.ref.__gxx_personality_v0
                0x0000000000000000        0x8 queue.o
 .note.GNU-stack
                0x0000000000000000        0x0 queue.o
 .note.GNU-stack
                0x0000000000000000        0x0 /usr/lib/gcc/x86_64-linux-gnu/4.4.5/crtendS.o
 .note.GNU-stack
                0x0000000000000000        0x0 /usr/lib/gcc/x86_64-linux-gnu/4.4.5/../../../../lib/crtn.o
 .gnu_debuglink
                0x0000000000000000        0xc /usr/lib/gcc/x86_64-linux-gnu/4.4.5/../../../../lib/crtn.o

Memory Configuration

Name             Origin             Length             Attributes
*default*        0x0000000000000000 0xffffffffffffffff

Linker script and memory map

LOAD /usr/lib/gcc/x86_64-linux-gnu/4.4.5/../../../../lib/crti.o
LOAD /usr/lib/gcc/x86_64-linux-gnu/4.4.5/crtbeginS.o
LOAD channel.o
LOAD core.o
LOAD common.o
LOAD packet.o
LOAD com_barchart_udt_SocketUDT.o
LOAD api.o
LOAD ccc.o
LOAD buffer.o
LOAD epoll.o
LOAD window.o
LOAD md5.o
LOAD list.o
LOAD cache.o
LOAD queue.o
LOAD /usr/lib/gcc/x86_64-linux-gnu/4.4.5/libstdc++.so
LOAD /usr/lib/gcc/x86_64-linux-gnu/4.4.5/../../../../lib/libpthread.so
START GROUP
LOAD //lib/libpthread.so.0
LOAD //usr/lib/libpthread_nonshared.a
END GROUP
LOAD /usr/lib/gcc/x86_64-linux-gnu/4.4.5/libgcc.a
LOAD /usr/lib/gcc/x86_64-linux-gnu/4.4.5/libgcc_s.so
LOAD /usr/lib/gcc/x86_64-linux-gnu/4.4.5/../../../../lib/libc.so
START GROUP
LOAD //lib/libc.so.6
LOAD //usr/lib/libc_nonshared.a
LOAD //lib/ld-linux-x86-64.so.2
END GROUP
LOAD /usr/lib/gcc/x86_64-linux-gnu/4.4.5/libgcc.a
LOAD /usr/lib/gcc/x86_64-linux-gnu/4.4.5/libgcc_s.so
LOAD /usr/lib/gcc/x86_64-linux-gnu/4.4.5/crtendS.o
LOAD /usr/lib/gcc/x86_64-linux-gnu/4.4.5/../../../../lib/crtn.o
                0x00000000000001c8                . = (0x0 + SIZEOF_HEADERS)

.note.gnu.build-id
                0x00000000000001c8       0x24
 *(.note.gnu.build-id)
 .note.gnu.build-id
                0x00000000000001c8       0x24 /usr/lib/gcc/x86_64-linux-gnu/4.4.5/../../../../lib/crti.o

.hash
 *(.hash)

.gnu.hash       0x00000000000001f0     0x137c
 *(.gnu.hash)
 .gnu.hash      0x00000000000001f0     0x137c /usr/lib/gcc/x86_64-linux-gnu/4.4.5/../../../../lib/crti.o

.dynsym         0x0000000000001570     0x4068
 *(.dynsym)
 .dynsym        0x0000000000001570     0x4068 /usr/lib/gcc/x86_64-linux-gnu/4.4.5/../../../../lib/crti.o

.dynstr         0x00000000000055d8     0x551b
 *(.dynstr)
 .dynstr        0x00000000000055d8     0x551b /usr/lib/gcc/x86_64-linux-gnu/4.4.5/../../../../lib/crti.o

.gnu.version    0x000000000000aaf4      0x55e
 *(.gnu.version)
 .gnu.version   0x000000000000aaf4      0x55e /usr/lib/gcc/x86_64-linux-gnu/4.4.5/../../../../lib/crti.o

.gnu.version_d  0x000000000000b058        0x0 load address 0x000000000000b052
 *(.gnu.version_d)
 .gnu.version_d
                0x0000000000000000        0x0 /usr/lib/gcc/x86_64-linux-gnu/4.4.5/../../../../lib/crti.o

.gnu.version_r  0x000000000000b058       0xe0
 *(.gnu.version_r)
 .gnu.version_r
                0x000000000000b058       0xe0 /usr/lib/gcc/x86_64-linux-gnu/4.4.5/../../../../lib/crti.o

.rela.dyn       0x000000000000b138      0x888
 *(.rela.init)
 *(.rela.text .rela.text.* .rela.gnu.linkonce.t.*)
 .rela.text     0x0000000000000000        0x0 /usr/lib/gcc/x86_64-linux-gnu/4.4.5/../../../../lib/crti.o
 *(.rela.fini)
 *(.rela.rodata .rela.rodata.* .rela.gnu.linkonce.r.*)
 *(.rela.data .rela.data.* .rela.gnu.linkonce.d.*)
 .rela.data.rel
                0x000000000000b138       0x18 /usr/lib/gcc/x86_64-linux-gnu/4.4.5/../../../../lib/crti.o
 .rela.data.DW.ref.__gxx_personality_v0
                0x000000000000b150       0x18 /usr/lib/gcc/x86_64-linux-gnu/4.4.5/../../../../lib/crti.o
 .rela.data.rel.ro._ZTV10CCCFactoryI6CUDTCCE
                0x000000000000b168       0x78 /usr/lib/gcc/x86_64-linux-gnu/4.4.5/../../../../lib/crti.o
 .rela.data.rel.ro._ZTI10CCCFactoryI6CUDTCCE
                0x000000000000b1e0       0x48 /usr/lib/gcc/x86_64-linux-gnu/4.4.5/../../../../lib/crti.o
 .rela.data.rel.ro._ZTI17CCCVirtualFactory
                0x000000000000b228       0x30 /usr/lib/gcc/x86_64-linux-gnu/4.4.5/../../../../lib/crti.o
 .rela.data.rel.ro._ZTV17CCCVirtualFactory
                0x000000000000b258       0x78 /usr/lib/gcc/x86_64-linux-gnu/4.4.5/../../../../lib/crti.o
 .rela.data.rel.ro._ZTV13CUDTException
                0x000000000000b2d0       0x90 /usr/lib/gcc/x86_64-linux-gnu/4.4.5/../../../../lib/crti.o
 .rela.data.rel.ro._ZTI13CUDTException
                0x000000000000b360       0x30 /usr/lib/gcc/x86_64-linux-gnu/4.4.5/../../../../lib/crti.o
 .rela.data.DW.ref._ZTI13CUDTException
                0x000000000000b390       0x18 /usr/lib/gcc/x86_64-linux-gnu/4.4.5/../../../../lib/crti.o
 .rela.data.DW.ref._ZTISt9bad_alloc
                0x000000000000b3a8       0x18 /usr/lib/gcc/x86_64-linux-gnu/4.4.5/../../../../lib/crti.o
 .rela.data.rel.ro._ZTV6CUDTCC
                0x000000000000b3c0      0x108 /usr/lib/gcc/x86_64-linux-gnu/4.4.5/../../../../lib/crti.o
 .rela.data.rel.ro._ZTV3CCC
                0x000000000000b4c8      0x108 /usr/lib/gcc/x86_64-linux-gnu/4.4.5/../../../../lib/crti.o
 .rela.data.rel.ro._ZTI6CUDTCC
                0x000000000000b5d0       0x48 /usr/lib/gcc/x86_64-linux-gnu/4.4.5/../../../../lib/crti.o
 .rela.data.rel.ro._ZTI3CCC
                0x000000000000b618       0x30 /usr/lib/gcc/x86_64-linux-gnu/4.4.5/../../../../lib/crti.o
 *(.rela.tdata .rela.tdata.* .rela.gnu.linkonce.td.*)
 *(.rela.tbss .rela.tbss.* .rela.gnu.linkonce.tb.*)
 *(.rela.ctors)
 .rela.ctors    0x000000000000b648       0x30 /usr/lib/gcc/x86_64-linux-gnu/4.4.5/../../../../lib/crti.o
 *(.rela.dtors)
 *(.rela.got)
 .rela.got      0x000000000000b678      0x348 /usr/lib/gcc/x86_64-linux-gnu/4.4.5/../../../../lib/crti.o
 *(.rela.bss .rela.bss.* .rela.gnu.linkonce.b.*)
 *(.rela.ldata .rela.ldata.* .rela.gnu.linkonce.l.*)
 *(.rela.lbss .rela.lbss.* .rela.gnu.linkonce.lb.*)
 *(.rela.lrodata .rela.lrodata.* .rela.gnu.linkonce.lr.*)
 *(.rela.ifunc)
 .rela.ifunc    0x0000000000000000        0x0 /usr/lib/gcc/x86_64-linux-gnu/4.4.5/../../../../lib/crti.o
 .rela.eh_frame
                0x0000000000000000        0x0 /usr/lib/gcc/x86_64-linux-gnu/4.4.5/../../../../lib/crti.o
 .rela.gcc_except_table
                0x0000000000000000        0x0 /usr/lib/gcc/x86_64-linux-gnu/4.4.5/../../../../lib/crti.o

.rela.plt       0x000000000000b9c0     0x2940
 *(.rela.plt)
 .rela.plt      0x000000000000b9c0     0x2940 /usr/lib/gcc/x86_64-linux-gnu/4.4.5/../../../../lib/crti.o
 *(.rela.iplt)

.init           0x000000000000e300       0x18
 *(.init)
 .init          0x000000000000e300        0x9 /usr/lib/gcc/x86_64-linux-gnu/4.4.5/../../../../lib/crti.o
                0x000000000000e300                _init
 .init          0x000000000000e309        0x5 /usr/lib/gcc/x86_64-linux-gnu/4.4.5/crtbeginS.o
 .init          0x000000000000e30e        0x5 /usr/lib/gcc/x86_64-linux-gnu/4.4.5/crtendS.o
 .init          0x000000000000e313        0x5 /usr/lib/gcc/x86_64-linux-gnu/4.4.5/../../../../lib/crtn.o

.plt            0x000000000000e318     0x1b90
 *(.plt)
 .plt           0x000000000000e318     0x1b90 /usr/lib/gcc/x86_64-linux-gnu/4.4.5/../../../../lib/crti.o
 *(.iplt)

.text           0x000000000000feb0    0x26568
 *(.text.unlikely .text.*_unlikely)
 *(.text .stub .text.* .gnu.linkonce.t.*)
 .text          0x000000000000feb0       0x17 /usr/lib/gcc/x86_64-linux-gnu/4.4.5/../../../../lib/crti.o
 *fill*         0x000000000000fec7        0x9 90909090
 .text          0x000000000000fed0       0xaa /usr/lib/gcc/x86_64-linux-gnu/4.4.5/crtbeginS.o
 *fill*         0x000000000000ff7a        0x6 90909090
 .text          0x000000000000ff80      0x73a channel.o
                0x000000000000ff80                _ZN8CChannelC2Ev
                0x000000000000ffb0                _ZN8CChannelC1Ev
                0x000000000000ffe0                _ZN8CChannelC2ERKi
                0x0000000000010000                _ZN8CChannelC1ERKi
                0x0000000000010020                _ZN8CChannelD2Ev
                0x0000000000010030                _ZN8CChannelD1Ev
                0x0000000000010040                _ZN8CChannel13setSndBufSizeERKi
                0x0000000000010050                _ZN8CChannel13setRcvBufSizeERKi
                0x0000000000010060                _ZNK8CChannel8recvfromEP8sockaddrR7CPacket
                0x0000000000010180                _ZNK8CChannel6sendtoEPK8sockaddrR7CPacket
                0x0000000000010300                _ZNK8CChannel11getPeerAddrEP8sockaddr
                0x0000000000010330                _ZNK8CChannel11getSockAddrEP8sockaddr
                0x0000000000010360                _ZN8CChannel13getRcvBufSizeEv
                0x00000000000103a0                _ZN8CChannel13getSndBufSizeEv
                0x00000000000103e0                _ZNK8CChannel5closeEv
                0x00000000000103f0                _ZN8CChannel13setUDPSockOptEv
                0x0000000000010500                _ZN8CChannel4openEi
                0x0000000000010510                _ZN8CChannel4openEPK8sockaddr
 *fill*         0x00000000000106ba        0x6 90909090
 .text          0x00000000000106c0     0x74aa core.o
                0x0000000000010700                _ZN4CUDT6listenEP8sockaddrR7CPacket
                0x0000000000010a40                _ZN4CUDT12releaseSynchEv
                0x0000000000010ad0                _ZN4CUDT8sendCtrlERKiPvS2_S1_
                0x00000000000110f0                _ZN4CUDT11checkTimersEv
                0x0000000000011550                _ZN4CUDT11processDataEP5CUnit
                0x00000000000118b0                _ZN4CUDT8packDataER7CPacketRm
                0x0000000000011cb0                _ZN4CUDT11processCtrlER7CPacket
                0x00000000000129d0                _ZN4CUDT12destroySynchEv
                0x0000000000012a50                _ZN4CUDT9initSynchEv
                0x0000000000012ae0                _ZN4CUDT6getOptE6UDTOptPvRi
                0x0000000000012dd0                _ZN4CUDT6setOptE6UDTOptPKvRKi
                0x0000000000013520                _ZN4CUDT6sampleEP8CPerfMonb
                0x00000000000139a0                _ZN4CUDT8recvfileERSt13basic_fstreamIcSt11char_traitsIcEERlRKlRKi
                0x0000000000013db0                _ZN4CUDT8sendfileERSt13basic_fstreamIcSt11char_traitsIcEERlRKlRKi
                0x0000000000014250                _ZN4CUDT7recvmsgEPcRKi
                0x0000000000014630                _ZN4CUDT7sendmsgEPKcRKiS3_RKb
                0x0000000000014b20                _ZN4CUDT4sendEPKcRKi
                0x0000000000015010                _ZN4CUDT4recvEPcRKi
                0x0000000000015430                _ZN4CUDT5closeEv
                0x0000000000015670                _ZN4CUDT7connectEPK8sockaddrP10CHandShake
                0x0000000000015be0                _ZN4CUDT6listenEv
                0x0000000000015d50                _ZN4CUDT4openEv
                0x0000000000016070                _ZN4CUDTC1ERKS_
                0x0000000000016220                _ZN4CUDTC2ERKS_
                0x00000000000163d0                _ZN4CUDTC1Ev
                0x0000000000016580                _ZN4CUDTC2Ev
                0x0000000000016730                _ZN4CUDT11removeEPollEi
                0x00000000000168d0                _ZN4CUDTD2Ev
                0x0000000000016a20                _ZN4CUDTD1Ev
                0x0000000000016b70                _ZN4CUDT8addEPollEi
                0x0000000000016db0                _ZN4CUDT7connectEPK8sockaddr
 *fill*         0x0000000000017b6a        0x6 90909090
 .text._ZN17CCCVirtualFactoryD1Ev
                0x0000000000017b70       0x14 core.o
                0x0000000000017b70                _ZN17CCCVirtualFactoryD1Ev
 *fill*         0x0000000000017b84        0xc 90909090
 .text._ZN10CCCFactoryI6CUDTCCED1Ev
                0x0000000000017b90       0x14 core.o
                0x0000000000017b90                _ZN10CCCFactoryI6CUDTCCED1Ev
 *fill*         0x0000000000017ba4        0xc 90909090
 .text._ZN10CCCFactoryI6CUDTCCED0Ev
                0x0000000000017bb0       0x18 core.o
                0x0000000000017bb0                _ZN10CCCFactoryI6CUDTCCED0Ev
 *fill*         0x0000000000017bc8        0x8 90909090
 .text._ZN17CCCVirtualFactoryD0Ev
                0x0000000000017bd0       0x18 core.o
                0x0000000000017bd0                _ZN17CCCVirtualFactoryD0Ev
 *fill*         0x0000000000017be8        0x8 90909090
 .text._ZN10CCCFactoryI6CUDTCCE5cloneEv
                0x0000000000017bf0       0x1e core.o
                0x0000000000017bf0                _ZN10CCCFactoryI6CUDTCCE5cloneEv
 *fill*         0x0000000000017c0e        0x2 90909090
 .text._ZN13CUDTExceptionaSERKS_
                0x0000000000017c10       0x50 core.o
                0x0000000000017c10                _ZN13CUDTExceptionaSERKS_
 .text._ZN10CCCFactoryI6CUDTCCE6createEv
                0x0000000000017c60       0x40 core.o
                0x0000000000017c60                _ZN10CCCFactoryI6CUDTCCE6createEv
 .text._ZNSt8_Rb_treeIiiSt9_IdentityIiESt4lessIiESaIiEE8_M_eraseEPSt13_Rb_tree_nodeIiE
                0x0000000000017ca0      0x1b1 core.o
                0x0000000000017ca0                _ZNSt8_Rb_treeIiiSt9_IdentityIiESt4lessIiESaIiEE8_M_eraseEPSt13_Rb_tree_nodeIiE
 *fill*         0x0000000000017e51        0xf 90909090
 .text._ZNSt3setIiSt4lessIiESaIiEED1Ev
                0x0000000000017e60       0x17 core.o
                0x0000000000017e60                _ZNSt3setIiSt4lessIiESaIiEED1Ev
 *fill*         0x0000000000017e77        0x9 90909090
 .text          0x0000000000017e80     0x1143 common.o
                0x0000000000017e80                _ZN6CTimer5rdtscERm
                0x0000000000017ea0                _ZN6CTimer15getCPUFrequencyEv
                0x0000000000017eb0                _ZN13CUDTExceptionC2ERKS_
                0x0000000000017ef0                _ZN13CUDTExceptionC1ERKS_
                0x0000000000017f30                _ZNK13CUDTException12getErrorCodeEv
                0x0000000000017f50                _ZN13CUDTException5clearEv
                0x0000000000017f70                _ZN10CIPAddress5ipcmpEPK8sockaddrS2_RKi
                0x0000000000018060                _ZN10CIPAddress4ntopEPK8sockaddrPjRKi
                0x0000000000018110                _ZN10CIPAddress4ptonEP8sockaddrPKjRKi
                0x00000000000181a0                _ZN4CMD57computeEPKcPh
                0x0000000000018220                _ZN13CUDTExceptionC1Eiii
                0x0000000000018280                _ZN13CUDTExceptionC2Eiii
                0x00000000000182e0                _ZN6CGuard11releaseCondER14pthread_cond_t
                0x00000000000182f0                _ZN6CGuard10createCondER14pthread_cond_t
                0x0000000000018300                _ZN6CGuard12releaseMutexER15pthread_mutex_t
                0x0000000000018310                _ZN6CTimerD1Ev
                0x0000000000018340                _ZN6CTimerD2Ev
                0x0000000000018370                _ZN6CGuard11createMutexER15pthread_mutex_t
                0x0000000000018380                _ZN6CTimerC1Ev
                0x00000000000183f0                _ZN6CTimerC2Ev
                0x0000000000018460                _ZN6CGuard7leaveCSER15pthread_mutex_t
                0x0000000000018470                _ZN6CGuardD1Ev
                0x0000000000018490                _ZN6CGuardD2Ev
                0x00000000000184b0                _ZN6CGuard7enterCSER15pthread_mutex_t
                0x00000000000184c0                _ZN6CGuardC1ER15pthread_mutex_t
                0x00000000000184f0                _ZN6CGuardC2ER15pthread_mutex_t
                0x0000000000018520                _ZN6CTimer5sleepEv
                0x0000000000018530                _ZN6CTimer7getTimeEv
                0x0000000000018560                _ZN6CTimer12waitForEventEv
                0x00000000000185f0                _ZN6CTimer7sleeptoERKm
                0x00000000000186d0                _ZN6CTimer5sleepERKm
                0x0000000000018720                _ZN6CTimer12triggerEventEv
                0x0000000000018740                _ZN6CTimer4tickEv
                0x0000000000018750                _ZN6CTimer9interruptEv
                0x0000000000018770                _ZN6CTimer16readCPUFrequencyEv
                0x00000000000187f0                _ZN13CUDTExceptionD0Ev
                0x00000000000188e0                _ZN13CUDTExceptionD1Ev
                0x00000000000189c0                _ZN13CUDTExceptionD2Ev
                0x0000000000018aa0                _ZN13CUDTException15getErrorMessageEv
 *fill*         0x0000000000018fc3        0xd 90909090
 .text          0x0000000000018fd0      0x4f5 packet.o
                0x0000000000018fd0                _ZN7CPacketC2Ev
                0x0000000000019040                _ZN7CPacketC1Ev
                0x00000000000190b0                _ZN7CPacketD2Ev
                0x00000000000190c0                _ZN7CPacketD1Ev
                0x00000000000190d0                _ZNK7CPacket9getLengthEv
                0x00000000000190e0                _ZN7CPacket9setLengthERKi
                0x00000000000190f0                _ZN7CPacket4packERKiPvS2_S1_
                0x0000000000019230                _ZN7CPacket15getPacketVectorEv
                0x0000000000019240                _ZNK7CPacket7getFlagEv
                0x0000000000019250                _ZNK7CPacket7getTypeEv
                0x0000000000019260                _ZNK7CPacket15getExtendedTypeEv
                0x0000000000019270                _ZNK7CPacket11getAckSeqNoEv
                0x0000000000019280                _ZNK7CPacket14getMsgBoundaryEv
                0x0000000000019290                _ZNK7CPacket15getMsgOrderFlagEv
                0x00000000000192a0                _ZNK7CPacket9getMsgSeqEv
                0x00000000000192b0                _ZN10CHandShakeC2Ev
                0x0000000000019310                _ZN10CHandShakeC1Ev
                0x0000000000019370                _ZN10CHandShake9serializeEPcRKi
                0x00000000000193d0                _ZN10CHandShake11deserializeEPKcRKi
                0x0000000000019430                _ZNK7CPacket5cloneEv
 *fill*         0x00000000000194c5        0xb 90909090
 .text          0x00000000000194d0     0x4c99 com_barchart_udt_SocketUDT.o
                0x00000000000194d0                UDT_GetSocketID
                0x00000000000194f0                UDT_SetSocketID
                0x0000000000019510                UDT_InitFieldMonitor
                0x0000000000019980                UDT_InitFieldRefAll
                0x0000000000019b80                Java_com_barchart_udt_SocketUDT_getSignatureJNI0
                0x0000000000019b90                Java_com_barchart_udt_SocketUDT_testEmptyCall0
                0x0000000000019ba0                Java_com_barchart_udt_SocketUDT_testIterateArray0
                0x0000000000019c00                Java_com_barchart_udt_SocketUDT_testMakeArray0
                0x0000000000019c20                Java_com_barchart_udt_SocketUDT_testGetSetArray0
                0x0000000000019ca0                Java_com_barchart_udt_SocketUDT_testFillArray0
                0x0000000000019e60                Java_com_barchart_udt_SocketUDT_testFillBuffer0
                0x000000000001a030                Java_com_barchart_udt_SocketUDT_testDirectIntBufferAccess0
                0x000000000001a0b0                Java_com_barchart_udt_SocketUDT_testDirectByteBufferAccess0
                0x000000000001a120                Java_com_barchart_udt_SocketUDT_testCrashJVM0
                0x000000000001a150                UDT_InitMethodRefAll
                0x000000000001a460                X_InitMethodRef
                0x000000000001a4d0                XXX_ThrowSocketExceptionMessage
                0x000000000001a560                X_InitClassReference
                0x000000000001a610                UDT_InitClassRefAll
                0x000000000001a770                Java_com_barchart_udt_SocketUDT_clearError0
                0x000000000001a790                Java_com_barchart_udt_SocketUDT_getErrorMessage0
                0x000000000001a7f0                Java_com_barchart_udt_SocketUDT_getErrorCode0
                0x000000000001a810                Java_com_barchart_udt_SocketUDT_testIterateSet0
                0x000000000001a870                UDT_NewExceptionUDT
                0x000000000001a920                UDT_ThrowExceptionUDT_ErrorInfo
                0x000000000001aa00                Java_com_barchart_udt_SocketUDT_testInvalidClose0
                0x000000000001aa90                Java_com_barchart_udt_SocketUDT_initInstance1
                0x000000000001ab20                UDT_ThrowExceptionUDT_Message
                0x000000000001abd0                X_IsValidRange
                0x000000000001ac40                UDT_NewLingerUDT
                0x000000000001acd0                X_NewInetAddress
                0x000000000001adb0                X_NewLong
                0x000000000001ae10                X_NewInteger
                0x000000000001ae70                X_NewBoolean
                0x000000000001aec0                UDT_CopySetToArray
                0x000000000001af10                Java_com_barchart_udt_SocketUDT_updateMonitor0
                0x000000000001b3a0                UDT_ReturnSendError
                0x000000000001b430                Java_com_barchart_udt_SocketUDT_send2
                0x000000000001b540                Java_com_barchart_udt_SocketUDT_send1
                0x000000000001b6c0                Java_com_barchart_udt_SocketUDT_send0
                0x000000000001b7e0                UDT_ReturnReceiveError
                0x000000000001b870                Java_com_barchart_udt_SocketUDT_receive2
                0x000000000001b980                Java_com_barchart_udt_SocketUDT_receive1
                0x000000000001baf0                Java_com_barchart_udt_SocketUDT_receive0
                0x000000000001bc20                Java_com_barchart_udt_SocketUDT_listen0
                0x000000000001bcb0                Java_com_barchart_udt_SocketUDT_setOption0
                0x000000000001bf60                Java_com_barchart_udt_SocketUDT_getOption0
                0x000000000001c140                UDT_IsSocketOpen
                0x000000000001c180                Java_com_barchart_udt_SocketUDT_isOpen0
                0x000000000001c190                Java_com_barchart_udt_SocketUDT_close0
                0x000000000001c250                Java_com_barchart_udt_SocketUDT_accept0
                0x000000000001c3e0                Java_com_barchart_udt_SocketUDT_initInstance0
                0x000000000001c490                Java_com_barchart_udt_SocketUDT_stopClass0
                0x000000000001c510                Java_com_barchart_udt_SocketUDT_initClass0
                0x000000000001c5b0                X_IsSockaddrEqualsInetSocketAddress
                0x000000000001c6e0                X_NewInetSocketAddress
                0x000000000001c7e0                Java_com_barchart_udt_SocketUDT_hasLoadedLocalSocketAddress
                0x000000000001c8c0                Java_com_barchart_udt_SocketUDT_hasLoadedRemoteSocketAddress
                0x000000000001c9a0                X_ConvertSockaddrToInetSocketAddress
                0x000000000001cab0                X_ConvertInetSocketAddressToSockaddr
                0x000000000001cbd0                X_InitSockAddr
                0x000000000001cc20                Java_com_barchart_udt_SocketUDT_connect0
                0x000000000001cd70                Java_com_barchart_udt_SocketUDT_bind0
                0x000000000001ce90                UDT_CopyArrayToSet
                0x000000000001d030                Java_com_barchart_udt_SocketUDT_select0
                0x000000000001d5f0                Java_com_barchart_udt_SocketUDT_select1
                0x000000000001d9a0                Java_com_barchart_udt_SocketUDT_selectEx1
                0x000000000001dbf0                Java_com_barchart_udt_SocketUDT_selectEx0
 *fill*         0x000000000001e169        0x7 90909090
 .text._ZN7JNIEnv_16CallObjectMethodEP8_jobjectP10_jmethodIDz
                0x000000000001e170       0x9a com_barchart_udt_SocketUDT.o
                0x000000000001e170                _ZN7JNIEnv_16CallObjectMethodEP8_jobjectP10_jmethodIDz
 *fill*         0x000000000001e20a        0x6 90909090
 .text._ZN7JNIEnv_17CallBooleanMethodEP8_jobjectP10_jmethodIDz
                0x000000000001e210       0x9a com_barchart_udt_SocketUDT.o
                0x000000000001e210                _ZN7JNIEnv_17CallBooleanMethodEP8_jobjectP10_jmethodIDz
 *fill*         0x000000000001e2aa        0x6 90909090
 .text._ZN7JNIEnv_13CallIntMethodEP8_jobjectP10_jmethodIDz
                0x000000000001e2b0       0x9a com_barchart_udt_SocketUDT.o
                0x000000000001e2b0                _ZN7JNIEnv_13CallIntMethodEP8_jobjectP10_jmethodIDz
 *fill*         0x000000000001e34a        0x6 90909090
 .text._ZN7JNIEnv_14CallLongMethodEP8_jobjectP10_jmethodIDz
                0x000000000001e350       0x9a com_barchart_udt_SocketUDT.o
                0x000000000001e350                _ZN7JNIEnv_14CallLongMethodEP8_jobjectP10_jmethodIDz
 *fill*         0x000000000001e3ea        0x6 90909090
 .text._ZN7JNIEnv_9NewObjectEP7_jclassP10_jmethodIDz
                0x000000000001e3f0       0x9a com_barchart_udt_SocketUDT.o
                0x000000000001e3f0                _ZN7JNIEnv_9NewObjectEP7_jclassP10_jmethodIDz
 *fill*         0x000000000001e48a        0x6 90909090
 .text._ZNSt6vectorIiSaIiEED1Ev
                0x000000000001e490       0x1a com_barchart_udt_SocketUDT.o
                0x000000000001e490                _ZNSt6vectorIiSaIiEED1Ev
 *fill*         0x000000000001e4aa        0x6 90909090
 .text._ZNSt6vectorIiSaIiEE13_M_insert_auxEN9__gnu_cxx17__normal_iteratorIPiS1_EERKi
                0x000000000001e4b0      0x175 com_barchart_udt_SocketUDT.o
                0x000000000001e4b0                _ZNSt6vectorIiSaIiEE13_M_insert_auxEN9__gnu_cxx17__normal_iteratorIPiS1_EERKi
 *fill*         0x000000000001e625        0xb 90909090
 .text          0x000000000001e630     0x8732 api.o
                0x000000000001e630                _ZN10CUDTUnited6locateEi
                0x000000000001e6c0                _ZN10CUDTUnited9getStatusEi
                0x000000000001e760                _ZN10CUDTUnited9updateMuxEP10CUDTSocketPKS0_
                0x000000000001e850                _ZN10CUDTUnited8getErrorEv
                0x000000000001e8e0                _ZN4CUDT12getlasterrorEv
                0x000000000001e900                _ZN3UDT12getlasterrorEv
                0x000000000001e910                _ZN10CUDTUnited8setErrorEP13CUDTException
                0x000000000001e960                _ZN10CUDTUnited6locateEiPK8sockaddrRKiS4_
                0x000000000001eac0                _ZN10CUDTUnited13epoll_releaseEi
                0x000000000001eae0                _ZN4CUDT13epoll_releaseEi
                0x000000000001ec20                _ZN3UDT13epoll_releaseEi
                0x000000000001ec30                _ZN10CUDTUnited10epoll_waitEiPSt3setIiSt4lessIiESaIiEES5_lS5_S5_
                0x000000000001ec50                _ZN4CUDT10epoll_waitEiPSt3setIiSt4lessIiESaIiEES5_lS5_S5_
                0x000000000001eda0                _ZN3UDT10epoll_waitEiPSt3setIiSt4lessIiESaIiEES5_lS5_S5_
                0x000000000001edb0                _ZN10CUDTUnited18epoll_remove_ssockEiiPKi
                0x000000000001edd0                _ZN4CUDT18epoll_remove_ssockEiiPKi
                0x000000000001ef20                _ZN10CUDTUnited18epoll_remove_usockEiiPKi
                0x000000000001efd0                _ZN4CUDT18epoll_remove_usockEiiPKi
                0x000000000001f120                _ZN3UDT18epoll_remove_ssockEiiPKi
                0x000000000001f130                _ZN3UDT18epoll_remove_usockEiiPKi
                0x000000000001f140                _ZN10CUDTUnited6lookupEi
                0x000000000001f230                _ZN4CUDT12getUDTHandleEi
                0x000000000001f260                _ZN4CUDT7perfmonEiP8CPerfMonb
                0x000000000001f3c0                _ZN3UDT7perfmonEiP8CPerfMonb
                0x000000000001f3d0                _ZN4CUDT8recvfileEiRSt13basic_fstreamIcSt11char_traitsIcEERlRKlRKi
                0x000000000001f540                _ZN3UDT8recvfileEiRSt13basic_fstreamIcSt11char_traitsIcEERlli
                0x000000000001f560                _ZN4CUDT8sendfileEiRSt13basic_fstreamIcSt11char_traitsIcEERlRKlRKi
                0x000000000001f740                _ZN3UDT8sendfileEiRSt13basic_fstreamIcSt11char_traitsIcEERlli
                0x000000000001f760                _ZN4CUDT7recvmsgEiPci
                0x000000000001f8c0                _ZN3UDT7recvmsgEiPci
                0x000000000001f8d0                _ZN4CUDT7sendmsgEiPKciib
                0x000000000001faa0                _ZN3UDT7sendmsgEiPKciib
                0x000000000001fab0                _ZN4CUDT4recvEiPcii
                0x000000000001fc10                _ZN3UDT4recvEiPcii
                0x000000000001fc20                _ZN4CUDT4sendEiPKcii
                0x000000000001fde0                _ZN3UDT4sendEiPKcii
                0x000000000001fdf0                _ZN4CUDT10setsockoptEii6UDTOptPKvi
                0x000000000001ff50                _ZN3UDT10setsockoptEii6UDTOptPKvi
                0x000000000001ff60                _ZN4CUDT10getsockoptEii6UDTOptPvPi
                0x00000000000200c0                _ZN3UDT10getsockoptEii6UDTOptPvPi
                0x00000000000200d0                _ZN10CUDTUnited15epoll_add_ssockEiiPKi
                0x00000000000200f0                _ZN4CUDT15epoll_add_ssockEiiPKi
                0x0000000000020240                _ZN3UDT15epoll_add_ssockEiiPKi
                0x0000000000020250                _ZN10CUDTUnited15epoll_add_usockEiiPKi
                0x0000000000020300                _ZN4CUDT15epoll_add_usockEiiPKi
                0x0000000000020450                _ZN3UDT15epoll_add_usockEiiPKi
                0x0000000000020460                _ZN10CUDTUnited12epoll_createEv
                0x0000000000020480                _ZN4CUDT12epoll_createEv
                0x00000000000205c0                _ZN3UDT12epoll_createEv
                0x00000000000205d0                _ZN10CUDTUnited11getsocknameEiP8sockaddrPi
                0x00000000000206e0                _ZN4CUDT11getsocknameEiP8sockaddrPi
                0x0000000000020830                _ZN3UDT11getsocknameEiP8sockaddrPi
                0x0000000000020840                _ZN10CUDTUnited11getpeernameEiP8sockaddrPi
                0x0000000000020990                _ZN4CUDT11getpeernameEiP8sockaddrPi
                0x0000000000020ae0                _ZN3UDT11getpeernameEiP8sockaddrPi
                0x0000000000020af0                _ZN10CUDTUnited7cleanupEv
                0x0000000000020bb0                _ZN4CUDT7cleanupEv
                0x0000000000020bd0                _ZN3UDT7cleanupEv
                0x0000000000020be0                _ZN10CUDTSocketC1Ev
                0x0000000000020cc0                _ZN10CUDTSocketC2Ev
                0x0000000000020da0                _ZN10CUDTUnited7startupEv
                0x0000000000020e60                _ZN4CUDT7startupEv
                0x0000000000020e80                _ZN3UDT7startupEv
                0x0000000000020e90                _ZN10CUDTUnited6listenEiRKi
                0x00000000000210b0                _ZN4CUDT6listenEii
                0x0000000000021230                _ZN3UDT6listenEii
                0x0000000000021240                _ZN10CUDTSocketD1Ev
                0x00000000000212e0                _ZN10CUDTSocketD2Ev
                0x0000000000021380                _ZN10CUDTUnited8selectExERKSt6vectorIiSaIiEEPS2_S5_S5_l
                0x0000000000021600                _ZN4CUDT8selectExERKSt6vectorIiSaIiEEPS2_S5_S5_l
                0x0000000000021820                _ZN3UDT8selectExERKSt6vectorIiSaIiEEPS2_S5_S5_l
                0x0000000000021830                _ZN10CUDTUnited6selectEPSt3setIiSt4lessIiESaIiEES5_S5_PK7timeval
                0x0000000000022690                _ZN4CUDT6selectEiPSt3setIiSt4lessIiESaIiEES5_S5_PK7timeval
                0x00000000000228a0                _ZN3UDT6selectEiPSt3setIiSt4lessIiESaIiEES5_S5_PK7timeval
                0x00000000000228b0                _ZN10CUDTUnited6acceptEiP8sockaddrPi
                0x0000000000022c50                _ZN4CUDT6acceptEiP8sockaddrPi
                0x0000000000022d60                _ZN3UDT6acceptEiP8sockaddrPi
                0x0000000000022d70                _ZN10CUDTUnited13newConnectionEiPK8sockaddrP10CHandShake
                0x0000000000023380                _ZN10CUDTUnited12removeSocketEi
                0x0000000000023cf0                _ZN10CUDTUnited18checkBrokenSocketsEv
                0x0000000000024610                _ZN10CUDTUnited14garbageCollectEPv
                0x0000000000024ca0                _ZN10CUDTUnited5closeEi
                0x0000000000024f70                _ZN4CUDT5closeEi
                0x00000000000250b0                _ZN3UDT5closeEi
                0x00000000000250c0                _ZN10CUDTUnited9newSocketERKiS1_
                0x00000000000253c0                _ZN4CUDT6socketEiii
                0x0000000000025560                _ZN3UDT6socketEiii
                0x0000000000025570                _ZN10CUDTUnited9updateMuxEP10CUDTSocketPK8sockaddrPKi
                0x0000000000025a50                _ZN10CUDTUnited4bindEiPK8sockaddrRKi
                0x0000000000025bd0                _ZN4CUDT4bindEiPK8sockaddri
                0x0000000000025d50                _ZN3UDT4bindEiPK8sockaddri
                0x0000000000025d60                _ZN10CUDTUnited7connectEiPK8sockaddrRKi
                0x0000000000025fb0                _ZN4CUDT7connectEiPK8sockaddri
                0x0000000000026170                _ZN3UDT7connectEiPK8sockaddri
                0x0000000000026180                _ZN10CUDTUnited4bindEii
                0x0000000000026320                _ZN4CUDT4bindEii
                0x00000000000264a0                _ZN3UDT4bindEii
                0x00000000000264b0                _ZN10CUDTUnitedC1Ev
                0x00000000000267e0                _ZN10CUDTUnitedD2Ev
                0x0000000000026910                _ZN10CUDTUnitedC2Ev
                0x0000000000026c40                _ZN10CUDTUnitedD1Ev
 *fill*         0x0000000000026d62        0xe 90909090
 .text._ZN10CUDTUnited10TLSDestroyEPv
                0x0000000000026d70       0x1a api.o
                0x0000000000026d70                _ZN10CUDTUnited10TLSDestroyEPv
 *fill*         0x0000000000026d8a        0x6 90909090
 .text._ZNSt8_Rb_treeIiSt4pairIKiP10CUDTSocketESt10_Select1stIS4_ESt4lessIiESaIS4_EE10_M_insert_EPKSt18_Rb_tree_node_baseSD_RKS4_
                0x0000000000026d90       0xa4 api.o
                0x0000000000026d90                _ZNSt8_Rb_treeIiSt4pairIKiP10CUDTSocketESt10_Select1stIS4_ESt4lessIiESaIS4_EE10_M_insert_EPKSt18_Rb_tree_node_baseSD_RKS4_
 *fill*         0x0000000000026e34        0xc 90909090
 .text._ZNSt8_Rb_treeIiiSt9_IdentityIiESt4lessIiESaIiEE10_M_insert_EPKSt18_Rb_tree_node_baseS8_RKi
                0x0000000000026e40       0x9b api.o
                0x0000000000026e40                _ZNSt8_Rb_treeIiiSt9_IdentityIiESt4lessIiESaIiEE10_M_insert_EPKSt18_Rb_tree_node_baseS8_RKi
 *fill*         0x0000000000026edb        0x5 90909090
 .text._ZNSt8_Rb_treeIiSt4pairIKi12CMultiplexerESt10_Select1stIS3_ESt4lessIiESaIS3_EE10_M_insert_EPKSt18_Rb_tree_node_baseSC_RKS3_
                0x0000000000026ee0       0xdb api.o
                0x0000000000026ee0                _ZNSt8_Rb_treeIiSt4pairIKi12CMultiplexerESt10_Select1stIS3_ESt4lessIiESaIS3_EE10_M_insert_EPKSt18_Rb_tree_node_baseSC_RKS3_
 *fill*         0x0000000000026fbb        0x5 90909090
 .text._ZNSt8_Rb_treeIiSt4pairIKi12CMultiplexerESt10_Select1stIS3_ESt4lessIiESaIS3_EE8_M_eraseEPSt13_Rb_tree_nodeIS3_E
                0x0000000000026fc0      0x1b1 api.o
                0x0000000000026fc0                _ZNSt8_Rb_treeIiSt4pairIKi12CMultiplexerESt10_Select1stIS3_ESt4lessIiESaIS3_EE8_M_eraseEPSt13_Rb_tree_nodeIS3_E
 *fill*         0x0000000000027171        0xf 90909090
 .text._ZNSt8_Rb_treeIiSt4pairIKiP10CUDTSocketESt10_Select1stIS4_ESt4lessIiESaIS4_EE8_M_eraseEPSt13_Rb_tree_nodeIS4_E
                0x0000000000027180      0x1b1 api.o
                0x0000000000027180                _ZNSt8_Rb_treeIiSt4pairIKiP10CUDTSocketESt10_Select1stIS4_ESt4lessIiESaIS4_EE8_M_eraseEPSt13_Rb_tree_nodeIS4_E
 *fill*         0x0000000000027331        0xf 90909090
 .text._ZNSt3mapIiP10CUDTSocketSt4lessIiESaISt4pairIKiS1_EEED1Ev
                0x0000000000027340       0x17 api.o
                0x0000000000027340                _ZNSt3mapIiP10CUDTSocketSt4lessIiESaISt4pairIKiS1_EEED1Ev
 *fill*         0x0000000000027357        0x9 90909090
 .text._ZNSt8_Rb_treeIiiSt9_IdentityIiESt4lessIiESaIiEE7_M_copyEPKSt13_Rb_tree_nodeIiEPS7_
                0x0000000000027360      0x114 api.o
                0x0000000000027360                _ZNSt8_Rb_treeIiiSt9_IdentityIiESt4lessIiESaIiEE7_M_copyEPKSt13_Rb_tree_nodeIiEPS7_
 *fill*         0x0000000000027474        0xc 90909090
 .text._ZNSt8_Rb_treeIlSt4pairIKlSt3setIiSt4lessIiESaIiEEESt10_Select1stIS7_ES3_IlESaIS7_EE10_M_insert_EPKSt18_Rb_tree_node_baseSF_RKS7_
                0x0000000000027480      0x12a api.o
                0x0000000000027480                _ZNSt8_Rb_treeIlSt4pairIKlSt3setIiSt4lessIiESaIiEEESt10_Select1stIS7_ES3_IlESaIS7_EE10_M_insert_EPKSt18_Rb_tree_node_baseSF_RKS7_
 *fill*         0x00000000000275aa        0x6 90909090
 .text._ZNSt8_Rb_treeIlSt4pairIKlSt3setIiSt4lessIiESaIiEEESt10_Select1stIS7_ES3_IlESaIS7_EE16_M_insert_uniqueERKS7_
                0x00000000000275b0       0xa9 api.o
                0x00000000000275b0                _ZNSt8_Rb_treeIlSt4pairIKlSt3setIiSt4lessIiESaIiEEESt10_Select1stIS7_ES3_IlESaIS7_EE16_M_insert_uniqueERKS7_
 *fill*         0x0000000000027659        0x7 90909090
 .text._ZNSt8_Rb_treeIlSt4pairIKlSt3setIiSt4lessIiESaIiEEESt10_Select1stIS7_ES3_IlESaIS7_EE17_M_insert_unique_ESt23_Rb_tree_const_iteratorIS7_ERKS7_
                0x0000000000027660      0x145 api.o
                0x0000000000027660                _ZNSt8_Rb_treeIlSt4pairIKlSt3setIiSt4lessIiESaIiEEESt10_Select1stIS7_ES3_IlESaIS7_EE17_M_insert_unique_ESt23_Rb_tree_const_iteratorIS7_ERKS7_
 *fill*         0x00000000000277a5        0xb 90909090
 .text._ZNSt3setIiSt4lessIiESaIiEE5eraseERKi
                0x00000000000277b0      0x182 api.o
                0x00000000000277b0                _ZNSt3setIiSt4lessIiESaIiEE5eraseERKi
 *fill*         0x0000000000027932        0xe 90909090
 .text._ZNSt8_Rb_treeIlSt4pairIKlSt3setIiSt4lessIiESaIiEEESt10_Select1stIS7_ES3_IlESaIS7_EE8_M_eraseEPSt13_Rb_tree_nodeIS7_E
                0x0000000000027940      0x285 api.o
                0x0000000000027940                _ZNSt8_Rb_treeIlSt4pairIKlSt3setIiSt4lessIiESaIiEEESt10_Select1stIS7_ES3_IlESaIS7_EE8_M_eraseEPSt13_Rb_tree_nodeIS7_E
 *fill*         0x0000000000027bc5        0xb 90909090
 .text._ZNSt6vectorIP10CUDTSocketSaIS1_EE13_M_insert_auxEN9__gnu_cxx17__normal_iteratorIPS1_S3_EERKS1_
                0x0000000000027bd0      0x176 api.o
                0x0000000000027bd0                _ZNSt6vectorIP10CUDTSocketSaIS1_EE13_M_insert_auxEN9__gnu_cxx17__normal_iteratorIPS1_S3_EERKS1_
 *fill*         0x0000000000027d46        0xa 90909090
 .text._ZNSt8_Rb_treeIiiSt9_IdentityIiESt4lessIiESaIiEE16_M_insert_uniqueERKi
                0x0000000000027d50      0x11b api.o
                0x0000000000027d50                _ZNSt8_Rb_treeIiiSt9_IdentityIiESt4lessIiESaIiEE16_M_insert_uniqueERKi
 *fill*         0x0000000000027e6b        0x5 90909090
 .text._ZNSt8_Rb_treeIiSt4pairIKiP10CUDTSocketESt10_Select1stIS4_ESt4lessIiESaIS4_EE16_M_insert_uniqueERKS4_
                0x0000000000027e70      0x124 api.o
                0x0000000000027e70                _ZNSt8_Rb_treeIiSt4pairIKiP10CUDTSocketESt10_Select1stIS4_ESt4lessIiESaIS4_EE16_M_insert_uniqueERKS4_
 *fill*         0x0000000000027f94        0xc 90909090
 .text._ZNSt8_Rb_treeIiSt4pairIKi12CMultiplexerESt10_Select1stIS3_ESt4lessIiESaIS3_EE16_M_insert_uniqueERKS3_
                0x0000000000027fa0      0x158 api.o
                0x0000000000027fa0                _ZNSt8_Rb_treeIiSt4pairIKi12CMultiplexerESt10_Select1stIS3_ESt4lessIiESaIS3_EE16_M_insert_uniqueERKS3_
 *fill*         0x00000000000280f8        0x8 90909090
 .text._ZNSt8_Rb_treeIiiSt9_IdentityIiESt4lessIiESaIiEE17_M_insert_unique_ESt23_Rb_tree_const_iteratorIiERKi
                0x0000000000028100      0x185 api.o
                0x0000000000028100                _ZNSt8_Rb_treeIiiSt9_IdentityIiESt4lessIiESaIiEE17_M_insert_unique_ESt23_Rb_tree_const_iteratorIiERKi
 *fill*         0x0000000000028285        0xb 90909090
 .text._ZNSt8_Rb_treeIiSt4pairIKiP10CUDTSocketESt10_Select1stIS4_ESt4lessIiESaIS4_EE17_M_insert_unique_ESt23_Rb_tree_const_iteratorIS4_ERKS4_
                0x0000000000028290      0x1a5 api.o
                0x0000000000028290                _ZNSt8_Rb_treeIiSt4pairIKiP10CUDTSocketESt10_Select1stIS4_ESt4lessIiESaIS4_EE17_M_insert_unique_ESt23_Rb_tree_const_iteratorIS4_ERKS4_
 *fill*         0x0000000000028435        0xb 90909090
 .text._ZNSt8_Rb_treeIiSt4pairIKi12CMultiplexerESt10_Select1stIS3_ESt4lessIiESaIS3_EE17_M_insert_unique_ESt23_Rb_tree_const_iteratorIS3_ERKS3_
                0x0000000000028440      0x215 api.o
                0x0000000000028440                _ZNSt8_Rb_treeIiSt4pairIKi12CMultiplexerESt10_Select1stIS3_ESt4lessIiESaIS3_EE17_M_insert_unique_ESt23_Rb_tree_const_iteratorIS3_ERKS3_
 *fill*         0x0000000000028655        0xb 90909090
 .text          0x0000000000028660      0x9f7 ccc.o
                0x0000000000028660                _ZN3CCCC2Ev
                0x0000000000028710                _ZN3CCCC1Ev
                0x00000000000287c0                _ZN3CCC11setACKTimerERKi
                0x00000000000287e0                _ZN3CCC14setACKIntervalERKi
                0x00000000000287f0                _ZN3CCC6setRTOERKi
                0x0000000000028800                _ZN3CCC6setMSSERKi
                0x0000000000028810                _ZN3CCC12setBandwidthERKi
                0x0000000000028820                _ZN3CCC15setSndCurrSeqNoERKi
                0x0000000000028830                _ZN3CCC10setRcvRateERKi
                0x0000000000028840                _ZN3CCC14setMaxCWndSizeERKi
                0x0000000000028850                _ZN3CCC6setRTTERKi
                0x0000000000028860                _ZN6CUDTCCC2Ev
                0x00000000000288f0                _ZN6CUDTCCC1Ev
                0x0000000000028980                _ZN6CUDTCC9onTimeoutEv
                0x00000000000289e0                _ZN6CUDTCC6onLossEPKiRS0_
                0x0000000000028b90                _ZN6CUDTCC4initEv
                0x0000000000028c50                _ZN6CUDTCC5onACKERKi
                0x0000000000028ed0                _ZN3CCCD0Ev
                0x0000000000028f10                _ZN3CCCD1Ev
                0x0000000000028f40                _ZN3CCCD2Ev
                0x0000000000028f70                _ZN3CCC12setUserParamEPKcRKi
                0x0000000000028fd0                _ZN3CCC11getPerfInfoEv
                0x0000000000029010                _ZNK3CCC13sendCustomMsgER7CPacket
 *fill*         0x0000000000029057        0x9 90909090
 .text._ZN3CCC4initEv
                0x0000000000029060        0x6 ccc.o
                0x0000000000029060                _ZN3CCC4initEv
 *fill*         0x0000000000029066        0xa 90909090
 .text._ZN3CCC5closeEv
                0x0000000000029070        0x6 ccc.o
                0x0000000000029070                _ZN3CCC5closeEv
 *fill*         0x0000000000029076        0xa 90909090
 .text._ZN3CCC5onACKERKi
                0x0000000000029080        0x6 ccc.o
                0x0000000000029080                _ZN3CCC5onACKERKi
 *fill*         0x0000000000029086        0xa 90909090
 .text._ZN3CCC6onLossEPKiRS0_
                0x0000000000029090        0x6 ccc.o
                0x0000000000029090                _ZN3CCC6onLossEPKiRS0_
 *fill*         0x0000000000029096        0xa 90909090
 .text._ZN3CCC9onTimeoutEv
                0x00000000000290a0        0x6 ccc.o
                0x00000000000290a0                _ZN3CCC9onTimeoutEv
 *fill*         0x00000000000290a6        0xa 90909090
 .text._ZN3CCC9onPktSentEPK7CPacket
                0x00000000000290b0        0x6 ccc.o
                0x00000000000290b0                _ZN3CCC9onPktSentEPK7CPacket
 *fill*         0x00000000000290b6        0xa 90909090
 .text._ZN3CCC13onPktReceivedEPK7CPacket
                0x00000000000290c0        0x6 ccc.o
                0x00000000000290c0                _ZN3CCC13onPktReceivedEPK7CPacket
 *fill*         0x00000000000290c6        0xa 90909090
 .text._ZN3CCC16processCustomMsgEPK7CPacket
                0x00000000000290d0        0x6 ccc.o
                0x00000000000290d0                _ZN3CCC16processCustomMsgEPK7CPacket
 *fill*         0x00000000000290d6        0xa 90909090
 .text._ZN6CUDTCCD0Ev
                0x00000000000290e0       0x2d ccc.o
                0x00000000000290e0                _ZN6CUDTCCD0Ev
 *fill*         0x000000000002910d        0x3 90909090
 .text._ZN6CUDTCCD1Ev
                0x0000000000029110       0x18 ccc.o
                0x0000000000029110                _ZN6CUDTCCD1Ev
 *fill*         0x0000000000029128        0x8 90909090
 .text          0x0000000000029130     0x1522 buffer.o
                0x0000000000029130                _ZN10CSndBuffer8readDataEPPcRi
                0x0000000000029160                _ZNK10CSndBuffer14getCurrBufSizeEv
                0x0000000000029170                _ZN10CRcvBuffer7addDataEP5CUniti
                0x00000000000291c0                _ZNK10CRcvBuffer14getRcvDataSizeEv
                0x00000000000291e0                _ZNK10CRcvBuffer15getAvailBufSizeEv
                0x0000000000029200                _ZN10CRcvBuffer7dropMsgERKi
                0x0000000000029270                _ZN10CRcvBuffer7scanMsgERiS0_Rb
                0x0000000000029530                _ZN10CRcvBuffer12getRcvMsgNumEv
                0x0000000000029550                _ZN10CRcvBuffer7readMsgEPcRKi
                0x0000000000029690                _ZN10CRcvBuffer10readBufferEPcRKi
                0x0000000000029840                _ZN10CRcvBuffer7ackDataERKi
                0x0000000000029870                _ZN10CRcvBuffer16readBufferToFileERSt13basic_fstreamIcSt11char_traitsIcEERKi
                0x00000000000299d0                _ZN10CRcvBufferD1Ev
                0x0000000000029a40                _ZN10CRcvBufferD2Ev
                0x0000000000029ab0                _ZN10CRcvBufferC1ERKiP10CUnitQueue
                0x0000000000029b30                _ZN10CRcvBufferC2ERKiP10CUnitQueue
                0x0000000000029bb0                _ZN10CRcvBufferC1EP10CUnitQueue
                0x0000000000029c00                _ZN10CRcvBufferC2EP10CUnitQueue
                0x0000000000029c50                _ZN10CSndBuffer8increaseEv
                0x0000000000029e30                _ZN10CSndBuffer7ackDataERKi
                0x0000000000029eb0                _ZN10CSndBuffer8readDataEPPciRiS2_
                0x000000000002a000                _ZN10CSndBuffer17addBufferFromFileERSt13basic_fstreamIcSt11char_traitsIcEERKi
                0x000000000002a140                _ZN10CSndBuffer9addBufferEPKcRKiS3_RKb
                0x000000000002a2a0                _ZN10CSndBufferD1Ev
                0x000000000002a320                _ZN10CSndBufferD2Ev
                0x000000000002a3a0                _ZN10CSndBufferC1ERKiS1_
                0x000000000002a500                _ZN10CSndBufferC2ERKiS1_
 *fill*         0x000000000002a652        0xe 90909090
 .text          0x000000000002a660     0x2a86 epoll.o
                0x000000000002a660                _ZN6CEPoll12remove_ssockEiRKiPS0_
                0x000000000002a7d0                _ZN6CEPoll9add_ssockEiRKiPS0_
                0x000000000002a940                _ZN6CEPoll12remove_usockEiRKiPS0_
                0x000000000002ab80                _ZN6CEPoll9add_usockEiRKiPS0_
                0x000000000002ad30                _ZN6CEPoll4waitEiPSt3setIiSt4lessIiESaIiEES5_lS5_S5_
                0x000000000002b500                _ZN6CEPoll12enable_writeERKiRSt3setIiSt4lessIiESaIiEE
                0x000000000002b920                _ZN6CEPoll12disable_readERKiRSt3setIiSt4lessIiESaIiEE
                0x000000000002bda0                _ZN6CEPoll13disable_writeERKiRSt3setIiSt4lessIiESaIiEE
                0x000000000002c220                _ZN6CEPoll11enable_readERKiRSt3setIiSt4lessIiESaIiEE
                0x000000000002c640                _ZN6CEPoll7releaseEi
                0x000000000002c7d0                _ZN6CEPoll6createEv
                0x000000000002cf50                _ZN6CEPollC2Ev
                0x000000000002cfc0                _ZN6CEPollD2Ev
                0x000000000002d020                _ZN6CEPollC1Ev
                0x000000000002d090                _ZN6CEPollD1Ev
 *fill*         0x000000000002d0e6        0xa 90909090
 .text._ZN10CEPollDescD1Ev
                0x000000000002d0f0       0x84 epoll.o
                0x000000000002d0f0                _ZN10CEPollDescD1Ev
 *fill*         0x000000000002d174        0xc 90909090
 .text._ZNSt8_Rb_treeIiSt4pairIKi10CEPollDescESt10_Select1stIS3_ESt4lessIiESaIS3_EE10_M_insert_EPKSt18_Rb_tree_node_baseSC_RKS3_
                0x000000000002d180      0x312 epoll.o
                0x000000000002d180                _ZNSt8_Rb_treeIiSt4pairIKi10CEPollDescESt10_Select1stIS3_ESt4lessIiESaIS3_EE10_M_insert_EPKSt18_Rb_tree_node_baseSC_RKS3_
 *fill*         0x000000000002d492        0xe 90909090
 .text._ZNSt8_Rb_treeIiSt4pairIKi10CEPollDescESt10_Select1stIS3_ESt4lessIiESaIS3_EE16_M_insert_uniqueERKS3_
                0x000000000002d4a0       0xa0 epoll.o
                0x000000000002d4a0                _ZNSt8_Rb_treeIiSt4pairIKi10CEPollDescESt10_Select1stIS3_ESt4lessIiESaIS3_EE16_M_insert_uniqueERKS3_
 .text._ZNSt8_Rb_treeIiSt4pairIKi10CEPollDescESt10_Select1stIS3_ESt4lessIiESaIS3_EE17_M_insert_unique_ESt23_Rb_tree_const_iteratorIS3_ERKS3_
                0x000000000002d540      0x145 epoll.o
                0x000000000002d540                _ZNSt8_Rb_treeIiSt4pairIKi10CEPollDescESt10_Select1stIS3_ESt4lessIiESaIS3_EE17_M_insert_unique_ESt23_Rb_tree_const_iteratorIS3_ERKS3_
 *fill*         0x000000000002d685        0xb 90909090
 .text._ZNSt8_Rb_treeIiSt4pairIKi10CEPollDescESt10_Select1stIS3_ESt4lessIiESaIS3_EE8_M_eraseEPSt13_Rb_tree_nodeIS3_E
                0x000000000002d690      0x6cc epoll.o
                0x000000000002d690                _ZNSt8_Rb_treeIiSt4pairIKi10CEPollDescESt10_Select1stIS3_ESt4lessIiESaIS3_EE8_M_eraseEPSt13_Rb_tree_nodeIS3_E
 *fill*         0x000000000002dd5c        0x4 90909090
 .text          0x000000000002dd60      0xb27 window.o
                0x000000000002dd60                _ZNK14CPktTimeWindow15getMinPktSndIntEv
                0x000000000002dd70                _ZN14CPktTimeWindow9onPktSentERKi
                0x000000000002dd90                _ZN14CPktTimeWindow13probe2ArrivalEv
                0x000000000002ddd0                _ZN14CPktTimeWindow13probe1ArrivalEv
                0x000000000002ddf0                _ZN14CPktTimeWindow12onPktArrivalEv
                0x000000000002de40                _ZN10CACKWindow11acknowledgeERKiRi
                0x000000000002dfc0                _ZN10CACKWindow5storeERKiS1_
                0x000000000002e030                _ZNK14CPktTimeWindow12getBandwidthEv
                0x000000000002e110                _ZNK14CPktTimeWindow14getPktRcvSpeedEv
                0x000000000002e1f0                _ZN14CPktTimeWindowD1Ev
                0x000000000002e230                _ZN14CPktTimeWindowD2Ev
                0x000000000002e270                _ZN10CACKWindowD1Ev
                0x000000000002e2c0                _ZN10CACKWindowD2Ev
                0x000000000002e310                _ZN14CPktTimeWindowC1ERKiS1_
                0x000000000002e3f0                _ZN14CPktTimeWindowC2ERKiS1_
                0x000000000002e4d0                _ZN14CPktTimeWindowC1Ev
                0x000000000002e5b0                _ZN14CPktTimeWindowC2Ev
                0x000000000002e690                _ZN10CACKWindowC1ERKi
                0x000000000002e710                _ZN10CACKWindowC2ERKi
                0x000000000002e790                _ZN10CACKWindowC1Ev
                0x000000000002e810                _ZN10CACKWindowC2Ev
 *fill*         0x000000000002e887        0x9 90909090
 .text          0x000000000002e890      0xed6 md5.o
                0x000000000002e890                md5_init
                0x000000000002f4d0                md5_append
                0x000000000002f630                md5_finish
 *fill*         0x000000000002f766        0xa 90909090
 .text          0x000000000002f770     0x1ab9 list.o
                0x000000000002f770                _ZNK12CRcvLossList4findERKiS1_
                0x000000000002f870                _ZNK12CRcvLossList13getLossLengthEv
                0x000000000002f880                _ZNK12CRcvLossList15getFirstLostSeqEv
                0x000000000002f8a0                _ZN12CRcvLossList12getLossArrayEPiRiRKiS3_
                0x000000000002f970                _ZN12CRcvLossList6removeERKi
                0x000000000002fd80                _ZN12CRcvLossList6removeERKiS1_
                0x000000000002fe40                _ZN12CRcvLossList6insertERKiS1_
                0x0000000000030040                _ZN12CRcvLossListD1Ev
                0x00000000000300a0                _ZN12CRcvLossListD2Ev
                0x0000000000030100                _ZN12CRcvLossListC1ERKi
                0x00000000000301d0                _ZN12CRcvLossListC2ERKi
                0x00000000000302a0                _ZN12CSndLossList13getLossLengthEv
                0x00000000000302e0                _ZN12CSndLossList10getLostSeqEv
                0x0000000000030440                _ZN12CSndLossList6removeERKi
                0x00000000000308c0                _ZN12CSndLossList6insertERKiS1_
                0x0000000000030fd0                _ZN12CSndLossListD1Ev
                0x0000000000031020                _ZN12CSndLossListD2Ev
                0x0000000000031070                _ZN12CSndLossListC1ERKi
                0x0000000000031150                _ZN12CSndLossListC2ERKi
 *fill*         0x0000000000031229        0x7 90909090
 .text          0x0000000000031230      0x90a cache.o
                0x0000000000031230                _ZNK7CIPCompclEPK10CInfoBlockS2_
                0x0000000000031290                _ZNK7CTSCompclEPK10CInfoBlockS2_
                0x00000000000312b0                _ZN6CCache7convertEPK8sockaddrRKiPj
                0x00000000000312f0                _ZN6CCacheC1ERKj
                0x0000000000031380                _ZN6CCacheC2ERKj
                0x0000000000031410                _ZN6CCacheC1Ev
                0x00000000000314a0                _ZN6CCacheC2Ev
                0x0000000000031530                _ZN6CCache6lookupEPK8sockaddrRKiP10CInfoBlock
                0x0000000000031640                _ZN6CCacheD1Ev
                0x00000000000316f0                _ZN6CCache6updateEPK8sockaddrRKiP10CInfoBlock
                0x0000000000031a90                _ZN6CCacheD2Ev
 *fill*         0x0000000000031b3a        0x6 90909090
 .text._ZNSt8_Rb_treeIP10CInfoBlockS1_St9_IdentityIS1_E7CIPCompSaIS1_EE8_M_eraseEPSt13_Rb_tree_nodeIS1_E
                0x0000000000031b40      0x1b1 cache.o
                0x0000000000031b40                _ZNSt8_Rb_treeIP10CInfoBlockS1_St9_IdentityIS1_E7CIPCompSaIS1_EE8_M_eraseEPSt13_Rb_tree_nodeIS1_E
 *fill*         0x0000000000031cf1        0xf 90909090
 .text._ZNSt8_Rb_treeIP10CInfoBlockS1_St9_IdentityIS1_E7CIPCompSaIS1_EE5eraseERKS1_
                0x0000000000031d00      0x1cd cache.o
                0x0000000000031d00                _ZNSt8_Rb_treeIP10CInfoBlockS1_St9_IdentityIS1_E7CIPCompSaIS1_EE5eraseERKS1_
 *fill*         0x0000000000031ecd        0x3 90909090
 .text._ZNSt8_Rb_treeIP10CInfoBlockS1_St9_IdentityIS1_E7CTSCompSaIS1_EE8_M_eraseEPSt13_Rb_tree_nodeIS1_E
                0x0000000000031ed0      0x1b1 cache.o
                0x0000000000031ed0                _ZNSt8_Rb_treeIP10CInfoBlockS1_St9_IdentityIS1_E7CTSCompSaIS1_EE8_M_eraseEPSt13_Rb_tree_nodeIS1_E
 *fill*         0x0000000000032081        0xf 90909090
 .text._ZNSt8_Rb_treeIP10CInfoBlockS1_St9_IdentityIS1_E7CTSCompSaIS1_EE5eraseERKS1_
                0x0000000000032090      0x1cd cache.o
                0x0000000000032090                _ZNSt8_Rb_treeIP10CInfoBlockS1_St9_IdentityIS1_E7CTSCompSaIS1_EE5eraseERKS1_
 *fill*         0x000000000003225d        0x3 90909090
 .text          0x0000000000032260     0x34c8 queue.o
                0x0000000000032260                _ZN10CUnitQueueC2Ev
                0x00000000000322a0                _ZN10CUnitQueueC1Ev
                0x00000000000322e0                _ZN10CUnitQueue6shrinkEv
                0x00000000000322f0                _ZN9CSndUList7remove_EPK4CUDT
                0x00000000000323e0                _ZN9CRcvUListC2Ev
                0x0000000000032400                _ZN9CRcvUListC1Ev
                0x0000000000032420                _ZN9CRcvUListD2Ev
                0x0000000000032430                _ZN9CRcvUListD1Ev
                0x0000000000032440                _ZN9CRcvUList6removeEPK4CUDT
                0x00000000000324c0                _ZN5CHashC2Ev
                0x00000000000324e0                _ZN5CHashC1Ev
                0x0000000000032500                _ZN5CHash6lookupERKi
                0x0000000000032550                _ZN9CRcvQueue10ifNewEntryEv
                0x0000000000032570                _ZN9CRcvQueue14removeListenerEPK4CUDT
                0x00000000000325d0                _ZN9CRcvQueue11setListenerEPK4CUDT
                0x0000000000032640                _ZN9CSndUList15getNextProcTimeEv
                0x00000000000326a0                _ZN9CSndUList6removeEPK4CUDT
                0x0000000000032700                _ZN5CHash6insertERKiPK4CUDT
                0x0000000000032780                _ZN5CHash6removeERKi
                0x00000000000327f0                _ZN5CHashD1Ev
                0x0000000000032870                _ZN5CHashD2Ev
                0x00000000000328f0                _ZN10CUnitQueueD1Ev
                0x00000000000329a0                _ZN10CUnitQueueD2Ev
                0x0000000000032a50                _ZN5CHash4initERKi
                0x0000000000032ab0                _ZN10CUnitQueue8increaseEv
                0x0000000000032cf0                _ZN10CUnitQueue16getNextAvailUnitEv
                0x0000000000032dc0                _ZN10CUnitQueue4initERKiS1_S1_
                0x0000000000032fb0                _ZN16CRendezvousQueue8retrieveEPK8sockaddrRi
                0x0000000000033060                _ZN9CRcvUList6updateEPK4CUDT
                0x00000000000330f0                _ZN9CRcvUList6insertEPK4CUDT
                0x0000000000033170                _ZN16CRendezvousQueueD1Ev
                0x00000000000331d0                _ZN16CRendezvousQueueD2Ev
                0x0000000000033230                _ZN9CSndUListD1Ev
                0x0000000000033260                _ZN9CSndUListD2Ev
                0x0000000000033290                _ZN16CRendezvousQueueC1Ev
                0x00000000000332e0                _ZN9CRcvQueue4initERKiS1_S1_S1_PK8CChannelPK6CTimer
                0x0000000000033420                _ZN16CRendezvousQueueC2Ev
                0x0000000000033470                _ZN9CSndUListC1Ev
                0x00000000000334f0                _ZN9CSndQueue4initEPK8CChannelPK6CTimer
                0x00000000000335e0                _ZN9CSndUListC2Ev
                0x0000000000033660                _ZN9CRcvQueueC1Ev
                0x0000000000033810                _ZN9CRcvQueueC2Ev
                0x00000000000339c0                _ZN9CSndQueueC1Ev
                0x0000000000033a50                _ZN9CSndQueueC2Ev
                0x0000000000033ae0                _ZN9CSndQueue6sendtoEPK8sockaddrR7CPacket
                0x0000000000033b10                _ZN9CSndQueueD1Ev
                0x0000000000033bb0                _ZN9CSndQueueD2Ev
                0x0000000000033c50                _ZN9CSndUList7insert_ERKlPK4CUDT
                0x0000000000033d50                _ZN9CSndUList6insertERKlPK4CUDT
                0x0000000000033e20                _ZN9CSndUList3popERP8sockaddrR7CPacket
                0x0000000000033f10                _ZN9CSndQueue6workerEPv
                0x0000000000034040                _ZN9CSndUList6updateEPK4CUDTRKb
                0x0000000000034100                _ZN9CRcvQueue11getNewEntryEv
                0x0000000000034190                _ZN9CRcvQueue8recvfromERKiR7CPacket
                0x0000000000034490                _ZN16CRendezvousQueue6removeERKi
                0x00000000000346c0                _ZN9CRcvQueueD1Ev
                0x00000000000348a0                _ZN9CRcvQueueD2Ev
                0x0000000000034a80                _ZN9CRcvQueue11setNewEntryEP4CUDT
                0x0000000000034b20                _ZN16CRendezvousQueue6insertERKiS1_PK8sockaddr
                0x0000000000034c20                _ZN9CRcvQueue8storePktERKiP7CPacket
                0x0000000000035350                _ZN9CRcvQueue6workerEPv
 *fill*         0x0000000000035728        0x8 90909090
 .text._ZNSt11_Deque_baseIP7CPacketSaIS1_EED2Ev
                0x0000000000035730       0x63 queue.o
                0x0000000000035730                _ZNSt11_Deque_baseIP7CPacketSaIS1_EED2Ev
 *fill*         0x0000000000035793        0xd 90909090
 .text._ZNSt11_Deque_baseIP7CPacketSaIS1_EE17_M_initialize_mapEm
                0x00000000000357a0      0x12e queue.o
                0x00000000000357a0                _ZNSt11_Deque_baseIP7CPacketSaIS1_EE17_M_initialize_mapEm
 *fill*         0x00000000000358ce        0x2 90909090
 .text._ZNSt8_Rb_treeIiSt4pairIKiSt5queueIP7CPacketSt5dequeIS4_SaIS4_EEEESt10_Select1stIS9_ESt4lessIiESaIS9_EE8_M_eraseEPSt13_Rb_tree_nodeIS9_E
                0x00000000000358d0      0x410 queue.o
                0x00000000000358d0                _ZNSt8_Rb_treeIiSt4pairIKiSt5queueIP7CPacketSt5dequeIS4_SaIS4_EEEESt10_Select1stIS9_ESt4lessIiESaIS9_EE8_M_eraseEPSt13_Rb_tree_nodeIS9_E
 .text._ZNSt8_Rb_treeIiSt4pairIKiSt5queueIP7CPacketSt5dequeIS4_SaIS4_EEEESt10_Select1stIS9_ESt4lessIiESaIS9_EE10_M_insert_EPKSt18_Rb_tree_node_baseSI_RKS9_
                0x0000000000035ce0      0x1f8 queue.o
                0x0000000000035ce0                _ZNSt8_Rb_treeIiSt4pairIKiSt5queueIP7CPacketSt5dequeIS4_SaIS4_EEEESt10_Select1stIS9_ESt4lessIiESaIS9_EE10_M_insert_EPKSt18_Rb_tree_node_baseSI_RKS9_
 *fill*         0x0000000000035ed8        0x8 90909090
 .text._ZNSt8_Rb_treeIiSt4pairIKiSt5queueIP7CPacketSt5dequeIS4_SaIS4_EEEESt10_Select1stIS9_ESt4lessIiESaIS9_EE16_M_insert_uniqueERKS9_
                0x0000000000035ee0       0xa0 queue.o
                0x0000000000035ee0                _ZNSt8_Rb_treeIiSt4pairIKiSt5queueIP7CPacketSt5dequeIS4_SaIS4_EEEESt10_Select1stIS9_ESt4lessIiESaIS9_EE16_M_insert_uniqueERKS9_
 .text._ZNSt8_Rb_treeIiSt4pairIKiSt5queueIP7CPacketSt5dequeIS4_SaIS4_EEEESt10_Select1stIS9_ESt4lessIiESaIS9_EE17_M_insert_unique_ESt23_Rb_tree_const_iteratorIS9_ERKS9_
                0x0000000000035f80      0x145 queue.o
                0x0000000000035f80                _ZNSt8_Rb_treeIiSt4pairIKiSt5queueIP7CPacketSt5dequeIS4_SaIS4_EEEESt10_Select1stIS9_ESt4lessIiESaIS9_EE17_M_insert_unique_ESt23_Rb_tree_const_iteratorIS9_ERKS9_
 *fill*         0x00000000000360c5        0xb 90909090
 .text._ZNSt6vectorIP4CUDTSaIS1_EE13_M_insert_auxEN9__gnu_cxx17__normal_iteratorIPS1_S3_EERKS1_
                0x00000000000360d0      0x176 queue.o
                0x00000000000360d0                _ZNSt6vectorIP4CUDTSaIS1_EE13_M_insert_auxEN9__gnu_cxx17__normal_iteratorIPS1_S3_EERKS1_
 *fill*         0x0000000000036246        0xa 90909090
 .text._ZNSt6vectorIN16CRendezvousQueue3CRLESaIS1_EE13_M_insert_auxEN9__gnu_cxx17__normal_iteratorIPS1_S3_EERKS1_
                0x0000000000036250      0x18f queue.o
                0x0000000000036250                _ZNSt6vectorIN16CRendezvousQueue3CRLESaIS1_EE13_M_insert_auxEN9__gnu_cxx17__normal_iteratorIPS1_S3_EERKS1_
 *fill*         0x00000000000363df        0x1 90909090
 .text          0x00000000000363e0       0x36 /usr/lib/gcc/x86_64-linux-gnu/4.4.5/crtendS.o
 *fill*         0x0000000000036416        0x2 90909090
 .text          0x0000000000036418        0x0 /usr/lib/gcc/x86_64-linux-gnu/4.4.5/../../../../lib/crtn.o
 *(.gnu.warning)

.fini           0x0000000000036418        0xe
 *(.fini)
 .fini          0x0000000000036418        0x4 /usr/lib/gcc/x86_64-linux-gnu/4.4.5/../../../../lib/crti.o
                0x0000000000036418                _fini
 .fini          0x000000000003641c        0x5 /usr/lib/gcc/x86_64-linux-gnu/4.4.5/crtbeginS.o
 .fini          0x0000000000036421        0x5 /usr/lib/gcc/x86_64-linux-gnu/4.4.5/../../../../lib/crtn.o
                0x0000000000036426                PROVIDE (__etext, .)
                0x0000000000036426                PROVIDE (_etext, .)
                0x0000000000036426                PROVIDE (etext, .)

.rodata         0x0000000000036440     0x15f0
 *(.rodata .rodata.* .gnu.linkonce.r.*)
 .rodata.str1.1
                0x0000000000000000        0x0 channel.o
                                          0x2 (size before relaxing)
 .rodata.str1.1
                0x0000000000036440        0xb core.o
 *fill*         0x000000000003644b        0x1 00
 .rodata        0x000000000003644c       0xdc core.o
                0x00000000000364f8                _ZN4CUDT12INVALID_SOCKE
                0x00000000000364fc                _ZN4CUDT5ERRORE
                0x0000000000036500                _ZN3UDT12INVALID_SOCKE
                0x0000000000036504                _ZN3UDT5ERRORE
                0x0000000000036508                _ZN6CSeqNo10m_iSeqNoTHE
                0x000000000003650c                _ZN6CSeqNo11m_iMaxSeqNoE
                0x0000000000036510                _ZN6CAckNo14m_iMaxAckSeqNoE
                0x0000000000036514                _ZN6CMsgNo10m_iMsgNoTHE
                0x0000000000036518                _ZN6CMsgNo11m_iMaxMsgNoE
                0x000000000003651c                _ZN4CUDT10m_iVersionE
                0x0000000000036520                _ZN4CUDT14m_iSYNIntervalE
                0x0000000000036524                _ZN4CUDT20m_iSelfClockIntervalE
 *fill*         0x0000000000036528        0x8 00
 .rodata._ZTS10CCCFactoryI6CUDTCCE
                0x0000000000036530       0x16 core.o
                0x0000000000036530                _ZTS10CCCFactoryI6CUDTCCE
 *fill*         0x0000000000036546        0xa 00
 .rodata._ZTS17CCCVirtualFactory
                0x0000000000036550       0x14 core.o
                0x0000000000036550                _ZTS17CCCVirtualFactory
 *fill*         0x0000000000036564        0x4 00
 .rodata.cst8   0x0000000000036568       0x30 core.o
 .rodata.str1.1
                0x0000000000036598      0x1be common.o
 *fill*         0x0000000000036756        0x2 00
 .rodata.str1.8
                0x0000000000036758      0x2f5 common.o
 *fill*         0x0000000000036a4d        0x3 00
 .rodata        0x0000000000036a50       0xe8 common.o
                0x0000000000036aa8                _ZN13CUDTException7SUCCESSE
                0x0000000000036aac                _ZN13CUDTException10ECONNSETUPE
                0x0000000000036ab0                _ZN13CUDTException9ENOSERVERE
                0x0000000000036ab4                _ZN13CUDTException8ECONNREJE
                0x0000000000036ab8                _ZN13CUDTException9ESOCKFAILE
                0x0000000000036abc                _ZN13CUDTException8ESECFAILE
                0x0000000000036ac0                _ZN13CUDTException9ECONNFAILE
                0x0000000000036ac4                _ZN13CUDTException9ECONNLOSTE
                0x0000000000036ac8                _ZN13CUDTException7ENOCONNE
                0x0000000000036acc                _ZN13CUDTException9ERESOURCEE
                0x0000000000036ad0                _ZN13CUDTException7ETHREADE
                0x0000000000036ad4                _ZN13CUDTException6ENOBUFE
                0x0000000000036ad8                _ZN13CUDTException5EFILEE
                0x0000000000036adc                _ZN13CUDTException9EINVRDOFFE
                0x0000000000036ae0                _ZN13CUDTException7ERDPERME
                0x0000000000036ae4                _ZN13CUDTException9EINVWROFFE
                0x0000000000036ae8                _ZN13CUDTException7EWRPERME
                0x0000000000036aec                _ZN13CUDTException6EINVOPE
                0x0000000000036af0                _ZN13CUDTException10EBOUNDSOCKE
                0x0000000000036af4                _ZN13CUDTException9ECONNSOCKE
                0x0000000000036af8                _ZN13CUDTException9EINVPARAME
                0x0000000000036afc                _ZN13CUDTException8EINVSOCKE
                0x0000000000036b00                _ZN13CUDTException12EUNBOUNDSOCKE
                0x0000000000036b04                _ZN13CUDTException9ENOLISTENE
                0x0000000000036b08                _ZN13CUDTException10ERDVNOSERVE
                0x0000000000036b0c                _ZN13CUDTException11ERDVUNBOUNDE
                0x0000000000036b10                _ZN13CUDTException10ESTREAMILLE
                0x0000000000036b14                _ZN13CUDTException9EDGRAMILLE
                0x0000000000036b18                _ZN13CUDTException10EDUPLISTENE
                0x0000000000036b1c                _ZN13CUDTException9ELARGEMSGE
                0x0000000000036b20                _ZN13CUDTException10EINVPOLLIDE
                0x0000000000036b24                _ZN13CUDTException10EASYNCFAILE
                0x0000000000036b28                _ZN13CUDTException9EASYNCSNDE
                0x0000000000036b2c                _ZN13CUDTException9EASYNCRCVE
                0x0000000000036b30                _ZN13CUDTException8EPEERERRE
                0x0000000000036b34                _ZN13CUDTException8EUNKNOWNE
 *fill*         0x0000000000036b38        0x8 00
 .rodata._ZTS13CUDTException
                0x0000000000036b40       0x10 common.o
                0x0000000000036b40                _ZTS13CUDTException
 .rodata        0x0000000000036b50        0x8 packet.o
                0x0000000000036b50                _ZN7CPacket13m_iPktHdrSizeE
                0x0000000000036b54                _ZN10CHandShake14m_iContentSizeE
 .rodata.str1.1
                0x0000000000036b58      0x8b5 com_barchart_udt_SocketUDT.o
                                        0x8bd (size before relaxing)
 *fill*         0x000000000003740d        0x3 00
 .rodata.str1.8
                0x0000000000037410      0x2c0 com_barchart_udt_SocketUDT.o
                                        0x2bd (size before relaxing)
 *fill*         0x00000000000376d0       0x10 00
 .rodata        0x00000000000376e0      0x275 com_barchart_udt_SocketUDT.o
 *fill*         0x0000000000037955        0xb 00
 .rodata.cst16  0x0000000000037960       0x20 com_barchart_udt_SocketUDT.o
 .rodata.cst8   0x0000000000037980        0x8 api.o
                                         0x10 (size before relaxing)
 .rodata._ZTS6CUDTCC
                0x0000000000037988        0x8 ccc.o
                0x0000000000037988                _ZTS6CUDTCC
 .rodata._ZTS3CCC
                0x0000000000037990        0x5 ccc.o
                0x0000000000037990                _ZTS3CCC
 *fill*         0x0000000000037995        0x3 00
 .rodata.cst8   0x0000000000037998       0x38 ccc.o
                                         0x58 (size before relaxing)
 .rodata.cst8   0x0000000000000000        0x8 window.o
 *fill*         0x00000000000379d0       0x10 00
 .rodata        0x00000000000379e0       0x44 md5.o
 *fill*         0x0000000000037a24        0x4 00
 .rodata.cst8   0x0000000000037a28        0x8 queue.o

.rodata1
 *(.rodata1)

.eh_frame_hdr   0x0000000000037a30     0x106c
 *(.eh_frame_hdr)
 .eh_frame_hdr  0x0000000000037a30     0x106c channel.o

.eh_frame       0x0000000000038aa0     0x4b3c
 *(.eh_frame)
 .eh_frame      0x0000000000038aa0      0x298 channel.o
                                        0x250 (size before relaxing)
 .eh_frame      0x0000000000038d38      0x658 core.o
                                        0x628 (size before relaxing)
 .eh_frame      0x0000000000039390      0x518 common.o
                                        0x4a8 (size before relaxing)
 .eh_frame      0x00000000000398a8      0x288 packet.o
                                        0x278 (size before relaxing)
 .eh_frame      0x0000000000039b30      0xad8 com_barchart_udt_SocketUDT.o
                                        0xa98 (size before relaxing)
 .eh_frame      0x000000000003a608     0x1208 api.o
                                       0x1190 (size before relaxing)
 .eh_frame      0x000000000003b810      0x428 ccc.o
                                        0x3c8 (size before relaxing)
 .eh_frame      0x000000000003bc38      0x3c8 buffer.o
                                        0x3c0 (size before relaxing)
 .eh_frame      0x000000000003c000      0x388 epoll.o
                                        0x410 (size before relaxing)
 .eh_frame      0x000000000003c388      0x2a0 window.o
                                        0x270 (size before relaxing)
 .eh_frame      0x000000000003c628       0x90 md5.o
                                         0xa8 (size before relaxing)
 .eh_frame      0x000000000003c6b8      0x2a0 list.o
                                        0x290 (size before relaxing)
 .eh_frame      0x000000000003c958      0x230 cache.o
                                        0x248 (size before relaxing)
 .eh_frame      0x000000000003cb88      0xa50 queue.o
                                        0x9b0 (size before relaxing)
 .eh_frame      0x000000000003d5d8        0x4 /usr/lib/gcc/x86_64-linux-gnu/4.4.5/crtendS.o

.gcc_except_table
                0x000000000003d5dc     0x211a
 *(.gcc_except_table .gcc_except_table.*)
 .gcc_except_table
                0x000000000003d5dc       0x47 channel.o
 *fill*         0x000000000003d623        0x1 00
 .gcc_except_table
                0x000000000003d624      0x6a1 core.o
 .gcc_except_table
                0x000000000003dcc5       0x11 packet.o
 .gcc_except_table
                0x000000000003dcd6      0x21f com_barchart_udt_SocketUDT.o
 *fill*         0x000000000003def5        0x3 00
 .gcc_except_table
                0x000000000003def8     0x10fc api.o
 .gcc_except_table
                0x000000000003eff4       0x67 buffer.o
 *fill*         0x000000000003f05b        0x1 00
 .gcc_except_table
                0x000000000003f05c      0x3a1 epoll.o
 .gcc_except_table
                0x000000000003f3fd       0x7a cache.o
 *fill*         0x000000000003f477        0x1 00
 .gcc_except_table
                0x000000000003f478      0x27e queue.o
                0x000000000003f6f6                . = (ALIGN (0x200000) - ((0x200000 - .) & 0x1fffff))
                0x000000000023fae6                . = DATA_SEGMENT_ALIGN (0x200000, 0x1000)

.eh_frame
 *(.eh_frame)

.gcc_except_table
 *(.gcc_except_table .gcc_except_table.*)

.tdata
 *(.tdata .tdata.* .gnu.linkonce.td.*)

.tbss
 *(.tbss .tbss.* .gnu.linkonce.tb.*)
 *(.tcommon)

.preinit_array
 *(.preinit_array)

.init_array
 *(SORT(.init_array.*))
 *(.init_array)

.fini_array
 *(SORT(.fini_array.*))
 *(.fini_array)

.ctors          0x000000000023fae8       0x20
 *crtbegin.o(.ctors)
 *crtbegin?.o(.ctors)
 .ctors         0x000000000023fae8        0x8 /usr/lib/gcc/x86_64-linux-gnu/4.4.5/crtbeginS.o
 *(EXCLUDE_FILE(*crtend?.o *crtend.o) .ctors)
 .ctors         0x000000000023faf0        0x8 core.o
 .ctors         0x000000000023faf8        0x8 common.o
 *(SORT(.ctors.*))
 *(.ctors)
 .ctors         0x000000000023fb00        0x8 /usr/lib/gcc/x86_64-linux-gnu/4.4.5/crtendS.o

.dtors          0x000000000023fb08       0x10
 *crtbegin.o(.dtors)
 *crtbegin?.o(.dtors)
 .dtors         0x000000000023fb08        0x8 /usr/lib/gcc/x86_64-linux-gnu/4.4.5/crtbeginS.o
 *(EXCLUDE_FILE(*crtend?.o *crtend.o) .dtors)
 *(SORT(.dtors.*))
 *(.dtors)
 .dtors         0x000000000023fb10        0x8 /usr/lib/gcc/x86_64-linux-gnu/4.4.5/crtendS.o
                0x000000000023fb10                __DTOR_END__

.jcr            0x000000000023fb18        0x8
 *(.jcr)
 .jcr           0x000000000023fb18        0x0 /usr/lib/gcc/x86_64-linux-gnu/4.4.5/crtbeginS.o
 .jcr           0x000000000023fb18        0x8 /usr/lib/gcc/x86_64-linux-gnu/4.4.5/crtendS.o

.data.rel.ro    0x000000000023fb20      0x1f0
 *(.data.rel.ro.local* .gnu.linkonce.d.rel.ro.local.*)
 *(.data.rel.ro* .gnu.linkonce.d.rel.ro.*)
 .data.rel.ro._ZTV10CCCFactoryI6CUDTCCE
                0x000000000023fb20       0x30 core.o
                0x000000000023fb20                _ZTV10CCCFactoryI6CUDTCCE
 .data.rel.ro._ZTI10CCCFactoryI6CUDTCCE
                0x000000000023fb50       0x18 core.o
                0x000000000023fb50                _ZTI10CCCFactoryI6CUDTCCE
 *fill*         0x000000000023fb68        0x8 00
 .data.rel.ro._ZTI17CCCVirtualFactory
                0x000000000023fb70       0x10 core.o
                0x000000000023fb70                _ZTI17CCCVirtualFactory
 .data.rel.ro._ZTV17CCCVirtualFactory
                0x000000000023fb80       0x30 core.o
                0x000000000023fb80                _ZTV17CCCVirtualFactory
 *fill*         0x000000000023fbb0       0x10 00
 .data.rel.ro._ZTV13CUDTException
                0x000000000023fbc0       0x38 common.o
                0x000000000023fbc0                _ZTV13CUDTException
 *fill*         0x000000000023fbf8        0x8 00
 .data.rel.ro._ZTI13CUDTException
                0x000000000023fc00       0x10 common.o
                0x000000000023fc00                _ZTI13CUDTException
 *fill*         0x000000000023fc10       0x10 00
 .data.rel.ro._ZTV6CUDTCC
                0x000000000023fc20       0x60 ccc.o
                0x000000000023fc20                _ZTV6CUDTCC
 .data.rel.ro._ZTV3CCC
                0x000000000023fc80       0x60 ccc.o
                0x000000000023fc80                _ZTV3CCC
 .data.rel.ro._ZTI6CUDTCC
                0x000000000023fce0       0x18 ccc.o
                0x000000000023fce0                _ZTI6CUDTCC
 *fill*         0x000000000023fcf8        0x8 00
 .data.rel.ro._ZTI3CCC
                0x000000000023fd00       0x10 ccc.o
                0x000000000023fd00                _ZTI3CCC

.dynamic        0x000000000023fd10      0x1b0
 *(.dynamic)
 .dynamic       0x000000000023fd10      0x1b0 /usr/lib/gcc/x86_64-linux-gnu/4.4.5/../../../../lib/crti.o
                0x000000000023fd10                _DYNAMIC

.got            0x000000000023fec0      0x118
 *(.got)
 .got           0x000000000023fec0      0x118 /usr/lib/gcc/x86_64-linux-gnu/4.4.5/../../../../lib/crti.o
 *(.igot)
                0x000000000023ffe8                . = DATA_SEGMENT_RELRO_END (., 0x18)

.got.plt        0x000000000023ffe8      0xdd8
 *(.got.plt)
 .got.plt       0x000000000023ffe8      0xdd8 /usr/lib/gcc/x86_64-linux-gnu/4.4.5/../../../../lib/crti.o
                0x000000000023ffe8                _GLOBAL_OFFSET_TABLE_
 *(.igot.plt)

.data           0x0000000000240dc0       0x20
 *(.data .data.* .gnu.linkonce.d.*)
 .data          0x0000000000240dc0        0x0 /usr/lib/gcc/x86_64-linux-gnu/4.4.5/../../../../lib/crti.o
 .data          0x0000000000240dc0        0x0 /usr/lib/gcc/x86_64-linux-gnu/4.4.5/crtbeginS.o
 .data.rel      0x0000000000240dc0        0x8 /usr/lib/gcc/x86_64-linux-gnu/4.4.5/crtbeginS.o
                0x0000000000240dc0                __dso_handle
 .data          0x0000000000240dc8        0x0 channel.o
 .data.DW.ref.__gxx_personality_v0
                0x0000000000240dc8        0x8 channel.o
                0x0000000000240dc8                DW.ref.__gxx_personality_v0
 .data          0x0000000000240dd0        0x0 core.o
 .data          0x0000000000240dd0        0x0 common.o
 .data          0x0000000000240dd0        0x0 packet.o
 .data          0x0000000000240dd0        0x0 com_barchart_udt_SocketUDT.o
 .data          0x0000000000240dd0        0x0 api.o
 .data.DW.ref._ZTI13CUDTException
                0x0000000000240dd0        0x8 api.o
                0x0000000000240dd0                DW.ref._ZTI13CUDTException
 .data.DW.ref._ZTISt9bad_alloc
                0x0000000000240dd8        0x8 api.o
                0x0000000000240dd8                DW.ref._ZTISt9bad_alloc
 .data          0x0000000000240de0        0x0 ccc.o
 .data          0x0000000000240de0        0x0 buffer.o
 .data          0x0000000000240de0        0x0 epoll.o
 .data          0x0000000000240de0        0x0 window.o
 .data          0x0000000000240de0        0x0 md5.o
 .data          0x0000000000240de0        0x0 list.o
 .data          0x0000000000240de0        0x0 cache.o
 .data          0x0000000000240de0        0x0 queue.o
 .data          0x0000000000240de0        0x0 /usr/lib/gcc/x86_64-linux-gnu/4.4.5/crtendS.o
 .data          0x0000000000240de0        0x0 /usr/lib/gcc/x86_64-linux-gnu/4.4.5/../../../../lib/crtn.o

.data1
 *(.data1)
                0x0000000000240de0                _edata = .
                0x0000000000240de0                PROVIDE (edata, .)
                0x0000000000240de0                __bss_start = .

.bss            0x0000000000240de0      0x568
 *(.dynbss)
 .dynbss        0x0000000000000000        0x0 /usr/lib/gcc/x86_64-linux-gnu/4.4.5/../../../../lib/crti.o
 *(.bss .bss.* .gnu.linkonce.b.*)
 .bss           0x0000000000240de0        0x0 /usr/lib/gcc/x86_64-linux-gnu/4.4.5/../../../../lib/crti.o
 .bss           0x0000000000240de0       0x10 /usr/lib/gcc/x86_64-linux-gnu/4.4.5/crtbeginS.o
 .bss           0x0000000000240df0        0x0 channel.o
 *fill*         0x0000000000240df0       0x10 00
 .bss           0x0000000000240e00      0x270 core.o
                0x0000000000240e00                _ZN4CUDT11s_UDTUnitedE
 *fill*         0x0000000000241070       0x10 00
 .bss           0x0000000000241080       0x90 common.o
                0x0000000000241080                _ZN6CTimer17s_ullCPUFrequencyE
                0x00000000002410a0                _ZN6CTimer11m_EventLockE
                0x00000000002410e0                _ZN6CTimer11m_EventCondE
 .bss           0x0000000000241110        0x0 packet.o
 .bss           0x0000000000241110      0x238 com_barchart_udt_SocketUDT.o
 .bss           0x0000000000241348        0x0 api.o
 .bss           0x0000000000241348        0x0 ccc.o
 .bss           0x0000000000241348        0x0 buffer.o
 .bss           0x0000000000241348        0x0 epoll.o
 .bss           0x0000000000241348        0x0 window.o
 .bss           0x0000000000241348        0x0 md5.o
 .bss           0x0000000000241348        0x0 list.o
 .bss           0x0000000000241348        0x0 cache.o
 .bss           0x0000000000241348        0x0 queue.o
 .bss           0x0000000000241348        0x0 /usr/lib/gcc/x86_64-linux-gnu/4.4.5/crtendS.o
 .bss           0x0000000000241348        0x0 /usr/lib/gcc/x86_64-linux-gnu/4.4.5/../../../../lib/crtn.o
 *(COMMON)
                0x0000000000241348                . = ALIGN ((. != 0x0)?0x8:0x1)

.lbss
 *(.dynlbss)
 *(.lbss .lbss.* .gnu.linkonce.lb.*)
 *(LARGE_COMMON)
                0x0000000000241348                . = ALIGN (0x8)

.lrodata
 *(.lrodata .lrodata.* .gnu.linkonce.lr.*)

.ldata          0x0000000000641348        0x0
 *(.ldata .ldata.* .gnu.linkonce.l.*)
                0x0000000000641348                . = ALIGN ((. != 0x0)?0x8:0x1)
                0x0000000000641348                . = ALIGN (0x8)
                0x0000000000641348                _end = .
                0x0000000000641348                PROVIDE (end, .)
                0x0000000000641348                . = DATA_SEGMENT_END (.)

.stab
 *(.stab)

.stabstr
 *(.stabstr)

.stab.excl
 *(.stab.excl)

.stab.exclstr
 *(.stab.exclstr)

.stab.index
 *(.stab.index)

.stab.indexstr
 *(.stab.indexstr)

.comment        0x0000000000000000       0x2b
 *(.comment)
 .comment       0x0000000000000000       0x2b /usr/lib/gcc/x86_64-linux-gnu/4.4.5/crtbeginS.o
                                         0x2c (size before relaxing)
 .comment       0x0000000000000000       0x2c channel.o
 .comment       0x0000000000000000       0x2c core.o
 .comment       0x0000000000000000       0x2c common.o
 .comment       0x0000000000000000       0x2c packet.o
 .comment       0x0000000000000000       0x2c com_barchart_udt_SocketUDT.o
 .comment       0x0000000000000000       0x2c api.o
 .comment       0x0000000000000000       0x2c ccc.o
 .comment       0x0000000000000000       0x2c buffer.o
 .comment       0x0000000000000000       0x2c epoll.o
 .comment       0x0000000000000000       0x2c window.o
 .comment       0x0000000000000000       0x2c md5.o
 .comment       0x0000000000000000       0x2c list.o
 .comment       0x0000000000000000       0x2c cache.o
 .comment       0x0000000000000000       0x2c queue.o
 .comment       0x0000000000000000       0x2c /usr/lib/gcc/x86_64-linux-gnu/4.4.5/crtendS.o

.debug
 *(.debug)

.line
 *(.line)

.debug_srcinfo
 *(.debug_srcinfo)

.debug_sfnames
 *(.debug_sfnames)

.debug_aranges
 *(.debug_aranges)

.debug_pubnames
 *(.debug_pubnames)

.debug_info
 *(.debug_info .gnu.linkonce.wi.*)

.debug_abbrev
 *(.debug_abbrev)

.debug_line
 *(.debug_line)

.debug_frame
 *(.debug_frame)

.debug_str
 *(.debug_str)

.debug_loc
 *(.debug_loc)

.debug_macinfo
 *(.debug_macinfo)

.debug_weaknames
 *(.debug_weaknames)

.debug_funcnames
 *(.debug_funcnames)

.debug_typenames
 *(.debug_typenames)

.debug_varnames
 *(.debug_varnames)

.debug_pubtypes
 *(.debug_pubtypes)

.debug_ranges
 *(.debug_ranges)

.gnu.attributes
 *(.gnu.attributes)

/DISCARD/
 *(.note.GNU-stack)
 *(.gnu_debuglink)
 *(.gnu.lto_*)
OUTPUT(libSocketUDT-linux-x86-64.so elf64-x86-64)
